<html>
<body>
<pre>
<h1>礦ision Build Log</h1>
<h2>Tool Versions:</h2>
IDE-Version: μVision V5.18.0.0
Copyright (C) 2016 ARM Ltd and ARM Germany GmbH. All rights reserved.
License Information: 1231 王永懿·, 123, LIC=JDAMM-XBAVL-VHH87-ENK3R-SX4R5-JNUTN
 
Tool Versions:
Toolchain:       MDK-ARM Professional  Version: 5.18
Toolchain Path:  E:\Keil_5\ARM\ARMCC\Bin
C Compiler:      Armcc.exe V5.06 update 1 (build 61)
Assembler:       Armasm.exe V5.06 update 1 (build 61)
Linker/Locator:  ArmLink.exe V5.06 update 1 (build 61)
Library Manager: ArmAr.exe V5.06 update 1 (build 61)
Hex Converter:   FromElf.exe V5.06 update 1 (build 61)
CPU DLL:         SARMCM3.DLL V5.18
Dialog DLL:      DARMSTM.DLL V1.65.0.0
Target DLL:      STLink\ST-LINKIII-KEIL_SWO.dll V2.0.18.0
Dialog DLL:      TARMSTM.DLL V1.64.0.0
 
<h2>Project:</h2>
E:\GitKraken\MyProject\RocketControl\RocketControl.uvprojx
Project File Date:  01/30/2022

<h2>Output:</h2>
*** Using Compiler 'V5.06 update 1 (build 61)', folder: 'E:\Keil_5\ARM\ARMCC\Bin'
Build target 'mpu6050'
compiling main.c...
User\main.c(40): warning:  #1293-D: assignment in condition
  	while(temp = mpu_dmp_init()){							//MPU6050 DMP功?艹?始化 返??值为1?虺?始化失??
User\main.c: 1 warning, 0 errors
linking...
Program Size: Code=30670 RO-data=3930 RW-data=204 ZI-data=11700  
FromELF: creating hex file...
".\Objects\RocketControl.axf" - 0 Error(s), 1 Warning(s).

<h2>Collection of Component include folders:</h2>
  E:\GitKraken\MyProject\RocketControl\RTE
  E:\Keil_5\BACKUP\Keil uvision5 MDK版\Keil\STM32F1xx_DFP\2.1.0\Device\Include

<h2>Collection of Component Files used:</h2>
Build Time Elapsed:  00:00:01
</pre>
</body>
</html>
