Component: ARM Compiler 5.06 update 1 (build 61) Tool: armlink [4d35a8]

==============================================================================

Section Cross References

    delay.o(i.delay_init) refers to misc.o(i.SysTick_CLKSourceConfig) for SysTick_CLKSourceConfig
    delay.o(i.delay_init) refers to system_stm32f10x.o(.data) for SystemCoreClock
    delay.o(i.delay_init) refers to delay.o(.data) for fac_us
    delay.o(i.delay_ms) refers to delay.o(.data) for fac_ms
    delay.o(i.delay_us) refers to delay.o(.data) for fac_us
    usart.o(i.USART1_IRQHandler) refers (Special) to use_no_semi_2.o(.text) for __use_no_semihosting
    usart.o(i.USART1_IRQHandler) refers to _printf_percent.o(.ARM.Collect$$_printf_percent$$00000000) for _printf_percent
    usart.o(i.USART1_IRQHandler) refers to _printf_c.o(.ARM.Collect$$_printf_percent$$00000013) for _printf_c
    usart.o(i.USART1_IRQHandler) refers to _printf_str.o(.text) for _printf_str
    usart.o(i.USART1_IRQHandler) refers to stm32f10x_usart.o(i.USART_GetITStatus) for USART_GetITStatus
    usart.o(i.USART1_IRQHandler) refers to stm32f10x_usart.o(i.USART_ReceiveData) for USART_ReceiveData
    usart.o(i.USART1_IRQHandler) refers to __2printf.o(.text) for __2printf
    usart.o(i.USART1_IRQHandler) refers to usart.o(.data) for USART1_RX_STA
    usart.o(i.USART1_IRQHandler) refers to usart.o(.bss) for USART1_RX_BUF
    usart.o(i.USART1_Init) refers (Special) to use_no_semi_2.o(.text) for __use_no_semihosting
    usart.o(i.USART1_Init) refers to stm32f10x_rcc.o(i.RCC_APB2PeriphClockCmd) for RCC_APB2PeriphClockCmd
    usart.o(i.USART1_Init) refers to stm32f10x_gpio.o(i.GPIO_Init) for GPIO_Init
    usart.o(i.USART1_Init) refers to misc.o(i.NVIC_Init) for NVIC_Init
    usart.o(i.USART1_Init) refers to stm32f10x_usart.o(i.USART_Init) for USART_Init
    usart.o(i.USART1_Init) refers to stm32f10x_usart.o(i.USART_ITConfig) for USART_ITConfig
    usart.o(i.USART1_Init) refers to stm32f10x_usart.o(i.USART_Cmd) for USART_Cmd
    usart.o(i.USART1_printf) refers (Special) to use_no_semi_2.o(.text) for __use_no_semihosting
    usart.o(i.USART1_printf) refers to c89vsnprintf.o(.text) for __c89vsnprintf
    usart.o(i.USART1_printf) refers to stm32f10x_usart.o(i.USART_SendData) for USART_SendData
    usart.o(i.USART1_printf) refers to stm32f10x_usart.o(i.USART_GetFlagStatus) for USART_GetFlagStatus
    usart.o(i.USART1_printf) refers to strlen.o(.text) for strlen
    usart.o(i.USART3_IRQHandler) refers (Special) to use_no_semi_2.o(.text) for __use_no_semihosting
    usart.o(i.USART3_IRQHandler) refers to stm32f10x_usart.o(i.USART_GetITStatus) for USART_GetITStatus
    usart.o(i.USART3_IRQHandler) refers to stm32f10x_usart.o(i.USART_ReceiveData) for USART_ReceiveData
    usart.o(i.USART3_IRQHandler) refers to usart.o(.data) for USART3_RX_STA
    usart.o(i.USART3_Init) refers (Special) to use_no_semi_2.o(.text) for __use_no_semihosting
    usart.o(i.USART3_Init) refers to stm32f10x_rcc.o(i.RCC_APB2PeriphClockCmd) for RCC_APB2PeriphClockCmd
    usart.o(i.USART3_Init) refers to stm32f10x_rcc.o(i.RCC_APB1PeriphClockCmd) for RCC_APB1PeriphClockCmd
    usart.o(i.USART3_Init) refers to stm32f10x_gpio.o(i.GPIO_Init) for GPIO_Init
    usart.o(i.USART3_Init) refers to misc.o(i.NVIC_PriorityGroupConfig) for NVIC_PriorityGroupConfig
    usart.o(i.USART3_Init) refers to misc.o(i.NVIC_Init) for NVIC_Init
    usart.o(i.USART3_Init) refers to stm32f10x_usart.o(i.USART_Init) for USART_Init
    usart.o(i.USART3_Init) refers to stm32f10x_usart.o(i.USART_ITConfig) for USART_ITConfig
    usart.o(i.USART3_Init) refers to stm32f10x_usart.o(i.USART_Cmd) for USART_Cmd
    usart.o(i.USART3_printf) refers (Special) to use_no_semi_2.o(.text) for __use_no_semihosting
    usart.o(i.USART3_printf) refers to c89vsnprintf.o(.text) for __c89vsnprintf
    usart.o(i.USART3_printf) refers to stm32f10x_usart.o(i.USART_SendData) for USART_SendData
    usart.o(i.USART3_printf) refers to stm32f10x_usart.o(i.USART_GetFlagStatus) for USART_GetFlagStatus
    usart.o(i.USART3_printf) refers to strlen.o(.text) for strlen
    usart.o(i._sys_exit) refers (Special) to use_no_semi_2.o(.text) for __use_no_semihosting
    usart.o(i.fputc) refers (Special) to use_no_semi_2.o(.text) for __use_no_semihosting
    usart.o(.bss) refers (Special) to use_no_semi_2.o(.text) for __use_no_semihosting
    usart.o(.data) refers (Special) to use_no_semi_2.o(.text) for __use_no_semihosting
    system_stm32f10x.o(i.SetSysClock) refers to system_stm32f10x.o(i.SetSysClockTo72) for SetSysClockTo72
    system_stm32f10x.o(i.SystemCoreClockUpdate) refers to system_stm32f10x.o(.data) for SystemCoreClock
    system_stm32f10x.o(i.SystemInit) refers to system_stm32f10x.o(i.SetSysClock) for SetSysClock
    startup_stm32f10x_md.o(STACK) refers (Special) to heapauxi.o(.text) for __use_two_region_memory
[...]
    i.SysTick_CLKSourceConfig                0x08002080   Section        0  misc.o(i.SysTick_CLKSourceConfig)
    i.SystemInit                             0x080020a8   Section        0  system_stm32f10x.o(i.SystemInit)
    i.USART1_IRQHandler                      0x08002108   Section        0  usart.o(i.USART1_IRQHandler)
    i.USART1_Init                            0x0800219c   Section        0  usart.o(i.USART1_Init)
    i.USART3_IRQHandler                      0x0800223c   Section        0  usart.o(i.USART3_IRQHandler)
    i.USART_Cmd                              0x08002274   Section        0  stm32f10x_usart.o(i.USART_Cmd)
    i.USART_GetITStatus                      0x0800228c   Section        0  stm32f10x_usart.o(i.USART_GetITStatus)
    i.USART_ITConfig                         0x080022e0   Section        0  stm32f10x_usart.o(i.USART_ITConfig)
    i.USART_Init                             0x0800232c   Section        0  stm32f10x_usart.o(i.USART_Init)
    i.USART_ReceiveData                      0x08002404   Section        0  stm32f10x_usart.o(i.USART_ReceiveData)
    i.UsageFault_Handler                     0x0800240e   Section        0  stm32f10x_it.o(i.UsageFault_Handler)
    i.__ARM_fpclassify                       0x08002412   Section        0  fpclassify.o(i.__ARM_fpclassify)
    i.__kernel_poly                          0x0800243a   Section        0  poly.o(i.__kernel_poly)
    i.__mathlib_dbl_infnan                   0x080024e4   Section        0  dunder.o(i.__mathlib_dbl_infnan)
    i.__mathlib_dbl_infnan2                  0x080024ea   Section        0  dunder.o(i.__mathlib_dbl_infnan2)
    i.__mathlib_dbl_invalid                  0x080024ee   Section        0  dunder.o(i.__mathlib_dbl_invalid)
    i.__mathlib_dbl_underflow                0x080024fc   Section        0  dunder.o(i.__mathlib_dbl_underflow)
    i._is_digit                              0x0800250c   Section        0  __printf_wp.o(i._is_digit)
    i._sys_exit                              0x0800251a   Section        0  usart.o(i._sys_exit)
    i.accel_self_test                        0x08002520   Section        0  inv_mpu.o(i.accel_self_test)
    accel_self_test                          0x08002521   Thumb Code   164  inv_mpu.o(i.accel_self_test)
    i.asin                                   0x080025c8   Section        0  asin.o(i.asin)
    i.atan                                   0x08002838   Section        0  atan.o(i.atan)
    i.atan2                                  0x08002a58   Section        0  atan2.o(i.atan2)
    i.decode_gesture                         0x08002bd8   Section        0  inv_mpu_dmp_motion_driver.o(i.decode_gesture)
    decode_gesture                           0x08002bd9   Thumb Code    94  inv_mpu_dmp_motion_driver.o(i.decode_gesture)
    i.delay_init                             0x08002c3c   Section        0  delay.o(i.delay_init)
    i.delay_ms                               0x08002c80   Section        0  delay.o(i.delay_ms)
    i.delay_us                               0x08002ccc   Section        0  delay.o(i.delay_us)
    i.dmp_enable_6x_lp_quat                  0x08002d18   Section        0  inv_mpu_dmp_motion_driver.o(i.dmp_enable_6x_lp_quat)
    i.dmp_enable_feature                     0x08002d54   Section        0  inv_mpu_dmp_motion_driver.o(i.dmp_enable_feature)
    i.dmp_enable_gyro_cal                    0x08002f70   Section        0  inv_mpu_dmp_motion_driver.o(i.dmp_enable_gyro_cal)
    i.dmp_enable_lp_quat                     0x08002fc8   Section        0  inv_mpu_dmp_motion_driver.o(i.dmp_enable_lp_quat)
    i.dmp_load_motion_driver_firmware        0x08003004   Section        0  inv_mpu_dmp_motion_driver.o(i.dmp_load_motion_driver_firmware)
    i.dmp_read_fifo                          0x0800301c   Section        0  inv_mpu_dmp_motion_driver.o(i.dmp_read_fifo)
    i.dmp_set_accel_bias                     0x080031e8   Section        0  inv_mpu_dmp_motion_driver.o(i.dmp_set_accel_bias)
    i.dmp_set_fifo_rate                      0x08003318   Section        0  inv_mpu_dmp_motion_driver.o(i.dmp_set_fifo_rate)
    i.dmp_set_gyro_bias                      0x08003388   Section        0  inv_mpu_dmp_motion_driver.o(i.dmp_set_gyro_bias)
    i.dmp_set_orientation                    0x080034b8   Section        0  inv_mpu_dmp_motion_driver.o(i.dmp_set_orientation)
    i.dmp_set_shake_reject_thresh            0x080035f0   Section        0  inv_mpu_dmp_motion_driver.o(i.dmp_set_shake_reject_thresh)
    i.dmp_set_shake_reject_time              0x08003628   Section        0  inv_mpu_dmp_motion_driver.o(i.dmp_set_shake_reject_time)
    i.dmp_set_shake_reject_timeout           0x0800364e   Section        0  inv_mpu_dmp_motion_driver.o(i.dmp_set_shake_reject_timeout)
    i.dmp_set_tap_axes                       0x08003674   Section        0  inv_mpu_dmp_motion_driver.o(i.dmp_set_tap_axes)
    i.dmp_set_tap_count                      0x080036ba   Section        0  inv_mpu_dmp_motion_driver.o(i.dmp_set_tap_count)
    i.dmp_set_tap_thresh                     0x080036e0   Section        0  inv_mpu_dmp_motion_driver.o(i.dmp_set_tap_thresh)
    i.dmp_set_tap_time                       0x08003880   Section        0  inv_mpu_dmp_motion_driver.o(i.dmp_set_tap_time)
    i.dmp_set_tap_time_multi                 0x080038a6   Section        0  inv_mpu_dmp_motion_driver.o(i.dmp_set_tap_time_multi)
    i.fputc                                  0x080038cc   Section        0  usart.o(i.fputc)
    i.get_accel_prod_shift                   0x080038e8   Section        0  inv_mpu.o(i.get_accel_prod_shift)
    get_accel_prod_shift                     0x080038e9   Thumb Code   168  inv_mpu.o(i.get_accel_prod_shift)
    i.get_st_biases                          0x0800399c   Section        0  inv_mpu.o(i.get_st_biases)
    get_st_biases                            0x0800399d   Thumb Code  1132  inv_mpu.o(i.get_st_biases)
    i.gyro_self_test                         0x08003e0c   Section        0  inv_mpu.o(i.gyro_self_test)
    gyro_self_test                           0x08003e0d   Thumb Code   256  inv_mpu.o(i.gyro_self_test)
    i.inv_orientation_matrix_to_scalar       0x08003f1c   Section        0  inv_mpu.o(i.inv_orientation_matrix_to_scalar)
    i.inv_row_2_scale                        0x08003f44   Section        0  inv_mpu.o(i.inv_row_2_scale)
    i.main                                   0x08003f94   Section        0  main.o(i.main)
    i.mget_ms                                0x08004088   Section        0  inv_mpu.o(i.mget_ms)
    i.mpu_configure_fifo                     0x0800408c   Section        0  inv_mpu.o(i.mpu_configure_fifo)
    i.mpu_dmp_get_data                       0x080040fc   Section        0  inv_mpu.o(i.mpu_dmp_get_data)
    i.mpu_dmp_init                           0x08004330   Section        0  inv_mpu.o(i.mpu_dmp_init)
    i.mpu_get_accel_fsr                      0x080043d0   Section        0  inv_mpu.o(i.mpu_get_accel_fsr)
    i.mpu_get_accel_sens                     0x0800441c   Section        0  inv_mpu.o(i.mpu_get_accel_sens)
    i.mpu_get_fifo_config                    0x08004470   Section        0  inv_mpu.o(i.mpu_get_fifo_config)
    i.mpu_get_gyro_fsr                       0x08004480   Section        0  inv_mpu.o(i.mpu_get_gyro_fsr)
    i.mpu_get_gyro_sens                      0x080044c4   Section        0  inv_mpu.o(i.mpu_get_gyro_sens)
    i.mpu_get_lpf                            0x08004514   Section        0  inv_mpu.o(i.mpu_get_lpf)
    i.mpu_get_sample_rate                    0x08004564   Section        0  inv_mpu.o(i.mpu_get_sample_rate)
    i.mpu_init                               0x08004584   Section        0  inv_mpu.o(i.mpu_init)
    i.mpu_load_firmware                      0x08004774   Section        0  inv_mpu.o(i.mpu_load_firmware)
    i.mpu_lp_accel_mode                      0x0800482c   Section        0  inv_mpu.o(i.mpu_lp_accel_mode)
    i.mpu_read_fifo_stream                   0x0800490c   Section        0  inv_mpu.o(i.mpu_read_fifo_stream)
    i.mpu_read_mem                           0x080049cc   Section        0  inv_mpu.o(i.mpu_read_mem)
    i.mpu_reset_fifo                         0x08004a4c   Section        0  inv_mpu.o(i.mpu_reset_fifo)
    i.mpu_run_self_test                      0x08004c14   Section        0  inv_mpu.o(i.mpu_run_self_test)
    i.mpu_set_accel_fsr                      0x08004d30   Section        0  inv_mpu.o(i.mpu_set_accel_fsr)
    i.mpu_set_bypass                         0x08004db4   Section        0  inv_mpu.o(i.mpu_set_bypass)
    i.mpu_set_dmp_state                      0x08004f00   Section        0  inv_mpu.o(i.mpu_set_dmp_state)
    i.mpu_set_gyro_fsr                       0x08004f90   Section        0  inv_mpu.o(i.mpu_set_gyro_fsr)
    i.mpu_set_int_latched                    0x08005018   Section        0  inv_mpu.o(i.mpu_set_int_latched)
    i.mpu_set_lpf                            0x08005084   Section        0  inv_mpu.o(i.mpu_set_lpf)
    i.mpu_set_sample_rate                    0x08005108   Section        0  inv_mpu.o(i.mpu_set_sample_rate)
    i.mpu_set_sensors                        0x080051a4   Section        0  inv_mpu.o(i.mpu_set_sensors)
    i.mpu_write_mem                          0x08005274   Section        0  inv_mpu.o(i.mpu_write_mem)
    i.run_self_test                          0x080052f4   Section        0  inv_mpu.o(i.run_self_test)
    i.set_int_enable                         0x08005388   Section        0  inv_mpu.o(i.set_int_enable)
    set_int_enable                           0x08005389   Thumb Code   138  inv_mpu.o(i.set_int_enable)
    i.sqrt                                   0x08005418   Section        0  sqrt.o(i.sqrt)
    locale$$code                             0x08005464   Section       44  lc_numeric_c.o(locale$$code)
    x$fpl$d2f                                0x08005490   Section       98  d2f.o(x$fpl$d2f)
    x$fpl$dadd                               0x080054f4   Section      336  daddsub_clz.o(x$fpl$dadd)
    _dadd1                                   0x08005505   Thumb Code     0  daddsub_clz.o(x$fpl$dadd)
    x$fpl$dcheck1                            0x08005644   Section       16  dcheck1.o(x$fpl$dcheck1)
    x$fpl$ddiv                               0x08005654   Section      688  ddiv.o(x$fpl$ddiv)
    ddiv_entry                               0x0800565b   Thumb Code     0  ddiv.o(x$fpl$ddiv)
    x$fpl$dmul                               0x08005904   Section      340  dmul.o(x$fpl$dmul)
    x$fpl$dnaninf                            0x08005a58   Section      156  dnaninf.o(x$fpl$dnaninf)
    x$fpl$dretinf                            0x08005af4   Section       12  dretinf.o(x$fpl$dretinf)
    x$fpl$drsb                               0x08005b00   Section       22  daddsub_clz.o(x$fpl$drsb)
    x$fpl$dsqrt                              0x08005b18   Section      460  dsqrt_noumaal.o(x$fpl$dsqrt)
    x$fpl$dsub                               0x08005ce4   Section      468  daddsub_clz.o(x$fpl$dsub)
    _dsub1                                   0x08005cf5   Thumb Code     0  daddsub_clz.o(x$fpl$dsub)
    x$fpl$f2d                                0x08005eb8   Section       86  f2d.o(x$fpl$f2d)
    x$fpl$fadd                               0x08005f10   Section      196  faddsub_clz.o(x$fpl$fadd)
    _fadd1                                   0x08005f1f   Thumb Code     0  faddsub_clz.o(x$fpl$fadd)
    x$fpl$fcmpinf                            0x08005fd4   Section       24  fcmpi.o(x$fpl$fcmpinf)
    x$fpl$fdiv                               0x08005fec   Section      388  fdiv.o(x$fpl$fdiv)
    _fdiv1                                   0x08005fed   Thumb Code     0  fdiv.o(x$fpl$fdiv)
    x$fpl$feqf                               0x08006170   Section      104  feqf.o(x$fpl$feqf)
    x$fpl$ffix                               0x080061d8   Section       54  ffix.o(x$fpl$ffix)
    x$fpl$ffixu                              0x08006210   Section       62  ffixu.o(x$fpl$ffixu)
    x$fpl$fflt                               0x08006250   Section       48  fflt_clz.o(x$fpl$fflt)
    x$fpl$ffltu                              0x08006280   Section       38  fflt_clz.o(x$fpl$ffltu)
    x$fpl$fleqf                              0x080062a8   Section      104  fleqf.o(x$fpl$fleqf)
    x$fpl$fmul                               0x08006310   Section      258  fmul.o(x$fpl$fmul)
    x$fpl$fnaninf                            0x08006412   Section      140  fnaninf.o(x$fpl$fnaninf)
    x$fpl$fretinf                            0x0800649e   Section       10  fretinf.o(x$fpl$fretinf)
    x$fpl$frleqf                             0x080064a8   Section       98  frleqf.o(x$fpl$frleqf)
    x$fpl$fsub                               0x0800650c   Section      234  faddsub_clz.o(x$fpl$fsub)
    _fsub1                                   0x0800651b   Thumb Code     0  faddsub_clz.o(x$fpl$fsub)
    x$fpl$printf1                            0x080065f6   Section        4  printf1.o(x$fpl$printf1)
    x$fpl$retnan                             0x080065fa   Section      100  retnan.o(x$fpl$retnan)
    x$fpl$scalbn                             0x0800665e   Section       92  scalbn.o(x$fpl$scalbn)
    x$fpl$trapveneer                         0x080066ba   Section       48  trapv.o(x$fpl$trapveneer)
    x$fpl$usenofp                            0x080066ea   Section        0  usenofp.o(x$fpl$usenofp)
    .constdata                               0x080066ec   Section       80  inv_mpu.o(.constdata)
    .constdata                               0x0800673c   Section     3062  inv_mpu_dmp_motion_driver.o(.constdata)
    dmp_memory                               0x0800673c   Data        3062  inv_mpu_dmp_motion_driver.o(.constdata)
    .constdata                               0x08007332   Section       17  __printf_flags_ss_wp.o(.constdata)
    maptable                                 0x08007332   Data          17  __printf_flags_ss_wp.o(.constdata)
    .constdata                               0x08007348   Section       80  asin.o(.constdata)
    pS                                       0x08007348   Data          48  asin.o(.constdata)
    qS                                       0x08007378   Data          32  asin.o(.constdata)
    .constdata                               0x08007398   Section      152  atan.o(.constdata)
    atanhi                                   0x08007398   Data          32  atan.o(.constdata)
    atanlo                                   0x080073b8   Data          32  atan.o(.constdata)
    aTodd                                    0x080073d8   Data          40  atan.o(.constdata)
    aTeven                                   0x08007400   Data          48  atan.o(.constdata)
    .constdata                               0x08007430   Section        8  qnan.o(.constdata)
    .constdata                               0x08007438   Section      148  bigflt0.o(.constdata)
    tenpwrs_x                                0x08007438   Data          60  bigflt0.o(.constdata)
    tenpwrs_i                                0x08007474   Data          64  bigflt0.o(.constdata)
    .conststring                             0x080074cc   Section       77  inv_mpu.o(.conststring)
    locale$$data                             0x0800753c   Section       28  lc_numeric_c.o(locale$$data)
    __lcnum_c_name                           0x08007540   Data           2  lc_numeric_c.o(locale$$data)
    __lcnum_c_start                          0x08007548   Data           0  lc_numeric_c.o(locale$$data)
    __lcnum_c_point                          0x08007554   Data           0  lc_numeric_c.o(locale$$data)
    __lcnum_c_thousands                      0x08007556   Data           0  lc_numeric_c.o(locale$$data)
    __lcnum_c_grouping                       0x08007557   Data           0  lc_numeric_c.o(locale$$data)
    __lcnum_c_end                            0x08007558   Data           0  lc_numeric_c.o(locale$$data)
    .data                                    0x20000000   Section        4  delay.o(.data)
    fac_us                                   0x20000000   Data           1  delay.o(.data)
    fac_ms                                   0x20000002   Data           2  delay.o(.data)
    .data                                    0x20000004   Section        8  usart.o(.data)
    .data                                    0x2000000c   Section       20  system_stm32f10x.o(.data)
    .data                                    0x20000020   Section       20  stm32f10x_rcc.o(.data)
    APBAHBPrescTable                         0x20000020   Data          16  stm32f10x_rcc.o(.data)
    ADCPrescTable                            0x20000030   Data           4  stm32f10x_rcc.o(.data)
    .data                                    0x20000034   Section        4  main.o(.data)
    .data                                    0x20000038   Section       53  inv_mpu.o(.data)
    st                                       0x20000038   Data          44  inv_mpu.o(.data)
    gyro_orientation                         0x20000064   Data           9  inv_mpu.o(.data)
    .bss                                     0x20000070   Section      400  usart.o(.bss)
    .bss                                     0x20000200   Section       52  main.o(.bss)
    .bss                                     0x20000234   Section       16  inv_mpu_dmp_motion_driver.o(.bss)
    dmp                                      0x20000234   Data          16  inv_mpu_dmp_motion_driver.o(.bss)
    .bss                                     0x20000244   Section       96  libspace.o(.bss)
    HEAP                                     0x200002a8   Section      512  startup_stm32f10x_md.o(HEAP)
    Heap_Mem                                 0x200002a8   Data         512  startup_stm32f10x_md.o(HEAP)
    STACK                                    0x200004a8   Section     1024  startup_stm32f10x_md.o(STACK)
    Stack_Mem                                0x200004a8   Data        1024  startup_stm32f10x_md.o(STACK)
    __initial_sp                             0x200008a8   Data           0  startup_stm32f10x_md.o(STACK)

    Global Symbols

    Symbol Name                              Value     Ov Type        Size  Object(Section)

    BuildAttributes$$THM_ISAv4$P$D$K$B$S$PE$A:L22UL41UL21$X:L11$S22US41US21$IEEE1$IW$USESV6$~STKCKD$USESV7$~SHL$OTIME$ROPI$IEEEX$EBA8$UX$STANDARDLIB$REQ8$PRES8$EABIv2 0x00000000   Number         0  anon$$obj.o ABSOLUTE
    __ARM_use_no_argv                        0x00000000   Number         0  main.o ABSOLUTE
    _printf_flags                            0x00000000   Number         0  printf_stubs.o ABSOLUTE
    _printf_return_value                     0x00000000   Number         0  printf_stubs.o ABSOLUTE
    _printf_sizespec                         0x00000000   Number         0  printf_stubs.o ABSOLUTE
    _printf_widthprec                        0x00000000   Number         0  printf_stubs.o ABSOLUTE
    __ARM_exceptions_init                     - Undefined Weak Reference
    __alloca_initialize                       - Undefined Weak Reference
    __arm_preinit_                            - Undefined Weak Reference
    __cpp_initialize__aeabi_                  - Undefined Weak Reference
    __cxa_finalize                            - Undefined Weak Reference
    __sigvec_lookup                           - Undefined Weak Reference
    _atexit_init                              - Undefined Weak Reference
    _call_atexit_fns                          - Undefined Weak Reference
    _clock_init                               - Undefined Weak Reference
    _fp_trap_init                             - Undefined Weak Reference
    _fp_trap_shutdown                         - Undefined Weak Reference
    _get_lc_collate                           - Undefined Weak Reference
    _get_lc_monetary                          - Undefined Weak Reference
    _get_lc_time                              - Undefined Weak Reference
    _getenv_init                              - Undefined Weak Reference
    _handle_redirection                       - Undefined Weak Reference
    _init_alloc                               - Undefined Weak Reference
    _init_user_alloc                          - Undefined Weak Reference
    _initio                                   - Undefined Weak Reference
    _mutex_acquire                            - Undefined Weak Reference
    _mutex_release                            - Undefined Weak Reference
    _printf_fp_hex                            - Undefined Weak Reference
    _printf_mbtowc                            - Undefined Weak Reference
    _printf_wc                                - Undefined Weak Reference
    _rand_init                                - Undefined Weak Reference
    _signal_finish                            - Undefined Weak Reference
    _signal_init                              - Undefined Weak Reference
    _terminate_alloc                          - Undefined Weak Reference
    _terminate_user_alloc                     - Undefined Weak Reference
    _terminateio                              - Undefined Weak Reference
    __Vectors_Size                           0x000000ec   Number         0  startup_stm32f10x_md.o ABSOLUTE
    __Vectors                                0x08000000   Data           4  startup_stm32f10x_md.o(RESET)
    __Vectors_End                            0x080000ec   Data           0  startup_stm32f10x_md.o(RESET)
    __main                                   0x080000ed   Thumb Code     8  __main.o(!!!main)
    __scatterload                            0x080000f5   Thumb Code     0  __scatter.o(!!!scatter)
    __scatterload_rt2                        0x080000f5   Thumb Code    44  __scatter.o(!!!scatter)
    __scatterload_rt2_thumb_only             0x080000f5   Thumb Code     0  __scatter.o(!!!scatter)
    __scatterload_null                       0x08000103   Thumb Code     0  __scatter.o(!!!scatter)
    __scatterload_copy                       0x08000129   Thumb Code    26  __scatter_copy.o(!!handler_copy)
    __scatterload_zeroinit                   0x08000145   Thumb Code    28  __scatter_zi.o(!!handler_zi)
    _printf_f                                0x08000161   Thumb Code     0  _printf_f.o(.ARM.Collect$$_printf_percent$$00000003)
    _printf_percent                          0x08000161   Thumb Code     0  _printf_percent.o(.ARM.Collect$$_printf_percent$$00000000)
    _printf_d                                0x08000167   Thumb Code     0  _printf_d.o(.ARM.Collect$$_printf_percent$$00000009)
    _printf_c                                0x0800016d   Thumb Code     0  _printf_c.o(.ARM.Collect$$_printf_percent$$00000013)
    _printf_percent_end                      0x08000173   Thumb Code     0  _printf_percent_end.o(.ARM.Collect$$_printf_percent$$00000017)
    __rt_lib_init                            0x08000177   Thumb Code     0  libinit.o(.ARM.Collect$$libinit$$00000000)
    __rt_lib_init_fp_1                       0x08000179   Thumb Code     0  libinit2.o(.ARM.Collect$$libinit$$00000002)
    __rt_lib_init_heap_1                     0x08000179   Thumb Code     0  libinit2.o(.ARM.Collect$$libinit$$0000000A)
    __rt_lib_init_lc_common                  0x08000179   Thumb Code     0  libinit2.o(.ARM.Collect$$libinit$$0000000F)
    __rt_lib_init_preinit_1                  0x08000179   Thumb Code     0  libinit2.o(.ARM.Collect$$libinit$$00000004)
    __rt_lib_init_rand_1                     0x08000179   Thumb Code     0  libinit2.o(.ARM.Collect$$libinit$$0000000E)
    __rt_lib_init_user_alloc_1               0x08000179   Thumb Code     0  libinit2.o(.ARM.Collect$$libinit$$0000000C)
    __rt_lib_init_lc_collate_1               0x0800017f   Thumb Code     0  libinit2.o(.ARM.Collect$$libinit$$00000011)
    __rt_lib_init_lc_ctype_1                 0x0800017f   Thumb Code     0  libinit2.o(.ARM.Collect$$libinit$$00000013)
    __rt_lib_init_lc_monetary_1              0x0800017f   Thumb Code     0  libinit2.o(.ARM.Collect$$libinit$$00000015)
    __rt_lib_init_lc_numeric_2               0x0800017f   Thumb Code     0  libinit2.o(.ARM.Collect$$libinit$$00000016)
    __rt_lib_init_alloca_1                   0x08000189   Thumb Code     0  libinit2.o(.ARM.Collect$$libinit$$0000002E)
    __rt_lib_init_argv_1                     0x08000189   Thumb Code     0  libinit2.o(.ARM.Collect$$libinit$$0000002C)
    __rt_lib_init_atexit_1                   0x08000189   Thumb Code     0  libinit2.o(.ARM.Collect$$libinit$$0000001B)
    __rt_lib_init_clock_1                    0x08000189   Thumb Code     0  libinit2.o(.ARM.Collect$$libinit$$00000021)
    __rt_lib_init_cpp_1                      0x08000189   Thumb Code     0  libinit2.o(.ARM.Collect$$libinit$$00000032)
    __rt_lib_init_exceptions_1               0x08000189   Thumb Code     0  libinit2.o(.ARM.Collect$$libinit$$00000030)
    __rt_lib_init_fp_trap_1                  0x08000189   Thumb Code     0  libinit2.o(.ARM.Collect$$libinit$$0000001F)
    __rt_lib_init_getenv_1                   0x08000189   Thumb Code     0  libinit2.o(.ARM.Collect$$libinit$$00000023)
    __rt_lib_init_lc_numeric_1               0x08000189   Thumb Code     0  libinit2.o(.ARM.Collect$$libinit$$00000017)
    __rt_lib_init_lc_time_1                  0x08000189   Thumb Code     0  libinit2.o(.ARM.Collect$$libinit$$00000019)
    __rt_lib_init_return                     0x08000189   Thumb Code     0  libinit2.o(.ARM.Collect$$libinit$$00000033)
    __rt_lib_init_signal_1                   0x08000189   Thumb Code     0  libinit2.o(.ARM.Collect$$libinit$$0000001D)
    __rt_lib_init_stdio_1                    0x08000189   Thumb Code     0  libinit2.o(.ARM.Collect$$libinit$$00000025)
    __rt_lib_shutdown                        0x0800018b   Thumb Code     0  libshutdown.o(.ARM.Collect$$libshutdown$$00000000)
    __rt_lib_shutdown_cpp_1                  0x0800018d   Thumb Code     0  libshutdown2.o(.ARM.Collect$$libshutdown$$00000002)
    __rt_lib_shutdown_fp_trap_1              0x0800018d   Thumb Code     0  libshutdown2.o(.ARM.Collect$$libshutdown$$00000007)
    __rt_lib_shutdown_heap_1                 0x0800018d   Thumb Code     0  libshutdown2.o(.ARM.Collect$$libshutdown$$0000000F)
    __rt_lib_shutdown_return                 0x0800018d   Thumb Code     0  libshutdown2.o(.ARM.Collect$$libshutdown$$00000010)
    __rt_lib_shutdown_signal_1               0x0800018d   Thumb Code     0  libshutdown2.o(.ARM.Collect$$libshutdown$$0000000A)
    __rt_lib_shutdown_stdio_1                0x0800018d   Thumb Code     0  libshutdown2.o(.ARM.Collect$$libshutdown$$00000004)
    __rt_lib_shutdown_user_alloc_1           0x0800018d   Thumb Code     0  libshutdown2.o(.ARM.Collect$$libshutdown$$0000000C)
    __rt_entry                               0x0800018f   Thumb Code     0  __rtentry.o(.ARM.Collect$$rtentry$$00000000)
    __rt_entry_presh_1                       0x0800018f   Thumb Code     0  __rtentry2.o(.ARM.Collect$$rtentry$$00000002)
    __rt_entry_sh                            0x0800018f   Thumb Code     0  __rtentry4.o(.ARM.Collect$$rtentry$$00000004)
    __rt_entry_li                            0x08000195   Thumb Code     0  __rtentry2.o(.ARM.Collect$$rtentry$$0000000A)
    __rt_entry_postsh_1                      0x08000195   Thumb Code     0  __rtentry2.o(.ARM.Collect$$rtentry$$00000009)
    __rt_entry_main                          0x08000199   Thumb Code     0  __rtentry2.o(.ARM.Collect$$rtentry$$0000000D)
    __rt_entry_postli_1                      0x08000199   Thumb Code     0  __rtentry2.o(.ARM.Collect$$rtentry$$0000000C)
    __rt_exit                                0x080001a1   Thumb Code     0  rtexit.o(.ARM.Collect$$rtexit$$00000000)
    __rt_exit_ls                             0x080001a3   Thumb Code     0  rtexit2.o(.ARM.Collect$$rtexit$$00000003)
    __rt_exit_prels_1                        0x080001a3   Thumb Code     0  rtexit2.o(.ARM.Collect$$rtexit$$00000002)
    __rt_exit_exit                           0x080001a7   Thumb Code     0  rtexit2.o(.ARM.Collect$$rtexit$$00000004)
    Reset_Handler                            0x080001ad   Thumb Code     8  startup_stm32f10x_md.o(.text)
    SVC_Handler                              0x080001bf   Thumb Code     2  startup_stm32f10x_md.o(.text)
    PendSV_Handler                           0x080001c3   Thumb Code     2  startup_stm32f10x_md.o(.text)
    SysTick_Handler                          0x080001c5   Thumb Code     2  startup_stm32f10x_md.o(.text)
    ADC1_2_IRQHandler                        0x080001c7   Thumb Code     0  startup_stm32f10x_md.o(.text)
    CAN1_RX1_IRQHandler                      0x080001c7   Thumb Code     0  startup_stm32f10x_md.o(.text)
    CAN1_SCE_IRQHandler                      0x080001c7   Thumb Code     0  startup_stm32f10x_md.o(.text)
    DMA1_Channel1_IRQHandler                 0x080001c7   Thumb Code     0  startup_stm32f10x_md.o(.text)
    DMA1_Channel2_IRQHandler                 0x080001c7   Thumb Code     0  startup_stm32f10x_md.o(.text)
    DMA1_Channel3_IRQHandler                 0x080001c7   Thumb Code     0  startup_stm32f10x_md.o(.text)
    DMA1_Channel4_IRQHandler                 0x080001c7   Thumb Code     0  startup_stm32f10x_md.o(.text)
    DMA1_Channel5_IRQHandler                 0x080001c7   Thumb Code     0  startup_stm32f10x_md.o(.text)
    DMA1_Channel6_IRQHandler                 0x080001c7   Thumb Code     0  startup_stm32f10x_md.o(.text)
    DMA1_Channel7_IRQHandler                 0x080001c7   Thumb Code     0  startup_stm32f10x_md.o(.text)
    EXTI15_10_IRQHandler                     0x080001c7   Thumb Code     0  startup_stm32f10x_md.o(.text)
    EXTI1_IRQHandler                         0x080001c7   Thumb Code     0  startup_stm32f10x_md.o(.text)
    EXTI2_IRQHandler                         0x080001c7   Thumb Code     0  startup_stm32f10x_md.o(.text)
    EXTI3_IRQHandler                         0x080001c7   Thumb Code     0  startup_stm32f10x_md.o(.text)
    EXTI4_IRQHandler                         0x080001c7   Thumb Code     0  startup_stm32f10x_md.o(.text)
    EXTI9_5_IRQHandler                       0x080001c7   Thumb Code     0  startup_stm32f10x_md.o(.text)
    FLASH_IRQHandler                         0x080001c7   Thumb Code     0  startup_stm32f10x_md.o(.text)
    I2C1_ER_IRQHandler                       0x080001c7   Thumb Code     0  startup_stm32f10x_md.o(.text)
    I2C1_EV_IRQHandler                       0x080001c7   Thumb Code     0  startup_stm32f10x_md.o(.text)
    I2C2_ER_IRQHandler                       0x080001c7   Thumb Code     0  startup_stm32f10x_md.o(.text)
    I2C2_EV_IRQHandler                       0x080001c7   Thumb Code     0  startup_stm32f10x_md.o(.text)
    PVD_IRQHandler                           0x080001c7   Thumb Code     0  startup_stm32f10x_md.o(.text)
    RCC_IRQHandler                           0x080001c7   Thumb Code     0  startup_stm32f10x_md.o(.text)
    RTCAlarm_IRQHandler                      0x080001c7   Thumb Code     0  startup_stm32f10x_md.o(.text)
    RTC_IRQHandler                           0x080001c7   Thumb Code     0  startup_stm32f10x_md.o(.text)
    SPI1_IRQHandler                          0x080001c7   Thumb Code     0  startup_stm32f10x_md.o(.text)
    SPI2_IRQHandler                          0x080001c7   Thumb Code     0  startup_stm32f10x_md.o(.text)
    TAMPER_IRQHandler                        0x080001c7   Thumb Code     0  startup_stm32f10x_md.o(.text)
    TIM1_BRK_IRQHandler                      0x080001c7   Thumb Code     0  startup_stm32f10x_md.o(.text)
    TIM1_CC_IRQHandler                       0x080001c7   Thumb Code     0  startup_stm32f10x_md.o(.text)
    TIM1_TRG_COM_IRQHandler                  0x080001c7   Thumb Code     0  startup_stm32f10x_md.o(.text)
    TIM1_UP_IRQHandler                       0x080001c7   Thumb Code     0  startup_stm32f10x_md.o(.text)
    TIM2_IRQHandler                          0x080001c7   Thumb Code     0  startup_stm32f10x_md.o(.text)
    TIM3_IRQHandler                          0x080001c7   Thumb Code     0  startup_stm32f10x_md.o(.text)
    TIM4_IRQHandler                          0x080001c7   Thumb Code     0  startup_stm32f10x_md.o(.text)
    USART2_IRQHandler                        0x080001c7   Thumb Code     0  startup_stm32f10x_md.o(.text)
    USBWakeUp_IRQHandler                     0x080001c7   Thumb Code     0  startup_stm32f10x_md.o(.text)
    USB_HP_CAN1_TX_IRQHandler                0x080001c7   Thumb Code     0  startup_stm32f10x_md.o(.text)
    USB_LP_CAN1_RX0_IRQHandler               0x080001c7   Thumb Code     0  startup_stm32f10x_md.o(.text)
    WWDG_IRQHandler                          0x080001c7   Thumb Code     0  startup_stm32f10x_md.o(.text)
    __user_initial_stackheap                 0x080001c9   Thumb Code     0  startup_stm32f10x_md.o(.text)
    __use_no_semihosting                     0x080001ed   Thumb Code     2  use_no_semi_2.o(.text)
    __aeabi_ldivmod                          0x080001ef   Thumb Code     0  llsdiv.o(.text)
    _ll_sdiv                                 0x080001ef   Thumb Code    72  llsdiv.o(.text)
    __2printf                                0x08000239   Thumb Code    20  __2printf.o(.text)
    _printf_str                              0x08000251   Thumb Code    82  _printf_str.o(.text)
    _printf_int_dec                          0x080002a5   Thumb Code   104  _printf_dec.o(.text)
    __printf                                 0x0800031d   Thumb Code   388  __printf_flags_ss_wp.o(.text)
    memcmp                                   0x080004a5   Thumb Code    88  memcmp.o(.text)
    __aeabi_memset                           0x080004fd   Thumb Code    16  aeabi_memset.o(.text)
    __use_two_region_memory                  0x0800050d   Thumb Code     2  heapauxi.o(.text)
    __rt_heap_escrow$2region                 0x0800050f   Thumb Code     2  heapauxi.o(.text)
    __rt_heap_expand$2region                 0x08000511   Thumb Code     2  heapauxi.o(.text)
    __I$use$semihosting                      0x08000513   Thumb Code     0  use_no_semi.o(.text)
    __use_no_semihosting_swi                 0x08000513   Thumb Code     2  use_no_semi.o(.text)
    __aeabi_uldivmod                         0x08000515   Thumb Code     0  lludivv7m.o(.text)
    _ll_udiv                                 0x08000515   Thumb Code   238  lludivv7m.o(.text)
    __read_errno                             0x08000603   Thumb Code    10  _rserrno.o(.text)
    __set_errno                              0x0800060d   Thumb Code    12  _rserrno.o(.text)
    _printf_int_common                       0x08000619   Thumb Code   178  _printf_intcommon.o(.text)
    __lib_sel_fp_printf                      0x080006cb   Thumb Code     2  _printf_fp_dec.o(.text)
    _printf_fp_dec_real                      0x08000879   Thumb Code   620  _printf_fp_dec.o(.text)
    _printf_char_common                      0x08000aef   Thumb Code    32  _printf_char_common.o(.text)
    _printf_cs_common                        0x08000b15   Thumb Code    20  _printf_char.o(.text)
    _printf_char                             0x08000b29   Thumb Code    16  _printf_char.o(.text)
    _printf_string                           0x08000b39   Thumb Code     8  _printf_char.o(.text)
    _printf_char_file                        0x08000b41   Thumb Code    32  _printf_char_file.o(.text)
    __aeabi_memclr                           0x08000b65   Thumb Code     0  rt_memclr.o(.text)
    __rt_memclr                              0x08000b65   Thumb Code    68  rt_memclr.o(.text)
    _memset                                  0x08000b69   Thumb Code     0  rt_memclr.o(.text)
    __rt_locale                              0x08000ba9   Thumb Code     8  rt_locale_intlibspace.o(.text)
    __aeabi_errno_addr                       0x08000bb1   Thumb Code     8  rt_errno_addr_intlibspace.o(.text)
    __errno$intlibspace                      0x08000bb1   Thumb Code     0  rt_errno_addr_intlibspace.o(.text)
    __rt_errno_addr$intlibspace              0x08000bb1   Thumb Code     0  rt_errno_addr_intlibspace.o(.text)
    _ll_udiv10                               0x08000bb9   Thumb Code   138  lludiv10.o(.text)
    _printf_fp_infnan                        0x08000c45   Thumb Code   112  _printf_fp_infnan.o(.text)
    _btod_etento                             0x08000cc5   Thumb Code   216  bigflt0.o(.text)
    ferror                                   0x08000da1   Thumb Code     8  ferror.o(.text)
    __aeabi_memclr4                          0x08000da9   Thumb Code     0  rt_memclr_w.o(.text)
    __aeabi_memclr8                          0x08000da9   Thumb Code     0  rt_memclr_w.o(.text)
    __rt_memclr_w                            0x08000da9   Thumb Code    78  rt_memclr_w.o(.text)
    _memset_w                                0x08000dad   Thumb Code     0  rt_memclr_w.o(.text)
    __user_libspace                          0x08000df9   Thumb Code     8  libspace.o(.text)
    __user_perproc_libspace                  0x08000df9   Thumb Code     0  libspace.o(.text)
    __user_perthread_libspace                0x08000df9   Thumb Code     0  libspace.o(.text)
    __user_setup_stackheap                   0x08000e01   Thumb Code    74  sys_stackheap_outer.o(.text)
    exit                                     0x08000e4b   Thumb Code    18  exit.o(.text)
    strcmp                                   0x08000e5d   Thumb Code   128  strcmpv7m.o(.text)
    _btod_d2e                                0x08000edd   Thumb Code    62  btod.o(CL$$btod_d2e)
    _d2e_denorm_low                          0x08000f1b   Thumb Code    70  btod.o(CL$$btod_d2e_denorm_low)
    _d2e_norm_op1                            0x08000f61   Thumb Code    96  btod.o(CL$$btod_d2e_norm_op1)
    __btod_div_common                        0x08000fc1   Thumb Code   696  btod.o(CL$$btod_div_common)
    _e2e                                     0x080012f9   Thumb Code   198  btod.o(CL$$btod_e2e)
    _btod_ediv                               0x080013bf   Thumb Code    40  btod.o(CL$$btod_ediv)
    _btod_emul                               0x080013e7   Thumb Code    40  btod.o(CL$$btod_emul)
    __btod_mult_common                       0x0800140f   Thumb Code   580  btod.o(CL$$btod_mult_common)
    BusFault_Handler                         0x08001653   Thumb Code     4  stm32f10x_it.o(i.BusFault_Handler)
    DebugMon_Handler                         0x08001657   Thumb Code     2  stm32f10x_it.o(i.DebugMon_Handler)
    EXTI0_IRQHandler                         0x08001659   Thumb Code    50  main.o(i.EXTI0_IRQHandler)
    EXTI_ClearITPendingBit                   0x080016c1   Thumb Code     6  stm32f10x_exti.o(i.EXTI_ClearITPendingBit)
    EXTI_GetITStatus                         0x080016cd   Thumb Code    34  stm32f10x_exti.o(i.EXTI_GetITStatus)
    EXTI_Init                                0x080016f5   Thumb Code   142  stm32f10x_exti.o(i.EXTI_Init)
    GPIO_EXTILineConfig                      0x08001789   Thumb Code    60  stm32f10x_gpio.o(i.GPIO_EXTILineConfig)
    GPIO_Init                                0x080017c9   Thumb Code   278  stm32f10x_gpio.o(i.GPIO_Init)
    GPIO_SetBits                             0x080018df   Thumb Code     4  stm32f10x_gpio.o(i.GPIO_SetBits)
    HardFault_Handler                        0x080018e3   Thumb Code     4  stm32f10x_it.o(i.HardFault_Handler)
    MPU_IIC_Ack                              0x080018e9   Thumb Code    62  mpuiic.o(i.MPU_IIC_Ack)
    MPU_IIC_Delay                            0x08001935   Thumb Code    10  mpuiic.o(i.MPU_IIC_Delay)
    MPU_IIC_Init                             0x08001941   Thumb Code    46  mpuiic.o(i.MPU_IIC_Init)
    MPU_IIC_NAck                             0x08001975   Thumb Code    62  mpuiic.o(i.MPU_IIC_NAck)
    MPU_IIC_Read_Byte                        0x080019c1   Thumb Code    94  mpuiic.o(i.MPU_IIC_Read_Byte)
    MPU_IIC_Send_Byte                        0x08001a2d   Thumb Code    80  mpuiic.o(i.MPU_IIC_Send_Byte)
    MPU_IIC_Start                            0x08001a89   Thumb Code    60  mpuiic.o(i.MPU_IIC_Start)
    MPU_IIC_Stop                             0x08001ad1   Thumb Code    58  mpuiic.o(i.MPU_IIC_Stop)
    MPU_IIC_Wait_Ack                         0x08001b19   Thumb Code    86  mpuiic.o(i.MPU_IIC_Wait_Ack)
    MPU_Init                                 0x08001b7d   Thumb Code   122  mpu6050.o(i.MPU_Init)
    MPU_Read_Byte                            0x08001bf7   Thumb Code    58  mpu6050.o(i.MPU_Read_Byte)
    MPU_Read_Len                             0x08001c31   Thumb Code   116  mpu6050.o(i.MPU_Read_Len)
    MPU_Set_Accel_Fsr                        0x08001ca5   Thumb Code    16  mpu6050.o(i.MPU_Set_Accel_Fsr)
    MPU_Set_Gyro_Fsr                         0x08001cb5   Thumb Code    16  mpu6050.o(i.MPU_Set_Gyro_Fsr)
    MPU_Set_LPF                              0x08001cc5   Thumb Code    58  mpu6050.o(i.MPU_Set_LPF)
    MPU_Set_Rate                             0x08001cff   Thumb Code    58  mpu6050.o(i.MPU_Set_Rate)
    MPU_Write_Byte                           0x08001d39   Thumb Code    68  mpu6050.o(i.MPU_Write_Byte)
    MPU_Write_Len                            0x08001d7d   Thumb Code    96  mpu6050.o(i.MPU_Write_Len)
    MemManage_Handler                        0x08001ddd   Thumb Code     4  stm32f10x_it.o(i.MemManage_Handler)
    NMI_Handler                              0x08001de1   Thumb Code     2  stm32f10x_it.o(i.NMI_Handler)
    NVIC_INIT                                0x08001de3   Thumb Code    82  main.o(i.NVIC_INIT)
    NVIC_Init                                0x08001e35   Thumb Code   100  misc.o(i.NVIC_Init)
    RCC_APB2PeriphClockCmd                   0x08001ea5   Thumb Code    26  stm32f10x_rcc.o(i.RCC_APB2PeriphClockCmd)
    RCC_GetClocksFreq                        0x08001ec5   Thumb Code   192  stm32f10x_rcc.o(i.RCC_GetClocksFreq)
    SysTick_CLKSourceConfig                  0x08002081   Thumb Code    40  misc.o(i.SysTick_CLKSourceConfig)
    SystemInit                               0x080020a9   Thumb Code    78  system_stm32f10x.o(i.SystemInit)
    USART1_IRQHandler                        0x08002109   Thumb Code   132  usart.o(i.USART1_IRQHandler)
    USART1_Init                              0x0800219d   Thumb Code   152  usart.o(i.USART1_Init)
    USART3_IRQHandler                        0x0800223d   Thumb Code    46  usart.o(i.USART3_IRQHandler)
    USART_Cmd                                0x08002275   Thumb Code    24  stm32f10x_usart.o(i.USART_Cmd)
    USART_GetITStatus                        0x0800228d   Thumb Code    84  stm32f10x_usart.o(i.USART_GetITStatus)
    USART_ITConfig                           0x080022e1   Thumb Code    74  stm32f10x_usart.o(i.USART_ITConfig)
    USART_Init                               0x0800232d   Thumb Code   210  stm32f10x_usart.o(i.USART_Init)
    USART_ReceiveData                        0x08002405   Thumb Code    10  stm32f10x_usart.o(i.USART_ReceiveData)
    UsageFault_Handler                       0x0800240f   Thumb Code     4  stm32f10x_it.o(i.UsageFault_Handler)
    __ARM_fpclassify                         0x08002413   Thumb Code    40  fpclassify.o(i.__ARM_fpclassify)
    __kernel_poly                            0x0800243b   Thumb Code   170  poly.o(i.__kernel_poly)
    __mathlib_dbl_infnan                     0x080024e5   Thumb Code     6  dunder.o(i.__mathlib_dbl_infnan)
    __mathlib_dbl_infnan2                    0x080024eb   Thumb Code     4  dunder.o(i.__mathlib_dbl_infnan2)
    __mathlib_dbl_invalid                    0x080024ef   Thumb Code    12  dunder.o(i.__mathlib_dbl_invalid)
    __mathlib_dbl_underflow                  0x080024fd   Thumb Code    10  dunder.o(i.__mathlib_dbl_underflow)
    _is_digit                                0x0800250d   Thumb Code    14  __printf_wp.o(i._is_digit)
    _sys_exit                                0x0800251b   Thumb Code     6  usart.o(i._sys_exit)
    asin                                     0x080025c9   Thumb Code   572  asin.o(i.asin)
    atan                                     0x08002839   Thumb Code   474  atan.o(i.atan)
    atan2                                    0x08002a59   Thumb Code   346  atan2.o(i.atan2)
    delay_init                               0x08002c3d   Thumb Code    50  delay.o(i.delay_init)
    delay_ms                                 0x08002c81   Thumb Code    72  delay.o(i.delay_ms)
    delay_us                                 0x08002ccd   Thumb Code    72  delay.o(i.delay_us)
    dmp_enable_6x_lp_quat                    0x08002d19   Thumb Code    60  inv_mpu_dmp_motion_driver.o(i.dmp_enable_6x_lp_quat)
    dmp_enable_feature                       0x08002d55   Thumb Code   530  inv_mpu_dmp_motion_driver.o(i.dmp_enable_feature)
    dmp_enable_gyro_cal                      0x08002f71   Thumb Code    62  inv_mpu_dmp_motion_driver.o(i.dmp_enable_gyro_cal)
    dmp_enable_lp_quat                       0x08002fc9   Thumb Code    60  inv_mpu_dmp_motion_driver.o(i.dmp_enable_lp_quat)
    dmp_load_motion_driver_firmware          0x08003005   Thumb Code    20  inv_mpu_dmp_motion_driver.o(i.dmp_load_motion_driver_firmware)
    dmp_read_fifo                            0x0800301d   Thumb Code   456  inv_mpu_dmp_motion_driver.o(i.dmp_read_fifo)
    dmp_set_accel_bias                       0x080031e9   Thumb Code   300  inv_mpu_dmp_motion_driver.o(i.dmp_set_accel_bias)
    dmp_set_fifo_rate                        0x08003319   Thumb Code    96  inv_mpu_dmp_motion_driver.o(i.dmp_set_fifo_rate)
    dmp_set_gyro_bias                        0x08003389   Thumb Code   294  inv_mpu_dmp_motion_driver.o(i.dmp_set_gyro_bias)
    dmp_set_orientation                      0x080034b9   Thumb Code   290  inv_mpu_dmp_motion_driver.o(i.dmp_set_orientation)
    dmp_set_shake_reject_thresh              0x080035f1   Thumb Code    56  inv_mpu_dmp_motion_driver.o(i.dmp_set_shake_reject_thresh)
    dmp_set_shake_reject_time                0x08003629   Thumb Code    38  inv_mpu_dmp_motion_driver.o(i.dmp_set_shake_reject_time)
    dmp_set_shake_reject_timeout             0x0800364f   Thumb Code    38  inv_mpu_dmp_motion_driver.o(i.dmp_set_shake_reject_timeout)
    dmp_set_tap_axes                         0x08003675   Thumb Code    70  inv_mpu_dmp_motion_driver.o(i.dmp_set_tap_axes)
    dmp_set_tap_count                        0x080036bb   Thumb Code    38  inv_mpu_dmp_motion_driver.o(i.dmp_set_tap_count)
    dmp_set_tap_thresh                       0x080036e1   Thumb Code   396  inv_mpu_dmp_motion_driver.o(i.dmp_set_tap_thresh)
    dmp_set_tap_time                         0x08003881   Thumb Code    38  inv_mpu_dmp_motion_driver.o(i.dmp_set_tap_time)
    dmp_set_tap_time_multi                   0x080038a7   Thumb Code    38  inv_mpu_dmp_motion_driver.o(i.dmp_set_tap_time_multi)
    fputc                                    0x080038cd   Thumb Code    24  usart.o(i.fputc)
    inv_orientation_matrix_to_scalar         0x08003f1d   Thumb Code    40  inv_mpu.o(i.inv_orientation_matrix_to_scalar)
    inv_row_2_scale                          0x08003f45   Thumb Code    78  inv_mpu.o(i.inv_row_2_scale)
    main                                     0x08003f95   Thumb Code   134  main.o(i.main)
    mget_ms                                  0x08004089   Thumb Code     2  inv_mpu.o(i.mget_ms)
    mpu_configure_fifo                       0x0800408d   Thumb Code   106  inv_mpu.o(i.mpu_configure_fifo)
    mpu_dmp_get_data                         0x080040fd   Thumb Code   558  inv_mpu.o(i.mpu_dmp_get_data)
    mpu_dmp_init                             0x08004331   Thumb Code   154  inv_mpu.o(i.mpu_dmp_init)
    mpu_get_accel_fsr                        0x080043d1   Thumb Code    72  inv_mpu.o(i.mpu_get_accel_fsr)
    mpu_get_accel_sens                       0x0800441d   Thumb Code    78  inv_mpu.o(i.mpu_get_accel_sens)
    mpu_get_fifo_config                      0x08004471   Thumb Code    12  inv_mpu.o(i.mpu_get_fifo_config)
    mpu_get_gyro_fsr                         0x08004481   Thumb Code    64  inv_mpu.o(i.mpu_get_gyro_fsr)
    mpu_get_gyro_sens                        0x080044c5   Thumb Code    58  inv_mpu.o(i.mpu_get_gyro_sens)
    mpu_get_lpf                              0x08004515   Thumb Code    74  inv_mpu.o(i.mpu_get_lpf)
    mpu_get_sample_rate                      0x08004565   Thumb Code    26  inv_mpu.o(i.mpu_get_sample_rate)
    mpu_init                                 0x08004585   Thumb Code   416  inv_mpu.o(i.mpu_init)
    mpu_load_firmware                        0x08004775   Thumb Code   180  inv_mpu.o(i.mpu_load_firmware)
    mpu_lp_accel_mode                        0x0800482d   Thumb Code   218  inv_mpu.o(i.mpu_lp_accel_mode)
    mpu_read_fifo_stream                     0x0800490d   Thumb Code   186  inv_mpu.o(i.mpu_read_fifo_stream)
    mpu_read_mem                             0x080049cd   Thumb Code   122  inv_mpu.o(i.mpu_read_mem)
    mpu_reset_fifo                           0x08004a4d   Thumb Code   450  inv_mpu.o(i.mpu_reset_fifo)
    mpu_run_self_test                        0x08004c15   Thumb Code   278  inv_mpu.o(i.mpu_run_self_test)
    mpu_set_accel_fsr                        0x08004d31   Thumb Code   126  inv_mpu.o(i.mpu_set_accel_fsr)
    mpu_set_bypass                           0x08004db5   Thumb Code   328  inv_mpu.o(i.mpu_set_bypass)
    mpu_set_dmp_state                        0x08004f01   Thumb Code   138  inv_mpu.o(i.mpu_set_dmp_state)
    mpu_set_gyro_fsr                         0x08004f91   Thumb Code   132  inv_mpu.o(i.mpu_set_gyro_fsr)
    mpu_set_int_latched                      0x08005019   Thumb Code   102  inv_mpu.o(i.mpu_set_int_latched)
    mpu_set_lpf                              0x08005085   Thumb Code   126  inv_mpu.o(i.mpu_set_lpf)
    mpu_set_sample_rate                      0x08005109   Thumb Code   152  inv_mpu.o(i.mpu_set_sample_rate)
    mpu_set_sensors                          0x080051a5   Thumb Code   202  inv_mpu.o(i.mpu_set_sensors)
    mpu_write_mem                            0x08005275   Thumb Code   122  inv_mpu.o(i.mpu_write_mem)
    run_self_test                            0x080052f5   Thumb Code   148  inv_mpu.o(i.run_self_test)
    sqrt                                     0x08005419   Thumb Code    76  sqrt.o(i.sqrt)
    _get_lc_numeric                          0x08005465   Thumb Code    44  lc_numeric_c.o(locale$$code)
    __aeabi_d2f                              0x08005491   Thumb Code     0  d2f.o(x$fpl$d2f)
    _d2f                                     0x08005491   Thumb Code    98  d2f.o(x$fpl$d2f)
    __aeabi_dadd                             0x080054f5   Thumb Code     0  daddsub_clz.o(x$fpl$dadd)
    _dadd                                    0x080054f5   Thumb Code   332  daddsub_clz.o(x$fpl$dadd)
    __fpl_dcheck_NaN1                        0x08005645   Thumb Code    10  dcheck1.o(x$fpl$dcheck1)
    __aeabi_ddiv                             0x08005655   Thumb Code     0  ddiv.o(x$fpl$ddiv)
    _ddiv                                    0x08005655   Thumb Code   552  ddiv.o(x$fpl$ddiv)
    __aeabi_dmul                             0x08005905   Thumb Code     0  dmul.o(x$fpl$dmul)
    _dmul                                    0x08005905   Thumb Code   332  dmul.o(x$fpl$dmul)
    __fpl_dnaninf                            0x08005a59   Thumb Code   156  dnaninf.o(x$fpl$dnaninf)
    __fpl_dretinf                            0x08005af5   Thumb Code    12  dretinf.o(x$fpl$dretinf)
    __aeabi_drsub                            0x08005b01   Thumb Code     0  daddsub_clz.o(x$fpl$drsb)
    _drsb                                    0x08005b01   Thumb Code    22  daddsub_clz.o(x$fpl$drsb)
    _dsqrt                                   0x08005b19   Thumb Code   456  dsqrt_noumaal.o(x$fpl$dsqrt)
    __aeabi_dsub                             0x08005ce5   Thumb Code     0  daddsub_clz.o(x$fpl$dsub)
    _dsub                                    0x08005ce5   Thumb Code   464  daddsub_clz.o(x$fpl$dsub)
    __aeabi_f2d                              0x08005eb9   Thumb Code     0  f2d.o(x$fpl$f2d)
    _f2d                                     0x08005eb9   Thumb Code    86  f2d.o(x$fpl$f2d)
    __aeabi_fadd                             0x08005f11   Thumb Code     0  faddsub_clz.o(x$fpl$fadd)
    _fadd                                    0x08005f11   Thumb Code   196  faddsub_clz.o(x$fpl$fadd)
    __fpl_fcmp_Inf                           0x08005fd5   Thumb Code    24  fcmpi.o(x$fpl$fcmpinf)
    __aeabi_fdiv                             0x08005fed   Thumb Code     0  fdiv.o(x$fpl$fdiv)
    _fdiv                                    0x08005fed   Thumb Code   384  fdiv.o(x$fpl$fdiv)
    __aeabi_cfcmpeq                          0x08006171   Thumb Code     0  feqf.o(x$fpl$feqf)
    _fcmpeq                                  0x08006171   Thumb Code   104  feqf.o(x$fpl$feqf)
    __aeabi_f2iz                             0x080061d9   Thumb Code     0  ffix.o(x$fpl$ffix)
    _ffix                                    0x080061d9   Thumb Code    54  ffix.o(x$fpl$ffix)
    __aeabi_f2uiz                            0x08006211   Thumb Code     0  ffixu.o(x$fpl$ffixu)
    _ffixu                                   0x08006211   Thumb Code    62  ffixu.o(x$fpl$ffixu)
    __aeabi_i2f                              0x08006251   Thumb Code     0  fflt_clz.o(x$fpl$fflt)
    _fflt                                    0x08006251   Thumb Code    48  fflt_clz.o(x$fpl$fflt)
    __aeabi_ui2f                             0x08006281   Thumb Code     0  fflt_clz.o(x$fpl$ffltu)
    _ffltu                                   0x08006281   Thumb Code    38  fflt_clz.o(x$fpl$ffltu)
    __aeabi_cfcmple                          0x080062a9   Thumb Code     0  fleqf.o(x$fpl$fleqf)
    _fcmple                                  0x080062a9   Thumb Code   104  fleqf.o(x$fpl$fleqf)
    __fpl_fcmple_InfNaN                      0x080062fb   Thumb Code     0  fleqf.o(x$fpl$fleqf)
    __aeabi_fmul                             0x08006311   Thumb Code     0  fmul.o(x$fpl$fmul)
    _fmul                                    0x08006311   Thumb Code   258  fmul.o(x$fpl$fmul)
    __fpl_fnaninf                            0x08006413   Thumb Code   140  fnaninf.o(x$fpl$fnaninf)
    __fpl_fretinf                            0x0800649f   Thumb Code    10  fretinf.o(x$fpl$fretinf)
    __aeabi_cfrcmple                         0x080064a9   Thumb Code     0  frleqf.o(x$fpl$frleqf)
    _frcmple                                 0x080064a9   Thumb Code    98  frleqf.o(x$fpl$frleqf)
    __aeabi_fsub                             0x0800650d   Thumb Code     0  faddsub_clz.o(x$fpl$fsub)
    _fsub                                    0x0800650d   Thumb Code   234  faddsub_clz.o(x$fpl$fsub)
    _printf_fp_dec                           0x080065f7   Thumb Code     4  printf1.o(x$fpl$printf1)
    __fpl_return_NaN                         0x080065fb   Thumb Code   100  retnan.o(x$fpl$retnan)
    __ARM_scalbn                             0x0800665f   Thumb Code    92  scalbn.o(x$fpl$scalbn)
    __fpl_cmpreturn                          0x080066bb   Thumb Code    48  trapv.o(x$fpl$trapveneer)
    __I$use$fp                               0x080066ea   Number         0  usenofp.o(x$fpl$usenofp)
    reg                                      0x080066ec   Data          27  inv_mpu.o(.constdata)
    hw                                       0x08006708   Data          12  inv_mpu.o(.constdata)
    test                                     0x08006714   Data          40  inv_mpu.o(.constdata)
    __mathlib_zero                           0x08007430   Data           8  qnan.o(.constdata)
    Region$$Table$$Base                      0x0800751c   Number         0  anon$$obj.o(Region$$Table)
    Region$$Table$$Limit                     0x0800753c   Number         0  anon$$obj.o(Region$$Table)
    __stdout                                 0x20000004   Data           4  usart.o(.data)
    USART1_RX_STA                            0x20000008   Data           2  usart.o(.data)
    USART3_RX_STA                            0x2000000a   Data           2  usart.o(.data)
    SystemCoreClock                          0x2000000c   Data           4  system_stm32f10x.o(.data)
    AHBPrescTable                            0x20000010   Data          16  system_stm32f10x.o(.data)
    INT_MARK                                 0x20000034   Data           1  main.o(.data)
    temp                                     0x20000036   Data           2  main.o(.data)
    USART1_RX_BUF                            0x20000070   Data         200  usart.o(.bss)
    USART3_RX_BUF                            0x20000138   Data         200  usart.o(.bss)
    acc                                      0x20000200   Data          12  main.o(.bss)
    gyro                                     0x2000020c   Data          12  main.o(.bss)
    angle                                    0x20000218   Data          12  main.o(.bss)
    quat                                     0x20000224   Data          16  main.o(.bss)
    __libspace_start                         0x20000244   Data          96  libspace.o(.bss)
    __temporary_stack_top$libspace           0x200002a4   Data           0  libspace.o(.bss)



==============================================================================

Memory Map of the image

  Image Entry point : 0x080000ed

  Load Region LR_IROM1 (Base: 0x08000000, Size: 0x000075c8, Max: 0x00010000, ABSOLUTE)

    Execution Region ER_IROM1 (Base: 0x08000000, Size: 0x00007558, Max: 0x00010000, ABSOLUTE)

    Base Addr    Size         Type   Attr      Idx    E Section Name        Object

    0x08000000   0x000000ec   Data   RO          293    RESET               startup_stm32f10x_md.o
    0x080000ec   0x00000008   Code   RO         2931  * !!!main             c_w.l(__main.o)
    0x080000f4   0x00000034   Code   RO         3349    !!!scatter          c_w.l(__scatter.o)
    0x08000128   0x0000001a   Code   RO         3351    !!handler_copy      c_w.l(__scatter_copy.o)
    0x08000142   0x00000002   PAD
    0x08000144   0x0000001c   Code   RO         3353    !!handler_zi        c_w.l(__scatter_zi.o)
    0x08000160   0x00000000   Code   RO         2922    .ARM.Collect$$_printf_percent$$00000000  c_w.l(_printf_percent.o)
    0x08000160   0x00000006   Code   RO         2921    .ARM.Collect$$_printf_percent$$00000003  c_w.l(_printf_f.o)
    0x08000166   0x00000006   Code   RO         2920    .ARM.Collect$$_printf_percent$$00000009  c_w.l(_printf_d.o)
    0x0800016c   0x00000006   Code   RO         2918    .ARM.Collect$$_printf_percent$$00000013  c_w.l(_printf_c.o)
    0x08000172   0x00000004   Code   RO         3052    .ARM.Collect$$_printf_percent$$00000017  c_w.l(_printf_percent_end.o)
    0x08000176   0x00000002   Code   RO         3213    .ARM.Collect$$libinit$$00000000  c_w.l(libinit.o)
    0x08000178   0x00000000   Code   RO         3215    .ARM.Collect$$libinit$$00000002  c_w.l(libinit2.o)
    0x08000178   0x00000000   Code   RO         3217    .ARM.Collect$$libinit$$00000004  c_w.l(libinit2.o)
    0x08000178   0x00000000   Code   RO         3220    .ARM.Collect$$libinit$$0000000A  c_w.l(libinit2.o)
    0x08000178   0x00000000   Code   RO         3222    .ARM.Collect$$libinit$$0000000C  c_w.l(libinit2.o)
    0x08000178   0x00000000   Code   RO         3224    .ARM.Collect$$libinit$$0000000E  c_w.l(libinit2.o)
    0x08000178   0x00000006   Code   RO         3225    .ARM.Collect$$libinit$$0000000F  c_w.l(libinit2.o)
    0x0800017e   0x00000000   Code   RO         3227    .ARM.Collect$$libinit$$00000011  c_w.l(libinit2.o)
    0x0800017e   0x00000000   Code   RO         3229    .ARM.Collect$$libinit$$00000013  c_w.l(libinit2.o)
    0x0800017e   0x00000000   Code   RO         3231    .ARM.Collect$$libinit$$00000015  c_w.l(libinit2.o)
    0x0800017e   0x0000000a   Code   RO         3232    .ARM.Collect$$libinit$$00000016  c_w.l(libinit2.o)
    0x08000188   0x00000000   Code   RO         3233    .ARM.Collect$$libinit$$00000017  c_w.l(libinit2.o)
    0x08000188   0x00000000   Code   RO         3235    .ARM.Collect$$libinit$$00000019  c_w.l(libinit2.o)
    0x08000188   0x00000000   Code   RO         3237    .ARM.Collect$$libinit$$0000001B  c_w.l(libinit2.o)
    0x08000188   0x00000000   Code   RO         3239    .ARM.Collect$$libinit$$0000001D  c_w.l(libinit2.o)
    0x08000188   0x00000000   Code   RO         3241    .ARM.Collect$$libinit$$0000001F  c_w.l(libinit2.o)
    0x08000188   0x00000000   Code   RO         3243    .ARM.Collect$$libinit$$00000021  c_w.l(libinit2.o)
    0x08000188   0x00000000   Code   RO         3245    .ARM.Collect$$libinit$$00000023  c_w.l(libinit2.o)
    0x08000188   0x00000000   Code   RO         3247    .ARM.Collect$$libinit$$00000025  c_w.l(libinit2.o)
    0x08000188   0x00000000   Code   RO         3251    .ARM.Collect$$libinit$$0000002C  c_w.l(libinit2.o)
    0x08000188   0x00000000   Code   RO         3253    .ARM.Collect$$libinit$$0000002E  c_w.l(libinit2.o)
    0x08000188   0x00000000   Code   RO         3255    .ARM.Collect$$libinit$$00000030  c_w.l(libinit2.o)
    0x08000188   0x00000000   Code   RO         3257    .ARM.Collect$$libinit$$00000032  c_w.l(libinit2.o)
    0x08000188   0x00000002   Code   RO         3258    .ARM.Collect$$libinit$$00000033  c_w.l(libinit2.o)
    0x0800018a   0x00000002   Code   RO         3309    .ARM.Collect$$libshutdown$$00000000  c_w.l(libshutdown.o)
    0x0800018c   0x00000000   Code   RO         3318    .ARM.Collect$$libshutdown$$00000002  c_w.l(libshutdown2.o)
    0x0800018c   0x00000000   Code   RO         3320    .ARM.Collect$$libshutdown$$00000004  c_w.l(libshutdown2.o)
    0x0800018c   0x00000000   Code   RO         3323    .ARM.Collect$$libshutdown$$00000007  c_w.l(libshutdown2.o)
    0x0800018c   0x00000000   Code   RO         3326    .ARM.Collect$$libshutdown$$0000000A  c_w.l(libshutdown2.o)
    0x0800018c   0x00000000   Code   RO         3328    .ARM.Collect$$libshutdown$$0000000C  c_w.l(libshutdown2.o)
    0x0800018c   0x00000000   Code   RO         3331    .ARM.Collect$$libshutdown$$0000000F  c_w.l(libshutdown2.o)
    0x0800018c   0x00000002   Code   RO         3332    .ARM.Collect$$libshutdown$$00000010  c_w.l(libshutdown2.o)
    0x0800018e   0x00000000   Code   RO         3009    .ARM.Collect$$rtentry$$00000000  c_w.l(__rtentry.o)
    0x0800018e   0x00000000   Code   RO         3115    .ARM.Collect$$rtentry$$00000002  c_w.l(__rtentry2.o)
    0x0800018e   0x00000006   Code   RO         3127    .ARM.Collect$$rtentry$$00000004  c_w.l(__rtentry4.o)
    0x08000194   0x00000000   Code   RO         3117    .ARM.Collect$$rtentry$$00000009  c_w.l(__rtentry2.o)
    0x08000194   0x00000004   Code   RO         3118    .ARM.Collect$$rtentry$$0000000A  c_w.l(__rtentry2.o)
    0x08000198   0x00000000   Code   RO         3120    .ARM.Collect$$rtentry$$0000000C  c_w.l(__rtentry2.o)
    0x08000198   0x00000008   Code   RO         3121    .ARM.Collect$$rtentry$$0000000D  c_w.l(__rtentry2.o)
    0x080001a0   0x00000002   Code   RO         3263    .ARM.Collect$$rtexit$$00000000  c_w.l(rtexit.o)
    0x080001a2   0x00000000   Code   RO         3279    .ARM.Collect$$rtexit$$00000002  c_w.l(rtexit2.o)
    0x080001a2   0x00000004   Code   RO         3280    .ARM.Collect$$rtexit$$00000003  c_w.l(rtexit2.o)
    0x080001a6   0x00000006   Code   RO         3281    .ARM.Collect$$rtexit$$00000004  c_w.l(rtexit2.o)
    0x080001ac   0x00000040   Code   RO          294    .text               startup_stm32f10x_md.o
    0x080001ec   0x00000002   Code   RO         2859    .text               c_w.l(use_no_semi_2.o)
    0x080001ee   0x00000048   Code   RO         2861    .text               c_w.l(llsdiv.o)
    0x08000236   0x00000002   PAD
    0x08000238   0x00000018   Code   RO         2865    .text               c_w.l(__2printf.o)
    0x08000250   0x00000052   Code   RO         2873    .text               c_w.l(_printf_str.o)
    0x080002a2   0x00000002   PAD
    0x080002a4   0x00000078   Code   RO         2875    .text               c_w.l(_printf_dec.o)
    0x0800031c   0x00000188   Code   RO         2915    .text               c_w.l(__printf_flags_ss_wp.o)
    0x080004a4   0x00000058   Code   RO         2923    .text               c_w.l(memcmp.o)
    0x080004fc   0x00000010   Code   RO         2927    .text               c_w.l(aeabi_memset.o)
    0x0800050c   0x00000006   Code   RO         2929    .text               c_w.l(heapauxi.o)
    0x08000512   0x00000002   Code   RO         3007    .text               c_w.l(use_no_semi.o)
    0x08000514   0x000000ee   Code   RO         3010    .text               c_w.l(lludivv7m.o)
    0x08000602   0x00000016   Code   RO         3012    .text               c_w.l(_rserrno.o)
    0x08000618   0x000000b2   Code   RO         3016    .text               c_w.l(_printf_intcommon.o)
    0x080006ca   0x0000041a   Code   RO         3020    .text               c_w.l(_printf_fp_dec.o)
    0x08000ae4   0x00000030   Code   RO         3022    .text               c_w.l(_printf_char_common.o)
    0x08000b14   0x0000002c   Code   RO         3028    .text               c_w.l(_printf_char.o)
    0x08000b40   0x00000024   Code   RO         3030    .text               c_w.l(_printf_char_file.o)
    0x08000b64   0x00000044   Code   RO         3062    .text               c_w.l(rt_memclr.o)
    0x08000ba8   0x00000008   Code   RO         3136    .text               c_w.l(rt_locale_intlibspace.o)
    0x08000bb0   0x00000008   Code   RO         3141    .text               c_w.l(rt_errno_addr_intlibspace.o)
    0x08000bb8   0x0000008a   Code   RO         3143    .text               c_w.l(lludiv10.o)
    0x08000c42   0x00000002   PAD
    0x08000c44   0x00000080   Code   RO         3145    .text               c_w.l(_printf_fp_infnan.o)
    0x08000cc4   0x000000dc   Code   RO         3151    .text               c_w.l(bigflt0.o)
    0x08000da0   0x00000008   Code   RO         3176    .text               c_w.l(ferror.o)
    0x08000da8   0x0000004e   Code   RO         3185    .text               c_w.l(rt_memclr_w.o)
    0x08000df6   0x00000002   PAD
    0x08000df8   0x00000008   Code   RO         3195    .text               c_w.l(libspace.o)
    0x08000e00   0x0000004a   Code   RO         3198    .text               c_w.l(sys_stackheap_outer.o)
    0x08000e4a   0x00000012   Code   RO         3204    .text               c_w.l(exit.o)
    0x08000e5c   0x00000080   Code   RO         3206    .text               c_w.l(strcmpv7m.o)
    0x08000edc   0x0000003e   Code   RO         3154    CL$$btod_d2e        c_w.l(btod.o)
    0x08000f1a   0x00000046   Code   RO         3156    CL$$btod_d2e_denorm_low  c_w.l(btod.o)
    0x08000f60   0x00000060   Code   RO         3155    CL$$btod_d2e_norm_op1  c_w.l(btod.o)
    0x08000fc0   0x00000338   Code   RO         3164    CL$$btod_div_common  c_w.l(btod.o)
    0x080012f8   0x000000c6   Code   RO         3161    CL$$btod_e2e        c_w.l(btod.o)
    0x080013be   0x00000028   Code   RO         3158    CL$$btod_ediv       c_w.l(btod.o)
    0x080013e6   0x00000028   Code   RO         3157    CL$$btod_emul       c_w.l(btod.o)
    0x0800140e   0x00000244   Code   RO         3163    CL$$btod_mult_common  c_w.l(btod.o)
    0x08001652   0x00000004   Code   RO         2141    i.BusFault_Handler  stm32f10x_it.o
    0x08001656   0x00000002   Code   RO         2142    i.DebugMon_Handler  stm32f10x_it.o
    0x08001658   0x00000068   Code   RO         2090    i.EXTI0_IRQHandler  main.o
    0x080016c0   0x0000000c   Code   RO          557    i.EXTI_ClearITPendingBit  stm32f10x_exti.o
    0x080016cc   0x00000028   Code   RO          561    i.EXTI_GetITStatus  stm32f10x_exti.o
    0x080016f4   0x00000094   Code   RO          562    i.EXTI_Init         stm32f10x_exti.o
    0x08001788   0x00000040   Code   RO          613    i.GPIO_EXTILineConfig  stm32f10x_gpio.o
    0x080017c8   0x00000116   Code   RO          616    i.GPIO_Init         stm32f10x_gpio.o
    0x080018de   0x00000004   Code   RO          624    i.GPIO_SetBits      stm32f10x_gpio.o
    0x080018e2   0x00000004   Code   RO         2143    i.HardFault_Handler  stm32f10x_it.o
    0x080018e6   0x00000002   PAD
    0x080018e8   0x0000004c   Code   RO         2186    i.MPU_IIC_Ack       mpuiic.o
    0x08001934   0x0000000a   Code   RO         2187    i.MPU_IIC_Delay     mpuiic.o
    0x0800193e   0x00000002   PAD
    0x08001940   0x00000034   Code   RO         2188    i.MPU_IIC_Init      mpuiic.o
    0x08001974   0x0000004c   Code   RO         2189    i.MPU_IIC_NAck      mpuiic.o
    0x080019c0   0x0000006c   Code   RO         2190    i.MPU_IIC_Read_Byte  mpuiic.o
    0x08001a2c   0x0000005c   Code   RO         2191    i.MPU_IIC_Send_Byte  mpuiic.o
    0x08001a88   0x00000048   Code   RO         2192    i.MPU_IIC_Start     mpuiic.o
    0x08001ad0   0x00000048   Code   RO         2193    i.MPU_IIC_Stop      mpuiic.o
    0x08001b18   0x00000064   Code   RO         2194    i.MPU_IIC_Wait_Ack  mpuiic.o
    0x08001b7c   0x0000007a   Code   RO         2779    i.MPU_Init          mpu6050.o
    0x08001bf6   0x0000003a   Code   RO         2780    i.MPU_Read_Byte     mpu6050.o
    0x08001c30   0x00000074   Code   RO         2781    i.MPU_Read_Len      mpu6050.o
    0x08001ca4   0x00000010   Code   RO         2782    i.MPU_Set_Accel_Fsr  mpu6050.o
    0x08001cb4   0x00000010   Code   RO         2783    i.MPU_Set_Gyro_Fsr  mpu6050.o
    0x08001cc4   0x0000003a   Code   RO         2784    i.MPU_Set_LPF       mpu6050.o
    0x08001cfe   0x0000003a   Code   RO         2785    i.MPU_Set_Rate      mpu6050.o
    0x08001d38   0x00000044   Code   RO         2786    i.MPU_Write_Byte    mpu6050.o
    0x08001d7c   0x00000060   Code   RO         2787    i.MPU_Write_Len     mpu6050.o
    0x08001ddc   0x00000004   Code   RO         2144    i.MemManage_Handler  stm32f10x_it.o
    0x08001de0   0x00000002   Code   RO         2145    i.NMI_Handler       stm32f10x_it.o
    0x08001de2   0x00000052   Code   RO         2091    i.NVIC_INIT         main.o
    0x08001e34   0x00000070   Code   RO          298    i.NVIC_Init         misc.o
    0x08001ea4   0x00000020   Code   RO          992    i.RCC_APB2PeriphClockCmd  stm32f10x_rcc.o
    0x08001ec4   0x000000d4   Code   RO         1000    i.RCC_GetClocksFreq  stm32f10x_rcc.o
    0x08001f98   0x00000008   Code   RO          238    i.SetSysClock       system_stm32f10x.o
    0x08001fa0   0x000000e0   Code   RO          239    i.SetSysClockTo72   system_stm32f10x.o
    0x08002080   0x00000028   Code   RO          302    i.SysTick_CLKSourceConfig  misc.o
    0x080020a8   0x00000060   Code   RO          241    i.SystemInit        system_stm32f10x.o
    0x08002108   0x00000094   Code   RO          153    i.USART1_IRQHandler  usart.o
    0x0800219c   0x000000a0   Code   RO          154    i.USART1_Init       usart.o
    0x0800223c   0x00000038   Code   RO          156    i.USART3_IRQHandler  usart.o
    0x08002274   0x00000018   Code   RO         1192    i.USART_Cmd         stm32f10x_usart.o
    0x0800228c   0x00000054   Code   RO         1196    i.USART_GetITStatus  stm32f10x_usart.o
    0x080022e0   0x0000004a   Code   RO         1198    i.USART_ITConfig    stm32f10x_usart.o
    0x0800232a   0x00000002   PAD
    0x0800232c   0x000000d8   Code   RO         1199    i.USART_Init        stm32f10x_usart.o
    0x08002404   0x0000000a   Code   RO         1206    i.USART_ReceiveData  stm32f10x_usart.o
    0x0800240e   0x00000004   Code   RO         2146    i.UsageFault_Handler  stm32f10x_it.o
    0x08002412   0x00000028   Code   RO         3101    i.__ARM_fpclassify  m_ws.l(fpclassify.o)
    0x0800243a   0x000000aa   Code   RO         3103    i.__kernel_poly     m_ws.l(poly.o)
    0x080024e4   0x00000006   Code   RO         3088    i.__mathlib_dbl_infnan  m_ws.l(dunder.o)
    0x080024ea   0x00000004   Code   RO         3089    i.__mathlib_dbl_infnan2  m_ws.l(dunder.o)
    0x080024ee   0x0000000c   Code   RO         3090    i.__mathlib_dbl_invalid  m_ws.l(dunder.o)
    0x080024fa   0x00000002   PAD
    0x080024fc   0x00000010   Code   RO         3093    i.__mathlib_dbl_underflow  m_ws.l(dunder.o)
    0x0800250c   0x0000000e   Code   RO         2908    i._is_digit         c_w.l(__printf_wp.o)
    0x0800251a   0x00000006   Code   RO          159    i._sys_exit         usart.o
    0x08002520   0x000000a8   Code   RO         2249    i.accel_self_test   inv_mpu.o
    0x080025c8   0x00000270   Code   RO         2990    i.asin              m_ws.l(asin.o)
    0x08002838   0x00000220   Code   RO         3078    i.atan              m_ws.l(atan.o)
    0x08002a58   0x00000180   Code   RO         3000    i.atan2             m_ws.l(atan2.o)
    0x08002bd8   0x00000064   Code   RO         2590    i.decode_gesture    inv_mpu_dmp_motion_driver.o
    0x08002c3c   0x00000044   Code   RO            1    i.delay_init        delay.o
    0x08002c80   0x0000004c   Code   RO            2    i.delay_ms          delay.o
    0x08002ccc   0x0000004c   Code   RO            3    i.delay_us          delay.o
    0x08002d18   0x0000003c   Code   RO         2591    i.dmp_enable_6x_lp_quat  inv_mpu_dmp_motion_driver.o
    0x08002d54   0x0000021c   Code   RO         2592    i.dmp_enable_feature  inv_mpu_dmp_motion_driver.o
    0x08002f70   0x00000058   Code   RO         2593    i.dmp_enable_gyro_cal  inv_mpu_dmp_motion_driver.o
    0x08002fc8   0x0000003c   Code   RO         2594    i.dmp_enable_lp_quat  inv_mpu_dmp_motion_driver.o
    0x08003004   0x00000018   Code   RO         2599    i.dmp_load_motion_driver_firmware  inv_mpu_dmp_motion_driver.o
    0x0800301c   0x000001cc   Code   RO         2600    i.dmp_read_fifo     inv_mpu_dmp_motion_driver.o
    0x080031e8   0x00000130   Code   RO         2603    i.dmp_set_accel_bias  inv_mpu_dmp_motion_driver.o
    0x08003318   0x00000070   Code   RO         2604    i.dmp_set_fifo_rate  inv_mpu_dmp_motion_driver.o
    0x08003388   0x00000130   Code   RO         2605    i.dmp_set_gyro_bias  inv_mpu_dmp_motion_driver.o
    0x080034b8   0x00000138   Code   RO         2607    i.dmp_set_orientation  inv_mpu_dmp_motion_driver.o
    0x080035f0   0x00000038   Code   RO         2610    i.dmp_set_shake_reject_thresh  inv_mpu_dmp_motion_driver.o
    0x08003628   0x00000026   Code   RO         2611    i.dmp_set_shake_reject_time  inv_mpu_dmp_motion_driver.o
    0x0800364e   0x00000026   Code   RO         2612    i.dmp_set_shake_reject_timeout  inv_mpu_dmp_motion_driver.o
    0x08003674   0x00000046   Code   RO         2613    i.dmp_set_tap_axes  inv_mpu_dmp_motion_driver.o
    0x080036ba   0x00000026   Code   RO         2614    i.dmp_set_tap_count  inv_mpu_dmp_motion_driver.o
    0x080036e0   0x000001a0   Code   RO         2615    i.dmp_set_tap_thresh  inv_mpu_dmp_motion_driver.o
    0x08003880   0x00000026   Code   RO         2616    i.dmp_set_tap_time  inv_mpu_dmp_motion_driver.o
    0x080038a6   0x00000026   Code   RO         2617    i.dmp_set_tap_time_multi  inv_mpu_dmp_motion_driver.o
    0x080038cc   0x0000001c   Code   RO          160    i.fputc             usart.o
    0x080038e8   0x000000b4   Code   RO         2250    i.get_accel_prod_shift  inv_mpu.o
    0x0800399c   0x00000470   Code   RO         2251    i.get_st_biases     inv_mpu.o
    0x08003e0c   0x00000110   Code   RO         2252    i.gyro_self_test    inv_mpu.o
    0x08003f1c   0x00000028   Code   RO         2253    i.inv_orientation_matrix_to_scalar  inv_mpu.o
    0x08003f44   0x0000004e   Code   RO         2254    i.inv_row_2_scale   inv_mpu.o
    0x08003f92   0x00000002   PAD
    0x08003f94   0x000000f4   Code   RO         2092    i.main              main.o
    0x08004088   0x00000002   Code   RO         2255    i.mget_ms           inv_mpu.o
    0x0800408a   0x00000002   PAD
    0x0800408c   0x00000070   Code   RO         2256    i.mpu_configure_fifo  inv_mpu.o
    0x080040fc   0x00000234   Code   RO         2257    i.mpu_dmp_get_data  inv_mpu.o
    0x08004330   0x000000a0   Code   RO         2258    i.mpu_dmp_init      inv_mpu.o
    0x080043d0   0x0000004c   Code   RO         2259    i.mpu_get_accel_fsr  inv_mpu.o
    0x0800441c   0x00000054   Code   RO         2261    i.mpu_get_accel_sens  inv_mpu.o
    0x08004470   0x00000010   Code   RO         2266    i.mpu_get_fifo_config  inv_mpu.o
    0x08004480   0x00000044   Code   RO         2267    i.mpu_get_gyro_fsr  inv_mpu.o
    0x080044c4   0x00000050   Code   RO         2269    i.mpu_get_gyro_sens  inv_mpu.o
    0x08004514   0x00000050   Code   RO         2271    i.mpu_get_lpf       inv_mpu.o
    0x08004564   0x00000020   Code   RO         2273    i.mpu_get_sample_rate  inv_mpu.o
    0x08004584   0x000001f0   Code   RO         2275    i.mpu_init          inv_mpu.o
    0x08004774   0x000000b8   Code   RO         2276    i.mpu_load_firmware  inv_mpu.o
    0x0800482c   0x000000e0   Code   RO         2277    i.mpu_lp_accel_mode  inv_mpu.o
    0x0800490c   0x000000c0   Code   RO         2280    i.mpu_read_fifo_stream  inv_mpu.o
    0x080049cc   0x00000080   Code   RO         2281    i.mpu_read_mem      inv_mpu.o
    0x08004a4c   0x000001c8   Code   RO         2284    i.mpu_reset_fifo    inv_mpu.o
    0x08004c14   0x0000011c   Code   RO         2285    i.mpu_run_self_test  inv_mpu.o
    0x08004d30   0x00000084   Code   RO         2287    i.mpu_set_accel_fsr  inv_mpu.o
    0x08004db4   0x0000014c   Code   RO         2288    i.mpu_set_bypass    inv_mpu.o
    0x08004f00   0x00000090   Code   RO         2290    i.mpu_set_dmp_state  inv_mpu.o
    0x08004f90   0x00000088   Code   RO         2291    i.mpu_set_gyro_fsr  inv_mpu.o
    0x08005018   0x0000006c   Code   RO         2292    i.mpu_set_int_latched  inv_mpu.o
    0x08005084   0x00000084   Code   RO         2294    i.mpu_set_lpf       inv_mpu.o
    0x08005108   0x0000009c   Code   RO         2295    i.mpu_set_sample_rate  inv_mpu.o
    0x080051a4   0x000000d0   Code   RO         2296    i.mpu_set_sensors   inv_mpu.o
    0x08005274   0x00000080   Code   RO         2297    i.mpu_write_mem     inv_mpu.o
    0x080052f4   0x00000094   Code   RO         2298    i.run_self_test     inv_mpu.o
    0x08005388   0x00000090   Code   RO         2299    i.set_int_enable    inv_mpu.o
    0x08005418   0x0000004c   Code   RO         3107    i.sqrt              m_ws.l(sqrt.o)
    0x08005464   0x0000002c   Code   RO         3183    locale$$code        c_w.l(lc_numeric_c.o)
    0x08005490   0x00000062   Code   RO         2933    x$fpl$d2f           fz_ws.l(d2f.o)
    0x080054f2   0x00000002   PAD
    0x080054f4   0x00000150   Code   RO         2935    x$fpl$dadd          fz_ws.l(daddsub_clz.o)
    0x08005644   0x00000010   Code   RO         3187    x$fpl$dcheck1       fz_ws.l(dcheck1.o)
    0x08005654   0x000002b0   Code   RO         2942    x$fpl$ddiv          fz_ws.l(ddiv.o)
    0x08005904   0x00000154   Code   RO         2951    x$fpl$dmul          fz_ws.l(dmul.o)
    0x08005a58   0x0000009c   Code   RO         3064    x$fpl$dnaninf       fz_ws.l(dnaninf.o)
    0x08005af4   0x0000000c   Code   RO         3066    x$fpl$dretinf       fz_ws.l(dretinf.o)
    0x08005b00   0x00000016   Code   RO         2936    x$fpl$drsb          fz_ws.l(daddsub_clz.o)
    0x08005b16   0x00000002   PAD
    0x08005b18   0x000001cc   Code   RO         3191    x$fpl$dsqrt         fz_ws.l(dsqrt_noumaal.o)
    0x08005ce4   0x000001d4   Code   RO         2937    x$fpl$dsub          fz_ws.l(daddsub_clz.o)
    0x08005eb8   0x00000056   Code   RO         2953    x$fpl$f2d           fz_ws.l(f2d.o)
    0x08005f0e   0x00000002   PAD
    0x08005f10   0x000000c4   Code   RO         2955    x$fpl$fadd          fz_ws.l(faddsub_clz.o)
    0x08005fd4   0x00000018   Code   RO         3068    x$fpl$fcmpinf       fz_ws.l(fcmpi.o)
    0x08005fec   0x00000184   Code   RO         2962    x$fpl$fdiv          fz_ws.l(fdiv.o)
    0x08006170   0x00000068   Code   RO         2965    x$fpl$feqf          fz_ws.l(feqf.o)
    0x080061d8   0x00000036   Code   RO         2967    x$fpl$ffix          fz_ws.l(ffix.o)
    0x0800620e   0x00000002   PAD
    0x08006210   0x0000003e   Code   RO         2971    x$fpl$ffixu         fz_ws.l(ffixu.o)
    0x0800624e   0x00000002   PAD
    0x08006250   0x00000030   Code   RO         2976    x$fpl$fflt          fz_ws.l(fflt_clz.o)
    0x08006280   0x00000026   Code   RO         2975    x$fpl$ffltu         fz_ws.l(fflt_clz.o)
    0x080062a6   0x00000002   PAD
    0x080062a8   0x00000068   Code   RO         2981    x$fpl$fleqf         fz_ws.l(fleqf.o)
    0x08006310   0x00000102   Code   RO         2983    x$fpl$fmul          fz_ws.l(fmul.o)
    0x08006412   0x0000008c   Code   RO         3070    x$fpl$fnaninf       fz_ws.l(fnaninf.o)
    0x0800649e   0x0000000a   Code   RO         3072    x$fpl$fretinf       fz_ws.l(fretinf.o)
    0x080064a8   0x00000062   Code   RO         2985    x$fpl$frleqf        fz_ws.l(frleqf.o)
    0x0800650a   0x00000002   PAD
    0x0800650c   0x000000ea   Code   RO         2957    x$fpl$fsub          fz_ws.l(faddsub_clz.o)
    0x080065f6   0x00000004   Code   RO         2987    x$fpl$printf1       fz_ws.l(printf1.o)
    0x080065fa   0x00000064   Code   RO         3261    x$fpl$retnan        fz_ws.l(retnan.o)
    0x0800665e   0x0000005c   Code   RO         3074    x$fpl$scalbn        fz_ws.l(scalbn.o)
    0x080066ba   0x00000030   Code   RO         3276    x$fpl$trapveneer    fz_ws.l(trapv.o)
    0x080066ea   0x00000000   Code   RO         3076    x$fpl$usenofp       fz_ws.l(usenofp.o)
    0x080066ea   0x00000002   PAD
    0x080066ec   0x00000050   Data   RO         2301    .constdata          inv_mpu.o
    0x0800673c   0x00000bf6   Data   RO         2619    .constdata          inv_mpu_dmp_motion_driver.o
    0x08007332   0x00000011   Data   RO         2916    .constdata          c_w.l(__printf_flags_ss_wp.o)
    0x08007343   0x00000005   PAD
    0x08007348   0x00000050   Data   RO         2991    .constdata          m_ws.l(asin.o)
    0x08007398   0x00000098   Data   RO         3079    .constdata          m_ws.l(atan.o)
    0x08007430   0x00000008   Data   RO         3105    .constdata          m_ws.l(qnan.o)
    0x08007438   0x00000094   Data   RO         3152    .constdata          c_w.l(bigflt0.o)
    0x080074cc   0x0000004d   Data   RO         2302    .conststring        inv_mpu.o
    0x08007519   0x00000003   PAD
    0x0800751c   0x00000020   Data   RO         3347    Region$$Table       anon$$obj.o
    0x0800753c   0x0000001c   Data   RO         3182    locale$$data        c_w.l(lc_numeric_c.o)


    Execution Region RW_IRAM1 (Base: 0x20000000, Size: 0x000008a8, Max: 0x00005000, ABSOLUTE)

    Base Addr    Size         Type   Attr      Idx    E Section Name        Object

    0x20000000   0x00000004   Data   RW            4    .data               delay.o
    0x20000004   0x00000008   Data   RW          162    .data               usart.o
    0x2000000c   0x00000014   Data   RW          242    .data               system_stm32f10x.o
    0x20000020   0x00000014   Data   RW         1020    .data               stm32f10x_rcc.o
    0x20000034   0x00000004   Data   RW         2094    .data               main.o
    0x20000038   0x00000035   Data   RW         2303    .data               inv_mpu.o
    0x2000006d   0x00000003   PAD
    0x20000070   0x00000190   Zero   RW          161    .bss                usart.o
    0x20000200   0x00000034   Zero   RW         2093    .bss                main.o
    0x20000234   0x00000010   Zero   RW         2618    .bss                inv_mpu_dmp_motion_driver.o
    0x20000244   0x00000060   Zero   RW         3196    .bss                c_w.l(libspace.o)
    0x200002a4   0x00000004   PAD
    0x200002a8   0x00000200   Zero   RW          292    HEAP                startup_stm32f10x_md.o
    0x200004a8   0x00000400   Zero   RW          291    STACK               startup_stm32f10x_md.o


==============================================================================

Image component sizes


      Code (inc. data)   RO Data    RW Data    ZI Data      Debug   Object Name

       220         26          0          4          0     234475   delay.o
      6880        292        157         53          0      29920   inv_mpu.o
      3096        122       3062          0         16      20014   inv_mpu_dmp_motion_driver.o
       430        164          0          4         52       2170   main.o
       152         12          0          0          0       1346   misc.o
       608          0          0          0          0       5859   mpu6050.o
       658        100          0          0          0       4510   mpuiic.o
        64         26        236          0       1536        776   startup_stm32f10x_md.o
       200         18          0          0          0       1856   stm32f10x_exti.o
       346          4          0          0          0       2853   stm32f10x_gpio.o
        20          0          0          0          0       2361   stm32f10x_it.o
       244         26          0         20          0       3625   stm32f10x_rcc.o
       408          6          0          0          0       4614   stm32f10x_usart.o
         0          0          0          0          0         32   sys.o
       328         28          0         20          0       1985   system_stm32f10x.o
       398         38          0          8        400       5088   usart.o

    ----------------------------------------------------------------------
     14062        862       3490        112       2004     321484   Object Totals
         0          0         32          0          0          0   (incl. Generated)
        10          0          3          3          0          0   (incl. Padding)

    ----------------------------------------------------------------------

      Code (inc. data)   RO Data    RW Data    ZI Data      Debug   Library Member Name

        24          4          0          0          0         84   __2printf.o
         8          0          0          0          0         68   __main.o
       392          4         17          0          0         92   __printf_flags_ss_wp.o
        14          0          0          0          0         68   __printf_wp.o
         0          0          0          0          0          0   __rtentry.o
        12          0          0          0          0          0   __rtentry2.o
         6          0          0          0          0          0   __rtentry4.o
        52          8          0          0          0          0   __scatter.o
        26          0          0          0          0          0   __scatter_copy.o
        28          0          0          0          0          0   __scatter_zi.o
         6          0          0          0          0          0   _printf_c.o
        44          0          0          0          0        108   _printf_char.o
        48          6          0          0          0         96   _printf_char_common.o
        36          4          0          0          0         80   _printf_char_file.o
         6          0          0          0          0          0   _printf_d.o
       120         16          0          0          0         92   _printf_dec.o
         6          0          0          0          0          0   _printf_f.o
      1050          0          0          0          0        216   _printf_fp_dec.o
       128         16          0          0          0         84   _printf_fp_infnan.o
       178          0          0          0          0         88   _printf_intcommon.o
         0          0          0          0          0          0   _printf_percent.o
         4          0          0          0          0          0   _printf_percent_end.o
        82          0          0          0          0         80   _printf_str.o
        22          0          0          0          0        100   _rserrno.o
        16          0          0          0          0         68   aeabi_memset.o
       220          4        148          0          0         96   bigflt0.o
      1910        128          0          0          0        672   btod.o
        18          0          0          0          0         80   exit.o
         8          0          0          0          0         68   ferror.o
         6          0          0          0          0        152   heapauxi.o
        44         10         28          0          0         76   lc_numeric_c.o
         2          0          0          0          0          0   libinit.o
        18          0          0          0          0          0   libinit2.o
         2          0          0          0          0          0   libshutdown.o
         2          0          0          0          0          0   libshutdown2.o
         8          4          0          0         96         68   libspace.o
        72          0          0          0          0         76   llsdiv.o
       138          0          0          0          0         80   lludiv10.o
       238          0          0          0          0        100   lludivv7m.o
        88          0          0          0          0         76   memcmp.o
         8          4          0          0          0         68   rt_errno_addr_intlibspace.o
         8          4          0          0          0         68   rt_locale_intlibspace.o
        68          0          0          0          0         68   rt_memclr.o
        78          0          0          0          0         80   rt_memclr_w.o
         2          0          0          0          0          0   rtexit.o
        10          0          0          0          0          0   rtexit2.o
       128          0          0          0          0         68   strcmpv7m.o
        74          0          0          0          0         80   sys_stackheap_outer.o
         2          0          0          0          0         68   use_no_semi.o
         2          0          0          0          0         68   use_no_semi_2.o
        98          4          0          0          0         92   d2f.o
       826         16          0          0          0        348   daddsub_clz.o
        16          4          0          0          0         68   dcheck1.o
       688        140          0          0          0        208   ddiv.o
       340         12          0          0          0        104   dmul.o
       156          4          0          0          0         92   dnaninf.o
        12          0          0          0          0         68   dretinf.o
       460         56          0          0          0        120   dsqrt_noumaal.o
        86          4          0          0          0         84   f2d.o
       430          8          0          0          0        168   faddsub_clz.o
        24          0          0          0          0         68   fcmpi.o
       388         76          0          0          0         96   fdiv.o
       104          4          0          0          0         84   feqf.o
        54          4          0          0          0         84   ffix.o
        62          4          0          0          0         84   ffixu.o
        86          0          0          0          0        136   fflt_clz.o
       104          4          0          0          0         84   fleqf.o
       258          4          0          0          0         84   fmul.o
       140          4          0          0          0         84   fnaninf.o
        10          0          0          0          0         68   fretinf.o
        98          0          0          0          0         68   frleqf.o
         4          0          0          0          0         68   printf1.o
       100          0          0          0          0         68   retnan.o
        92          0          0          0          0         68   scalbn.o
        48          0          0          0          0         68   trapv.o
         0          0          0          0          0          0   usenofp.o
       624         52         80          0          0        168   asin.o
       544         70        152          0          0        124   atan.o
       384         38          0          0          0        144   atan2.o
        38          6          0          0          0        272   dunder.o
        40          0          0          0          0         68   fpclassify.o
       170          0          0          0          0         96   poly.o
         0          0          8          0          0          0   qnan.o
        76          0          0          0          0         84   sqrt.o

    ----------------------------------------------------------------------
     12050        726        438          0        100       6956   Library Totals
        28          0          5          0          4          0   (incl. Padding)

    ----------------------------------------------------------------------

      Code (inc. data)   RO Data    RW Data    ZI Data      Debug   Library Name

      5462        212        193          0         96       3436   c_w.l
      4684        348          0          0          0       2564   fz_ws.l
      1876        166        240          0          0        956   m_ws.l

    ----------------------------------------------------------------------
     12050        726        438          0        100       6956   Library Totals

    ----------------------------------------------------------------------

==============================================================================


      Code (inc. data)   RO Data    RW Data    ZI Data      Debug   

     26112       1588       3928        112       2104     319180   Grand Totals
     26112       1588       3928        112       2104     319180   ELF Image Totals
     26112       1588       3928        112          0          0   ROM Totals

==============================================================================

    Total RO  Size (Code + RO Data)                30040 (  29.34kB)
    Total RW  Size (RW Data + ZI Data)              2216 (   2.16kB)
    Total ROM Size (Code + RO Data + RW Data)      30152 (  29.45kB)

==============================================================================

