Component: ARM Compiler 5.06 update 1 (build 61) Tool: armlink [4d35a8]

==============================================================================

Section Cross References

    delay.o(i.Delay_ms) refers to delay.o(i.delay_us) for delay_us
    delay.o(i.Delay_s) refers to delay.o(i.delay_ms) for delay_ms
    delay.o(i.SysTick_Handler) refers to tasks.o(i.xTaskGetSchedulerState) for xTaskGetSchedulerState
    delay.o(i.SysTick_Handler) refers to port.o(i.xPortSysTickHandler) for xPortSysTickHandler
    delay.o(i.delay_init) refers to misc.o(i.SysTick_CLKSourceConfig) for SysTick_CLKSourceConfig
    delay.o(i.delay_init) refers to system_stm32f10x.o(.data) for SystemCoreClock
    delay.o(i.delay_init) refers to delay.o(.data) for fac_us
    delay.o(i.delay_ms) refers to tasks.o(i.xTaskGetSchedulerState) for xTaskGetSchedulerState
    delay.o(i.delay_ms) refers to tasks.o(i.vTaskDelay) for vTaskDelay
    delay.o(i.delay_ms) refers to delay.o(i.delay_us) for delay_us
    delay.o(i.delay_ms) refers to delay.o(.data) for fac_ms
    delay.o(i.delay_us) refers to delay.o(.data) for fac_us
    delay.o(i.delay_xms) refers to delay.o(i.delay_us) for delay_us
    sys.o(i.RCC_Configuration) refers to stm32f10x_rcc.o(i.RCC_DeInit) for RCC_DeInit
    sys.o(i.RCC_Configuration) refers to stm32f10x_rcc.o(i.RCC_HSEConfig) for RCC_HSEConfig
    sys.o(i.RCC_Configuration) refers to stm32f10x_rcc.o(i.RCC_WaitForHSEStartUp) for RCC_WaitForHSEStartUp
    sys.o(i.RCC_Configuration) refers to stm32f10x_rcc.o(i.RCC_PLLConfig) for RCC_PLLConfig
    sys.o(i.RCC_Configuration) refers to stm32f10x_rcc.o(i.RCC_HCLKConfig) for RCC_HCLKConfig
    sys.o(i.RCC_Configuration) refers to stm32f10x_rcc.o(i.RCC_PCLK1Config) for RCC_PCLK1Config
    sys.o(i.RCC_Configuration) refers to stm32f10x_rcc.o(i.RCC_PCLK2Config) for RCC_PCLK2Config
    sys.o(i.RCC_Configuration) refers to stm32f10x_flash.o(i.FLASH_SetLatency) for FLASH_SetLatency
    sys.o(i.RCC_Configuration) refers to stm32f10x_flash.o(i.FLASH_PrefetchBufferCmd) for FLASH_PrefetchBufferCmd
    sys.o(i.RCC_Configuration) refers to stm32f10x_rcc.o(i.RCC_PLLCmd) for RCC_PLLCmd
    sys.o(i.RCC_Configuration) refers to stm32f10x_rcc.o(i.RCC_GetFlagStatus) for RCC_GetFlagStatus
    sys.o(i.RCC_Configuration) refers to stm32f10x_rcc.o(i.RCC_SYSCLKConfig) for RCC_SYSCLKConfig
    sys.o(i.RCC_Configuration) refers to stm32f10x_rcc.o(i.RCC_GetSYSCLKSource) for RCC_GetSYSCLKSource
    sys.o(i.RCC_Configuration) refers to stm32f10x_rcc.o(i.RCC_APB2PeriphClockCmd) for RCC_APB2PeriphClockCmd
    sys.o(i.RCC_Configuration) refers to stm32f10x_rcc.o(i.RCC_APB1PeriphClockCmd) for RCC_APB1PeriphClockCmd
    usart.o(i.USART1_IRQHandler) refers (Special) to use_no_semi_2.o(.text) for __use_no_semihosting
    usart.o(i.USART1_IRQHandler) refers to stm32f10x_usart.o(i.USART_GetITStatus) for USART_GetITStatus
    usart.o(i.USART1_IRQHandler) refers to stm32f10x_usart.o(i.USART_ReceiveData) for USART_ReceiveData
    usart.o(i.USART1_IRQHandler) refers to stm32f10x_usart.o(i.USART_ClearITPendingBit) for USART_ClearITPendingBit
    usart.o(i.USART1_IRQHandler) refers to usertask.o(.data) for Is_Fire
    usart.o(i.USART1_Init) refers (Special) to use_no_semi_2.o(.text) for __use_no_semihosting
    usart.o(i.USART1_Init) refers to stm32f10x_rcc.o(i.RCC_APB2PeriphClockCmd) for RCC_APB2PeriphClockCmd
    usart.o(i.USART1_Init) refers to stm32f10x_gpio.o(i.GPIO_Init) for GPIO_Init
    usart.o(i.USART1_Init) refers to misc.o(i.NVIC_Init) for NVIC_Init
    usart.o(i.USART1_Init) refers to stm32f10x_usart.o(i.USART_Init) for USART_Init
    usart.o(i.USART1_Init) refers to stm32f10x_usart.o(i.USART_ITConfig) for USART_ITConfig
    usart.o(i.USART1_Init) refers to stm32f10x_usart.o(i.USART_Cmd) for USART_Cmd
    usart.o(i.USART1_printf) refers (Special) to use_no_semi_2.o(.text) for __use_no_semihosting
    usart.o(i.USART1_printf) refers to c89vsnprintf.o(.text) for __c89vsnprintf
    usart.o(i.USART1_printf) refers to stm32f10x_usart.o(i.USART_SendData) for USART_SendData
    usart.o(i.USART1_printf) refers to stm32f10x_usart.o(i.USART_GetFlagStatus) for USART_GetFlagStatus
    usart.o(i.USART1_printf) refers to strlen.o(.text) for strlen
    usart.o(i.USART2_IRQHandler) refers (Special) to use_no_semi_2.o(.text) for __use_no_semihosting
    usart.o(i.USART2_Init) refers (Special) to use_no_semi_2.o(.text) for __use_no_semihosting
    usart.o(i.USART2_Init) refers to stm32f10x_rcc.o(i.RCC_APB2PeriphClockCmd) for RCC_APB2PeriphClockCmd
    usart.o(i.USART2_Init) refers to stm32f10x_rcc.o(i.RCC_APB1PeriphClockCmd) for RCC_APB1PeriphClockCmd
    usart.o(i.USART2_Init) refers to stm32f10x_gpio.o(i.GPIO_Init) for GPIO_Init
    usart.o(i.USART2_Init) refers to stm32f10x_usart.o(i.USART_Init) for USART_Init
    usart.o(i.USART2_Init) refers to stm32f10x_usart.o(i.USART_ITConfig) for USART_ITConfig
[...]
    TIM1_UP_IRQHandler                       0x0800029f   Thumb Code     0  startup_stm32f10x_md.o(.text)
    TIM3_IRQHandler                          0x0800029f   Thumb Code     0  startup_stm32f10x_md.o(.text)
    TIM4_IRQHandler                          0x0800029f   Thumb Code     0  startup_stm32f10x_md.o(.text)
    USBWakeUp_IRQHandler                     0x0800029f   Thumb Code     0  startup_stm32f10x_md.o(.text)
    USB_HP_CAN1_TX_IRQHandler                0x0800029f   Thumb Code     0  startup_stm32f10x_md.o(.text)
    USB_LP_CAN1_RX0_IRQHandler               0x0800029f   Thumb Code     0  startup_stm32f10x_md.o(.text)
    WWDG_IRQHandler                          0x0800029f   Thumb Code     0  startup_stm32f10x_md.o(.text)
    __user_initial_stackheap                 0x080002a1   Thumb Code     0  startup_stm32f10x_md.o(.text)
    __use_no_semihosting                     0x080002c5   Thumb Code     2  use_no_semi_2.o(.text)
    __aeabi_ldivmod                          0x080002c7   Thumb Code     0  llsdiv.o(.text)
    _ll_sdiv                                 0x080002c7   Thumb Code    72  llsdiv.o(.text)
    __2printf                                0x08000311   Thumb Code    20  __2printf.o(.text)
    _printf_str                              0x08000329   Thumb Code    82  _printf_str.o(.text)
    _printf_int_dec                          0x0800037d   Thumb Code   104  _printf_dec.o(.text)
    __printf                                 0x080003f5   Thumb Code   388  __printf_flags_ss_wp.o(.text)
    memcmp                                   0x0800057d   Thumb Code    88  memcmp.o(.text)
    __aeabi_memcpy                           0x080005d5   Thumb Code     0  rt_memcpy_v6.o(.text)
    __rt_memcpy                              0x080005d5   Thumb Code   138  rt_memcpy_v6.o(.text)
    _memcpy_lastbytes                        0x0800063b   Thumb Code     0  rt_memcpy_v6.o(.text)
    __aeabi_memset                           0x0800065f   Thumb Code    16  aeabi_memset.o(.text)
    __use_two_region_memory                  0x0800066f   Thumb Code     2  heapauxi.o(.text)
    __rt_heap_escrow$2region                 0x08000671   Thumb Code     2  heapauxi.o(.text)
    __rt_heap_expand$2region                 0x08000673   Thumb Code     2  heapauxi.o(.text)
    __I$use$semihosting                      0x08000675   Thumb Code     0  use_no_semi.o(.text)
    __use_no_semihosting_swi                 0x08000675   Thumb Code     2  use_no_semi.o(.text)
    __aeabi_uldivmod                         0x08000677   Thumb Code     0  lludivv7m.o(.text)
    _ll_udiv                                 0x08000677   Thumb Code   238  lludivv7m.o(.text)
    __read_errno                             0x08000765   Thumb Code    10  _rserrno.o(.text)
    __set_errno                              0x0800076f   Thumb Code    12  _rserrno.o(.text)
    _printf_int_common                       0x0800077b   Thumb Code   178  _printf_intcommon.o(.text)
    __lib_sel_fp_printf                      0x0800082d   Thumb Code     2  _printf_fp_dec.o(.text)
    _printf_fp_dec_real                      0x080009db   Thumb Code   620  _printf_fp_dec.o(.text)
    _printf_char_common                      0x08000c53   Thumb Code    32  _printf_char_common.o(.text)
    _printf_cs_common                        0x08000c79   Thumb Code    20  _printf_char.o(.text)
    _printf_char                             0x08000c8d   Thumb Code    16  _printf_char.o(.text)
    _printf_string                           0x08000c9d   Thumb Code     8  _printf_char.o(.text)
    _printf_char_file                        0x08000ca5   Thumb Code    32  _printf_char_file.o(.text)
    __aeabi_memcpy4                          0x08000cc9   Thumb Code     0  rt_memcpy_w.o(.text)
    __aeabi_memcpy8                          0x08000cc9   Thumb Code     0  rt_memcpy_w.o(.text)
    __rt_memcpy_w                            0x08000cc9   Thumb Code   100  rt_memcpy_w.o(.text)
    _memcpy_lastbytes_aligned                0x08000d11   Thumb Code     0  rt_memcpy_w.o(.text)
    __aeabi_memclr                           0x08000d2d   Thumb Code     0  rt_memclr.o(.text)
    __rt_memclr                              0x08000d2d   Thumb Code    68  rt_memclr.o(.text)
    _memset                                  0x08000d31   Thumb Code     0  rt_memclr.o(.text)
    __rt_locale                              0x08000d71   Thumb Code     8  rt_locale_intlibspace.o(.text)
    __aeabi_errno_addr                       0x08000d79   Thumb Code     8  rt_errno_addr_intlibspace.o(.text)
    __errno$intlibspace                      0x08000d79   Thumb Code     0  rt_errno_addr_intlibspace.o(.text)
    __rt_errno_addr$intlibspace              0x08000d79   Thumb Code     0  rt_errno_addr_intlibspace.o(.text)
    _ll_udiv10                               0x08000d81   Thumb Code   138  lludiv10.o(.text)
    _printf_fp_infnan                        0x08000e0d   Thumb Code   112  _printf_fp_infnan.o(.text)
    _btod_etento                             0x08000e8d   Thumb Code   216  bigflt0.o(.text)
    ferror                                   0x08000f69   Thumb Code     8  ferror.o(.text)
    __aeabi_memclr4                          0x08000f71   Thumb Code     0  rt_memclr_w.o(.text)
    __aeabi_memclr8                          0x08000f71   Thumb Code     0  rt_memclr_w.o(.text)
    __rt_memclr_w                            0x08000f71   Thumb Code    78  rt_memclr_w.o(.text)
    _memset_w                                0x08000f75   Thumb Code     0  rt_memclr_w.o(.text)
    __user_libspace                          0x08000fc1   Thumb Code     8  libspace.o(.text)
    __user_perproc_libspace                  0x08000fc1   Thumb Code     0  libspace.o(.text)
    __user_perthread_libspace                0x08000fc1   Thumb Code     0  libspace.o(.text)
    __user_setup_stackheap                   0x08000fc9   Thumb Code    74  sys_stackheap_outer.o(.text)
    exit                                     0x08001013   Thumb Code    18  exit.o(.text)
    strcmp                                   0x08001025   Thumb Code   128  strcmpv7m.o(.text)
    _btod_d2e                                0x080010a5   Thumb Code    62  btod.o(CL$$btod_d2e)
    _d2e_denorm_low                          0x080010e3   Thumb Code    70  btod.o(CL$$btod_d2e_denorm_low)
    _d2e_norm_op1                            0x08001129   Thumb Code    96  btod.o(CL$$btod_d2e_norm_op1)
    __btod_div_common                        0x08001189   Thumb Code   696  btod.o(CL$$btod_div_common)
    _e2e                                     0x080014c1   Thumb Code   198  btod.o(CL$$btod_e2e)
    _btod_ediv                               0x08001587   Thumb Code    40  btod.o(CL$$btod_ediv)
    _btod_emul                               0x080015af   Thumb Code    40  btod.o(CL$$btod_emul)
    __btod_mult_common                       0x080015d7   Thumb Code   580  btod.o(CL$$btod_mult_common)
    BusFault_Handler                         0x0800181b   Thumb Code     4  stm32f10x_it.o(i.BusFault_Handler)
    BuzzerLEDFire_Init                       0x08001821   Thumb Code   110  buzzer.o(i.BuzzerLEDFire_Init)
    Buzzer_beep_long1                        0x08001899   Thumb Code    28  buzzer.o(i.Buzzer_beep_long1)
    Buzzer_beep_short1                       0x080018b9   Thumb Code    28  buzzer.o(i.Buzzer_beep_short1)
    Buzzer_beep_short2                       0x080018d9   Thumb Code    58  buzzer.o(i.Buzzer_beep_short2)
    DMA_ClearFlag                            0x08001919   Thumb Code    18  stm32f10x_dma.o(i.DMA_ClearFlag)
    DMA_Cmd                                  0x08001935   Thumb Code    24  stm32f10x_dma.o(i.DMA_Cmd)
    DMA_Init                                 0x0800194d   Thumb Code    60  stm32f10x_dma.o(i.DMA_Init)
    DebugMon_Handler                         0x08001989   Thumb Code     2  stm32f10x_it.o(i.DebugMon_Handler)
    EXTI0_IRQHandler                         0x0800198d   Thumb Code    30  nvic.o(i.EXTI0_IRQHandler)
    EXTI_ClearITPendingBit                   0x080019b5   Thumb Code     6  stm32f10x_exti.o(i.EXTI_ClearITPendingBit)
    EXTI_GetITStatus                         0x080019c1   Thumb Code    34  stm32f10x_exti.o(i.EXTI_GetITStatus)
    EXTI_Init                                0x080019e9   Thumb Code   142  stm32f10x_exti.o(i.EXTI_Init)
    Erorr_MPU                                0x08001a7d   Thumb Code    26  erorr.o(i.Erorr_MPU)
    Erorr_RTOS                               0x08001a9d   Thumb Code    26  erorr.o(i.Erorr_RTOS)
    FLASH_ClearFlag                          0x08001abd   Thumb Code     6  stm32f10x_flash.o(i.FLASH_ClearFlag)
    FLASH_ErasePage                          0x08001ac9   Thumb Code    72  stm32f10x_flash.o(i.FLASH_ErasePage)
    FLASH_GetBank1Status                     0x08001b15   Thumb Code    48  stm32f10x_flash.o(i.FLASH_GetBank1Status)
    FLASH_Lock                               0x08001b49   Thumb Code    14  stm32f10x_flash.o(i.FLASH_Lock)
    FLASH_ProgramWord                        0x08001b5d   Thumb Code   102  stm32f10x_flash.o(i.FLASH_ProgramWord)
    FLASH_Read_FloatBuffer                   0x08001bc9   Thumb Code    88  internal_flash.o(i.FLASH_Read_FloatBuffer)
    FLASH_Unlock                             0x08001c31   Thumb Code    12  stm32f10x_flash.o(i.FLASH_Unlock)
    FLASH_WaitForLastOperation               0x08001c49   Thumb Code    38  stm32f10x_flash.o(i.FLASH_WaitForLastOperation)
    Flash_Write_FloatBuffer                  0x08001c71   Thumb Code   116  internal_flash.o(i.Flash_Write_FloatBuffer)
    GPIO_EXTILineConfig                      0x08001ce9   Thumb Code    60  stm32f10x_gpio.o(i.GPIO_EXTILineConfig)
    GPIO_Init                                0x08001d29   Thumb Code   278  stm32f10x_gpio.o(i.GPIO_Init)
    GPIO_ResetBits                           0x08001e3f   Thumb Code     4  stm32f10x_gpio.o(i.GPIO_ResetBits)
    GPIO_SetBits                             0x08001e43   Thumb Code     4  stm32f10x_gpio.o(i.GPIO_SetBits)
    GYRO_Init                                0x08001e49   Thumb Code    46  mpu6050.o(i.GYRO_Init)
    HardFault_Handler                        0x08001ec5   Thumb Code     4  stm32f10x_it.o(i.HardFault_Handler)
    LED_beep                                 0x08001ec9   Thumb Code    46  erorr.o(i.LED_beep)
    MPU_IIC_Ack                              0x08001efd   Thumb Code    62  mpuiic.o(i.MPU_IIC_Ack)
    MPU_IIC_Delay                            0x08001f49   Thumb Code    10  mpuiic.o(i.MPU_IIC_Delay)
    MPU_IIC_Init                             0x08001f55   Thumb Code    46  mpuiic.o(i.MPU_IIC_Init)
    MPU_IIC_NAck                             0x08001f89   Thumb Code    62  mpuiic.o(i.MPU_IIC_NAck)
    MPU_IIC_Read_Byte                        0x08001fd5   Thumb Code    94  mpuiic.o(i.MPU_IIC_Read_Byte)
    MPU_IIC_Send_Byte                        0x08002041   Thumb Code    80  mpuiic.o(i.MPU_IIC_Send_Byte)
    MPU_IIC_Start                            0x0800209d   Thumb Code    60  mpuiic.o(i.MPU_IIC_Start)
    MPU_IIC_Stop                             0x080020e5   Thumb Code    58  mpuiic.o(i.MPU_IIC_Stop)
    MPU_IIC_Wait_Ack                         0x0800212d   Thumb Code    86  mpuiic.o(i.MPU_IIC_Wait_Ack)
    MPU_Init                                 0x08002191   Thumb Code   122  mpu6050.o(i.MPU_Init)
    MPU_Read_Byte                            0x0800220b   Thumb Code    58  mpu6050.o(i.MPU_Read_Byte)
    MPU_Read_Len                             0x08002245   Thumb Code   116  mpu6050.o(i.MPU_Read_Len)
    MPU_Set_Accel_Fsr                        0x080022b9   Thumb Code    16  mpu6050.o(i.MPU_Set_Accel_Fsr)
    MPU_Set_Gyro_Fsr                         0x080022c9   Thumb Code    16  mpu6050.o(i.MPU_Set_Gyro_Fsr)
    MPU_Set_LPF                              0x080022d9   Thumb Code    58  mpu6050.o(i.MPU_Set_LPF)
    MPU_Set_Rate                             0x08002313   Thumb Code    58  mpu6050.o(i.MPU_Set_Rate)
    MPU_Write_Byte                           0x0800234d   Thumb Code    68  mpu6050.o(i.MPU_Write_Byte)
    MPU_Write_Len                            0x08002391   Thumb Code    96  mpu6050.o(i.MPU_Write_Len)
    MemManage_Handler                        0x080023f1   Thumb Code     4  stm32f10x_it.o(i.MemManage_Handler)
    NMI_Handler                              0x080023f5   Thumb Code     2  stm32f10x_it.o(i.NMI_Handler)
    NVIC_INIT                                0x080023f7   Thumb Code    82  nvic.o(i.NVIC_INIT)
    NVIC_Init                                0x08002449   Thumb Code   100  misc.o(i.NVIC_Init)
    NVIC_PriorityGroupConfig                 0x080024b9   Thumb Code    10  misc.o(i.NVIC_PriorityGroupConfig)
    PID_Pitch                                0x080024cd   Thumb Code   280  pid.o(i.PID_Pitch)
    PID_Roll                                 0x08002621   Thumb Code   280  pid.o(i.PID_Roll)
    PID_Set_Goal                             0x08002775   Thumb Code    14  pid.o(i.PID_Set_Goal)
    RCC_AHBPeriphClockCmd                    0x08002791   Thumb Code    26  stm32f10x_rcc.o(i.RCC_AHBPeriphClockCmd)
    RCC_APB1PeriphClockCmd                   0x080027b1   Thumb Code    26  stm32f10x_rcc.o(i.RCC_APB1PeriphClockCmd)
    RCC_APB2PeriphClockCmd                   0x080027d1   Thumb Code    26  stm32f10x_rcc.o(i.RCC_APB2PeriphClockCmd)
    RCC_GetClocksFreq                        0x080027f1   Thumb Code   192  stm32f10x_rcc.o(i.RCC_GetClocksFreq)
    ServoSet                                 0x080028c5   Thumb Code   316  servo.o(i.ServoSet)
    StartRTOS                                0x08002afd   Thumb Code    28  usertask.o(i.StartRTOS)
    SysTick_CLKSourceConfig                  0x08002b2d   Thumb Code    40  misc.o(i.SysTick_CLKSourceConfig)
    SysTick_Handler                          0x08002b55   Thumb Code    16  delay.o(i.SysTick_Handler)
    SystemInit                               0x08002b65   Thumb Code    78  system_stm32f10x.o(i.SystemInit)
    TIM2_IRQHandler                          0x08002bc5   Thumb Code    22  tim.o(i.TIM2_IRQHandler)
    TIM_ClearITPendingBit                    0x08002bdb   Thumb Code     6  stm32f10x_tim.o(i.TIM_ClearITPendingBit)
    TIM_Cmd                                  0x08002be1   Thumb Code    24  stm32f10x_tim.o(i.TIM_Cmd)
    TIM_GetITStatus                          0x08002bf9   Thumb Code    34  stm32f10x_tim.o(i.TIM_GetITStatus)
    TIM_ITConfig                             0x08002c1b   Thumb Code    18  stm32f10x_tim.o(i.TIM_ITConfig)
    TIM_OC1Init                              0x08002c2d   Thumb Code   132  stm32f10x_tim.o(i.TIM_OC1Init)
    TIM_OC1PreloadConfig                     0x08002cc5   Thumb Code    18  stm32f10x_tim.o(i.TIM_OC1PreloadConfig)
    TIM_OC2Init                              0x08002cd9   Thumb Code   154  stm32f10x_tim.o(i.TIM_OC2Init)
    TIM_OC2PreloadConfig                     0x08002d7d   Thumb Code    26  stm32f10x_tim.o(i.TIM_OC2PreloadConfig)
    TIM_OC3Init                              0x08002d99   Thumb Code   150  stm32f10x_tim.o(i.TIM_OC3Init)
    TIM_OC3PreloadConfig                     0x08002e39   Thumb Code    18  stm32f10x_tim.o(i.TIM_OC3PreloadConfig)
    TIM_OC4Init                              0x08002e4d   Thumb Code   114  stm32f10x_tim.o(i.TIM_OC4Init)
    TIM_OC4PreloadConfig                     0x08002ec9   Thumb Code    26  stm32f10x_tim.o(i.TIM_OC4PreloadConfig)
    TIM_PWM_Init                             0x08002ee5   Thumb Code   312  pwm.o(i.TIM_PWM_Init)
    TIM_SetCompare1                          0x08003029   Thumb Code     4  stm32f10x_tim.o(i.TIM_SetCompare1)
    TIM_SetCompare2                          0x0800302d   Thumb Code     4  stm32f10x_tim.o(i.TIM_SetCompare2)
    TIM_SetCompare3                          0x08003031   Thumb Code     4  stm32f10x_tim.o(i.TIM_SetCompare3)
    TIM_SetCompare4                          0x08003035   Thumb Code     6  stm32f10x_tim.o(i.TIM_SetCompare4)
    TIM_TimeBaseInit                         0x0800303d   Thumb Code   122  stm32f10x_tim.o(i.TIM_TimeBaseInit)
    TIMx_Init                                0x080030e1   Thumb Code    74  tim.o(i.TIMx_Init)
    TIMx_NVIC_Init                           0x0800312b   Thumb Code    34  tim.o(i.TIMx_NVIC_Init)
    USART1_IRQHandler                        0x0800314d   Thumb Code    64  usart.o(i.USART1_IRQHandler)
    USART1_Init                              0x0800319d   Thumb Code   154  usart.o(i.USART1_Init)
    USART2_IRQHandler                        0x08003241   Thumb Code     2  usart.o(i.USART2_IRQHandler)
    USART3_IRQHandler                        0x08003245   Thumb Code    46  usart.o(i.USART3_IRQHandler)
    USART_ClearITPendingBit                  0x0800327d   Thumb Code    30  stm32f10x_usart.o(i.USART_ClearITPendingBit)
    USART_Cmd                                0x0800329b   Thumb Code    24  stm32f10x_usart.o(i.USART_Cmd)
    USART_Config                             0x080032b5   Thumb Code   120  bsp_usart_dma.o(i.USART_Config)
    USART_DMACmd                             0x08003335   Thumb Code    18  stm32f10x_usart.o(i.USART_DMACmd)
    USART_GetFlagStatus                      0x08003347   Thumb Code    26  stm32f10x_usart.o(i.USART_GetFlagStatus)
    USART_GetITStatus                        0x08003361   Thumb Code    84  stm32f10x_usart.o(i.USART_GetITStatus)
    USART_ITConfig                           0x080033b5   Thumb Code    74  stm32f10x_usart.o(i.USART_ITConfig)
    USART_Init                               0x08003401   Thumb Code   210  stm32f10x_usart.o(i.USART_Init)
    USART_ReceiveData                        0x080034d9   Thumb Code    10  stm32f10x_usart.o(i.USART_ReceiveData)
    USART_SendData                           0x080034e3   Thumb Code     8  stm32f10x_usart.o(i.USART_SendData)
    USARTx_DMA_Config                        0x080034ed   Thumb Code    76  bsp_usart_dma.o(i.USARTx_DMA_Config)
    USARTx_DMA_NOAMAL_RESTART                0x08003545   Thumb Code    16  bsp_usart_dma.o(i.USARTx_DMA_NOAMAL_RESTART)
    UsageFault_Handler                       0x08003559   Thumb Code     4  stm32f10x_it.o(i.UsageFault_Handler)
    __ARM_fpclassify                         0x0800355d   Thumb Code    40  fpclassify.o(i.__ARM_fpclassify)
    __kernel_poly                            0x08003585   Thumb Code   170  poly.o(i.__kernel_poly)
    __mathlib_dbl_infnan                     0x0800362f   Thumb Code     6  dunder.o(i.__mathlib_dbl_infnan)
    __mathlib_dbl_infnan2                    0x08003635   Thumb Code     4  dunder.o(i.__mathlib_dbl_infnan2)
    __mathlib_dbl_invalid                    0x08003639   Thumb Code    12  dunder.o(i.__mathlib_dbl_invalid)
    __mathlib_dbl_underflow                  0x08003645   Thumb Code    10  dunder.o(i.__mathlib_dbl_underflow)
    _is_digit                                0x08003655   Thumb Code    14  __printf_wp.o(i._is_digit)
    _sys_exit                                0x08003663   Thumb Code     6  usart.o(i._sys_exit)
    asin                                     0x08003711   Thumb Code   572  asin.o(i.asin)
    atan                                     0x08003981   Thumb Code   474  atan.o(i.atan)
    atan2                                    0x08003ba1   Thumb Code   346  atan2.o(i.atan2)
    delay_init                               0x08003d85   Thumb Code    74  delay.o(i.delay_init)
    delay_ms                                 0x08003de1   Thumb Code    62  delay.o(i.delay_ms)
    delay_us                                 0x08003e25   Thumb Code    68  delay.o(i.delay_us)
    delay_xms                                0x08003e6d   Thumb Code    24  delay.o(i.delay_xms)
    dmp_enable_6x_lp_quat                    0x08003e85   Thumb Code    60  inv_mpu_dmp_motion_driver.o(i.dmp_enable_6x_lp_quat)
    dmp_enable_feature                       0x08003ec1   Thumb Code   530  inv_mpu_dmp_motion_driver.o(i.dmp_enable_feature)
    dmp_enable_gyro_cal                      0x080040dd   Thumb Code    62  inv_mpu_dmp_motion_driver.o(i.dmp_enable_gyro_cal)
    dmp_enable_lp_quat                       0x08004135   Thumb Code    60  inv_mpu_dmp_motion_driver.o(i.dmp_enable_lp_quat)
    dmp_load_motion_driver_firmware          0x08004171   Thumb Code    20  inv_mpu_dmp_motion_driver.o(i.dmp_load_motion_driver_firmware)
    dmp_read_fifo                            0x08004189   Thumb Code   456  inv_mpu_dmp_motion_driver.o(i.dmp_read_fifo)
    dmp_set_accel_bias                       0x08004355   Thumb Code   300  inv_mpu_dmp_motion_driver.o(i.dmp_set_accel_bias)
    dmp_set_fifo_rate                        0x08004485   Thumb Code    96  inv_mpu_dmp_motion_driver.o(i.dmp_set_fifo_rate)
    dmp_set_gyro_bias                        0x080044f5   Thumb Code   294  inv_mpu_dmp_motion_driver.o(i.dmp_set_gyro_bias)
    dmp_set_orientation                      0x08004625   Thumb Code   290  inv_mpu_dmp_motion_driver.o(i.dmp_set_orientation)
    dmp_set_shake_reject_thresh              0x0800475d   Thumb Code    56  inv_mpu_dmp_motion_driver.o(i.dmp_set_shake_reject_thresh)
    dmp_set_shake_reject_time                0x08004795   Thumb Code    38  inv_mpu_dmp_motion_driver.o(i.dmp_set_shake_reject_time)
    dmp_set_shake_reject_timeout             0x080047bb   Thumb Code    38  inv_mpu_dmp_motion_driver.o(i.dmp_set_shake_reject_timeout)
    dmp_set_tap_axes                         0x080047e1   Thumb Code    70  inv_mpu_dmp_motion_driver.o(i.dmp_set_tap_axes)
    dmp_set_tap_count                        0x08004827   Thumb Code    38  inv_mpu_dmp_motion_driver.o(i.dmp_set_tap_count)
    dmp_set_tap_thresh                       0x0800484d   Thumb Code   396  inv_mpu_dmp_motion_driver.o(i.dmp_set_tap_thresh)
    dmp_set_tap_time                         0x080049ed   Thumb Code    38  inv_mpu_dmp_motion_driver.o(i.dmp_set_tap_time)
    dmp_set_tap_time_multi                   0x08004a13   Thumb Code    38  inv_mpu_dmp_motion_driver.o(i.dmp_set_tap_time_multi)
    float2char                               0x08004a39   Thumb Code    48  usertask.o(i.float2char)
    fputc                                    0x08004a69   Thumb Code    32  bsp_usart_dma.o(i.fputc)
    inv_orientation_matrix_to_scalar         0x080050c1   Thumb Code    40  inv_mpu.o(i.inv_orientation_matrix_to_scalar)
    inv_row_2_scale                          0x080050e9   Thumb Code    78  inv_mpu.o(i.inv_row_2_scale)
    main                                     0x08005137   Thumb Code    80  main.o(i.main)
    mget_ms                                  0x08005187   Thumb Code     2  inv_mpu.o(i.mget_ms)
    mpu_configure_fifo                       0x08005189   Thumb Code   106  inv_mpu.o(i.mpu_configure_fifo)
    mpu_dmp_get_data                         0x080051f9   Thumb Code   558  inv_mpu.o(i.mpu_dmp_get_data)
    mpu_dmp_init                             0x0800542d   Thumb Code   154  inv_mpu.o(i.mpu_dmp_init)
    mpu_get_accel_fsr                        0x080054cd   Thumb Code    72  inv_mpu.o(i.mpu_get_accel_fsr)
    mpu_get_accel_sens                       0x08005519   Thumb Code    78  inv_mpu.o(i.mpu_get_accel_sens)
    mpu_get_fifo_config                      0x0800556d   Thumb Code    12  inv_mpu.o(i.mpu_get_fifo_config)
    mpu_get_gyro_fsr                         0x0800557d   Thumb Code    64  inv_mpu.o(i.mpu_get_gyro_fsr)
    mpu_get_gyro_sens                        0x080055c1   Thumb Code    58  inv_mpu.o(i.mpu_get_gyro_sens)
    mpu_get_lpf                              0x08005611   Thumb Code    74  inv_mpu.o(i.mpu_get_lpf)
    mpu_get_sample_rate                      0x08005661   Thumb Code    26  inv_mpu.o(i.mpu_get_sample_rate)
    mpu_init                                 0x08005681   Thumb Code   416  inv_mpu.o(i.mpu_init)
    mpu_load_firmware                        0x08005871   Thumb Code   180  inv_mpu.o(i.mpu_load_firmware)
    mpu_lp_accel_mode                        0x08005929   Thumb Code   218  inv_mpu.o(i.mpu_lp_accel_mode)
    mpu_read_fifo_stream                     0x08005a09   Thumb Code   186  inv_mpu.o(i.mpu_read_fifo_stream)
    mpu_read_mem                             0x08005ac9   Thumb Code   122  inv_mpu.o(i.mpu_read_mem)
    mpu_reset_fifo                           0x08005b49   Thumb Code   450  inv_mpu.o(i.mpu_reset_fifo)
    mpu_run_self_test                        0x08005d11   Thumb Code   278  inv_mpu.o(i.mpu_run_self_test)
    mpu_set_accel_fsr                        0x08005e2d   Thumb Code   126  inv_mpu.o(i.mpu_set_accel_fsr)
    mpu_set_bypass                           0x08005eb1   Thumb Code   328  inv_mpu.o(i.mpu_set_bypass)
    mpu_set_dmp_state                        0x08005ffd   Thumb Code   138  inv_mpu.o(i.mpu_set_dmp_state)
    mpu_set_gyro_fsr                         0x0800608d   Thumb Code   132  inv_mpu.o(i.mpu_set_gyro_fsr)
    mpu_set_int_latched                      0x08006115   Thumb Code   102  inv_mpu.o(i.mpu_set_int_latched)
    mpu_set_lpf                              0x08006181   Thumb Code   126  inv_mpu.o(i.mpu_set_lpf)
    mpu_set_sample_rate                      0x08006205   Thumb Code   152  inv_mpu.o(i.mpu_set_sample_rate)
    mpu_set_sensors                          0x080062a1   Thumb Code   202  inv_mpu.o(i.mpu_set_sensors)
    mpu_write_mem                            0x08006371   Thumb Code   122  inv_mpu.o(i.mpu_write_mem)
    pvPortMalloc                             0x08006ed5   Thumb Code   262  heap_4.o(i.pvPortMalloc)
    pvTaskIncrementMutexHeldCount            0x08007025   Thumb Code    26  tasks.o(i.pvTaskIncrementMutexHeldCount)
    pxPortInitialiseStack                    0x08007045   Thumb Code    30  port.o(i.pxPortInitialiseStack)
    run_self_test                            0x08007069   Thumb Code   148  inv_mpu.o(i.run_self_test)
    sqrt                                     0x0800718d   Thumb Code    76  sqrt.o(i.sqrt)
    start_task                               0x080071d9   Thumb Code   112  usertask.o(i.start_task)
    task1_task                               0x08007289   Thumb Code   476  usertask.o(i.task1_task)
    task2_task                               0x08007515   Thumb Code   110  usertask.o(i.task2_task)
    task3_task                               0x0800758d   Thumb Code    32  usertask.o(i.task3_task)
    uxListRemove                             0x080075b1   Thumb Code    40  list.o(i.uxListRemove)
    vListInitialise                          0x080075d9   Thumb Code    26  list.o(i.vListInitialise)
    vListInitialiseItem                      0x080075f3   Thumb Code     6  list.o(i.vListInitialiseItem)
    vListInsert                              0x080075f9   Thumb Code    52  list.o(i.vListInsert)
    vListInsertEnd                           0x0800762d   Thumb Code    24  list.o(i.vListInsertEnd)
    vPortEnterCritical                       0x08007645   Thumb Code    68  port.o(i.vPortEnterCritical)
    vPortExitCritical                        0x080076c9   Thumb Code    48  port.o(i.vPortExitCritical)
    vPortFree                                0x08007735   Thumb Code   120  heap_4.o(i.vPortFree)
    vPortSetupTimerInterrupt                 0x080077e9   Thumb Code    26  port.o(i.vPortSetupTimerInterrupt)
    vPortValidateInterruptPriority           0x08007809   Thumb Code    86  port.o(i.vPortValidateInterruptPriority)
    vQueueAddToRegistry                      0x080078a5   Thumb Code    38  queue.o(i.vQueueAddToRegistry)
    vQueueWaitForMessageRestricted           0x080078d1   Thumb Code    74  queue.o(i.vQueueWaitForMessageRestricted)
    vTaskDelay                               0x0800791d   Thumb Code    72  tasks.o(i.vTaskDelay)
    vTaskDelete                              0x08007991   Thumb Code   192  tasks.o(i.vTaskDelete)
    vTaskMissedYield                         0x08007a9d   Thumb Code     8  tasks.o(i.vTaskMissedYield)
    vTaskPlaceOnEventList                    0x08007aa9   Thumb Code    42  tasks.o(i.vTaskPlaceOnEventList)
    vTaskPlaceOnEventListRestricted          0x08007afd   Thumb Code    50  tasks.o(i.vTaskPlaceOnEventListRestricted)
    vTaskPriorityInherit                     0x08007b59   Thumb Code   164  tasks.o(i.vTaskPriorityInherit)
    vTaskSetTimeOutState                     0x08007c09   Thumb Code    32  tasks.o(i.vTaskSetTimeOutState)
    vTaskStartScheduler                      0x08007c55   Thumb Code   108  tasks.o(i.vTaskStartScheduler)
    vTaskSuspendAll                          0x08007d01   Thumb Code    12  tasks.o(i.vTaskSuspendAll)
    vTaskSwitchContext                       0x08007d11   Thumb Code   110  tasks.o(i.vTaskSwitchContext)
    xPortStartScheduler                      0x08007db9   Thumb Code   140  port.o(i.xPortStartScheduler)
    xPortSysTickHandler                      0x08007e59   Thumb Code    46  port.o(i.xPortSysTickHandler)
    xQueueGenericCreate                      0x08007e8d   Thumb Code    78  queue.o(i.xQueueGenericCreate)
    xQueueGenericReceive                     0x08007f01   Thumb Code   416  queue.o(i.xQueueGenericReceive)
    xQueueGenericReset                       0x080080c9   Thumb Code   136  queue.o(i.xQueueGenericReset)
    xQueueGenericSend                        0x08008179   Thumb Code   412  queue.o(i.xQueueGenericSend)
    xQueueGenericSendFromISR                 0x0800833d   Thumb Code   234  queue.o(i.xQueueGenericSendFromISR)
    xTaskCheckForTimeOut                     0x0800844d   Thumb Code   116  tasks.o(i.xTaskCheckForTimeOut)
    xTaskCreate                              0x080084ed   Thumb Code    96  tasks.o(i.xTaskCreate)
    xTaskGetSchedulerState                   0x0800854d   Thumb Code    24  tasks.o(i.xTaskGetSchedulerState)
    xTaskGetTickCount                        0x0800856d   Thumb Code     6  tasks.o(i.xTaskGetTickCount)
    xTaskIncrementTick                       0x08008579   Thumb Code   272  tasks.o(i.xTaskIncrementTick)
    xTaskPriorityDisinherit                  0x080086d9   Thumb Code   168  tasks.o(i.xTaskPriorityDisinherit)
    xTaskRemoveFromEventList                 0x080087b1   Thumb Code   118  tasks.o(i.xTaskRemoveFromEventList)
    xTaskResumeAll                           0x08008865   Thumb Code   214  tasks.o(i.xTaskResumeAll)
    xTimerCreateTimerTask                    0x08008985   Thumb Code    56  timers.o(i.xTimerCreateTimerTask)
    xTimerGenericCommand                     0x080089f5   Thumb Code   118  timers.o(i.xTimerGenericCommand)
    _get_lc_numeric                          0x08008a95   Thumb Code    44  lc_numeric_c.o(locale$$code)
    __aeabi_d2f                              0x08008ac1   Thumb Code     0  d2f.o(x$fpl$d2f)
    _d2f                                     0x08008ac1   Thumb Code    98  d2f.o(x$fpl$d2f)
    __aeabi_dadd                             0x08008b25   Thumb Code     0  daddsub_clz.o(x$fpl$dadd)
    _dadd                                    0x08008b25   Thumb Code   332  daddsub_clz.o(x$fpl$dadd)
    __fpl_dcheck_NaN1                        0x08008c75   Thumb Code    10  dcheck1.o(x$fpl$dcheck1)
    __fpl_dcmp_Inf                           0x08008c85   Thumb Code    24  dcmpi.o(x$fpl$dcmpinf)
    __aeabi_ddiv                             0x08008c9d   Thumb Code     0  ddiv.o(x$fpl$ddiv)
    _ddiv                                    0x08008c9d   Thumb Code   552  ddiv.o(x$fpl$ddiv)
    __aeabi_d2iz                             0x08008f4d   Thumb Code     0  dfix.o(x$fpl$dfix)
    _dfix                                    0x08008f4d   Thumb Code    94  dfix.o(x$fpl$dfix)
    __aeabi_cdcmple                          0x08008fad   Thumb Code     0  dleqf.o(x$fpl$dleqf)
    _dcmple                                  0x08008fad   Thumb Code   120  dleqf.o(x$fpl$dleqf)
    __fpl_dcmple_InfNaN                      0x0800900f   Thumb Code     0  dleqf.o(x$fpl$dleqf)
    __aeabi_dmul                             0x08009025   Thumb Code     0  dmul.o(x$fpl$dmul)
    _dmul                                    0x08009025   Thumb Code   332  dmul.o(x$fpl$dmul)
    __fpl_dnaninf                            0x08009179   Thumb Code   156  dnaninf.o(x$fpl$dnaninf)
    __fpl_dretinf                            0x08009215   Thumb Code    12  dretinf.o(x$fpl$dretinf)
    __aeabi_drsub                            0x08009221   Thumb Code     0  daddsub_clz.o(x$fpl$drsb)
    _drsb                                    0x08009221   Thumb Code    22  daddsub_clz.o(x$fpl$drsb)
    _dsqrt                                   0x08009239   Thumb Code   456  dsqrt_noumaal.o(x$fpl$dsqrt)
    __aeabi_dsub                             0x08009405   Thumb Code     0  daddsub_clz.o(x$fpl$dsub)
    _dsub                                    0x08009405   Thumb Code   464  daddsub_clz.o(x$fpl$dsub)
    __aeabi_f2d                              0x080095d9   Thumb Code     0  f2d.o(x$fpl$f2d)
    _f2d                                     0x080095d9   Thumb Code    86  f2d.o(x$fpl$f2d)
    __aeabi_fadd                             0x08009631   Thumb Code     0  faddsub_clz.o(x$fpl$fadd)
    _fadd                                    0x08009631   Thumb Code   196  faddsub_clz.o(x$fpl$fadd)
    __fpl_fcmp_Inf                           0x080096f5   Thumb Code    24  fcmpi.o(x$fpl$fcmpinf)
    __aeabi_fdiv                             0x0800970d   Thumb Code     0  fdiv.o(x$fpl$fdiv)
    _fdiv                                    0x0800970d   Thumb Code   384  fdiv.o(x$fpl$fdiv)
    __aeabi_cfcmpeq                          0x08009891   Thumb Code     0  feqf.o(x$fpl$feqf)
    _fcmpeq                                  0x08009891   Thumb Code   104  feqf.o(x$fpl$feqf)
    __aeabi_f2iz                             0x080098f9   Thumb Code     0  ffix.o(x$fpl$ffix)
    _ffix                                    0x080098f9   Thumb Code    54  ffix.o(x$fpl$ffix)
    __aeabi_f2uiz                            0x08009931   Thumb Code     0  ffixu.o(x$fpl$ffixu)
    _ffixu                                   0x08009931   Thumb Code    62  ffixu.o(x$fpl$ffixu)
    __aeabi_i2f                              0x08009971   Thumb Code     0  fflt_clz.o(x$fpl$fflt)
    _fflt                                    0x08009971   Thumb Code    48  fflt_clz.o(x$fpl$fflt)
    __aeabi_ui2f                             0x080099a1   Thumb Code     0  fflt_clz.o(x$fpl$ffltu)
    _ffltu                                   0x080099a1   Thumb Code    38  fflt_clz.o(x$fpl$ffltu)
    __aeabi_cfcmple                          0x080099c9   Thumb Code     0  fleqf.o(x$fpl$fleqf)
    _fcmple                                  0x080099c9   Thumb Code   104  fleqf.o(x$fpl$fleqf)
    __fpl_fcmple_InfNaN                      0x08009a1b   Thumb Code     0  fleqf.o(x$fpl$fleqf)
    __aeabi_fmul                             0x08009a31   Thumb Code     0  fmul.o(x$fpl$fmul)
    _fmul                                    0x08009a31   Thumb Code   258  fmul.o(x$fpl$fmul)
    __fpl_fnaninf                            0x08009b33   Thumb Code   140  fnaninf.o(x$fpl$fnaninf)
    __fpl_fretinf                            0x08009bbf   Thumb Code    10  fretinf.o(x$fpl$fretinf)
    __aeabi_cfrcmple                         0x08009bc9   Thumb Code     0  frleqf.o(x$fpl$frleqf)
    _frcmple                                 0x08009bc9   Thumb Code    98  frleqf.o(x$fpl$frleqf)
    __aeabi_frsub                            0x08009c2b   Thumb Code     0  faddsub_clz.o(x$fpl$frsb)
    _frsb                                    0x08009c2b   Thumb Code    20  faddsub_clz.o(x$fpl$frsb)
    __aeabi_fsub                             0x08009c41   Thumb Code     0  faddsub_clz.o(x$fpl$fsub)
    _fsub                                    0x08009c41   Thumb Code   234  faddsub_clz.o(x$fpl$fsub)
    _printf_fp_dec                           0x08009d2b   Thumb Code     4  printf1.o(x$fpl$printf1)
    __fpl_return_NaN                         0x08009d2f   Thumb Code   100  retnan.o(x$fpl$retnan)
    __ARM_scalbn                             0x08009d93   Thumb Code    92  scalbn.o(x$fpl$scalbn)
    __fpl_cmpreturn                          0x08009def   Thumb Code    48  trapv.o(x$fpl$trapveneer)
    __I$use$fp                               0x08009e1e   Number         0  usenofp.o(x$fpl$usenofp)
    reg                                      0x08009e20   Data          27  inv_mpu.o(.constdata)
    hw                                       0x08009e3c   Data          12  inv_mpu.o(.constdata)
    test                                     0x08009e48   Data          40  inv_mpu.o(.constdata)
    __mathlib_zero                           0x0800ab60   Data           8  qnan.o(.constdata)
    Region$$Table$$Base                      0x0800ac4c   Number         0  anon$$obj.o(Region$$Table)
    Region$$Table$$Limit                     0x0800ac6c   Number         0  anon$$obj.o(Region$$Table)
    __stdout                                 0x20000004   Data           4  usart.o(.data)
    USART1_RX_STA                            0x20000008   Data           2  usart.o(.data)
    USART2_RX_STA                            0x2000000a   Data           2  usart.o(.data)
    USART3_RX_STA                            0x2000000c   Data           2  usart.o(.data)
    SystemCoreClock                          0x20000010   Data           4  system_stm32f10x.o(.data)
    AHBPrescTable                            0x20000014   Data          16  system_stm32f10x.o(.data)
    StartTask_Handle                         0x20000038   Data           4  usertask.o(.data)
    Task1Task_Handle                         0x2000003c   Data           4  usertask.o(.data)
    Task2Task_Handle                         0x20000040   Data           4  usertask.o(.data)
    Task3Task_Handle                         0x20000044   Data           4  usertask.o(.data)
    Queue_Pos                                0x20000048   Data           2  usertask.o(.data)
    Is_Fire                                  0x2000004a   Data           1  usertask.o(.data)
    Is_SendData                              0x2000004b   Data           1  usertask.o(.data)
    Is_Senddata_Again                        0x2000004c   Data           1  usertask.o(.data)
    Is_FlashWrite                            0x2000004d   Data           1  usertask.o(.data)
    Is_ReadFlash                             0x2000004e   Data           1  usertask.o(.data)
    Is_OpenFairing                           0x2000004f   Data           1  usertask.o(.data)
    fire_time                                0x20000050   Data           4  usertask.o(.data)
    GPitch                                   0x2000008c   Data           4  pid.o(.data)
    GRoll                                    0x20000090   Data           4  pid.o(.data)
    GYaw                                     0x20000094   Data           4  pid.o(.data)
    EPitch                                   0x20000098   Data           4  pid.o(.data)
    ERoll                                    0x2000009c   Data           4  pid.o(.data)
    EYaw                                     0x200000a0   Data           4  pid.o(.data)
    IPitch                                   0x200000a4   Data           4  pid.o(.data)
    IRoll                                    0x200000a8   Data           4  pid.o(.data)
    IYaw                                     0x200000ac   Data           4  pid.o(.data)
    LPitch                                   0x200000b0   Data           4  pid.o(.data)
    LRoll                                    0x200000b4   Data           4  pid.o(.data)
    LYaw                                     0x200000b8   Data           4  pid.o(.data)
    DPitch                                   0x200000bc   Data           4  pid.o(.data)
    DRoll                                    0x200000c0   Data           4  pid.o(.data)
    DYaw                                     0x200000c4   Data           4  pid.o(.data)
    temp                                     0x200000c8   Data           4  pid.o(.data)
    Pitch_angle                              0x200000cc   Data           4  servo.o(.data)
    Roll_angle                               0x200000d0   Data           4  servo.o(.data)
    Yaw_angle                                0x200000d4   Data           4  servo.o(.data)
    pxCurrentTCB                             0x200000d8   Data           4  tasks.o(.data)
    USART1_Queue                             0x2000014c   Data        1441  main.o(.bss)
    FLASH_Queue                              0x200006f0   Data        5764  main.o(.bss)
    acc                                      0x20001d74   Data          12  main.o(.bss)
    gyro                                     0x20001d80   Data          12  main.o(.bss)
    angle                                    0x20001d8c   Data          12  main.o(.bss)
    quat                                     0x20001d98   Data          16  main.o(.bss)
    xQueueRegistry                           0x20001db8   Data          64  queue.o(.bss)
    __libspace_start                         0x20004904   Data          96  libspace.o(.bss)
    __temporary_stack_top$libspace           0x20004964   Data           0  libspace.o(.bss)



==============================================================================

Memory Map of the image

  Image Entry point : 0x080000ed

  Load Region LR_IROM1 (Base: 0x08000000, Size: 0x0000add4, Max: 0x00010000, ABSOLUTE, COMPRESSED[0x0000acb8])

    Execution Region ER_IROM1 (Base: 0x08000000, Size: 0x0000ac88, Max: 0x00010000, ABSOLUTE)

    Base Addr    Size         Type   Attr      Idx    E Section Name        Object

    0x08000000   0x000000ec   Data   RO          587    RESET               startup_stm32f10x_md.o
    0x080000ec   0x00000008   Code   RO         4476  * !!!main             c_w.l(__main.o)
    0x080000f4   0x00000034   Code   RO         4900    !!!scatter          c_w.l(__scatter.o)
    0x08000128   0x0000005a   Code   RO         4898    !!dczerorl2         c_w.l(__dczerorl2.o)
    0x08000182   0x00000002   PAD
    0x08000184   0x0000001c   Code   RO         4902    !!handler_zi        c_w.l(__scatter_zi.o)
    0x080001a0   0x00000000   Code   RO         4463    .ARM.Collect$$_printf_percent$$00000000  c_w.l(_printf_percent.o)
    0x080001a0   0x00000006   Code   RO         4462    .ARM.Collect$$_printf_percent$$00000003  c_w.l(_printf_f.o)
    0x080001a6   0x00000006   Code   RO         4460    .ARM.Collect$$_printf_percent$$00000009  c_w.l(_printf_d.o)
    0x080001ac   0x00000006   Code   RO         4458    .ARM.Collect$$_printf_percent$$00000014  c_w.l(_printf_s.o)
    0x080001b2   0x00000004   Code   RO         4601    .ARM.Collect$$_printf_percent$$00000017  c_w.l(_printf_percent_end.o)
    0x080001b6   0x00000002   Code   RO         4764    .ARM.Collect$$libinit$$00000000  c_w.l(libinit.o)
    0x080001b8   0x00000000   Code   RO         4766    .ARM.Collect$$libinit$$00000002  c_w.l(libinit2.o)
    0x080001b8   0x00000000   Code   RO         4768    .ARM.Collect$$libinit$$00000004  c_w.l(libinit2.o)
    0x080001b8   0x00000000   Code   RO         4771    .ARM.Collect$$libinit$$0000000A  c_w.l(libinit2.o)
    0x080001b8   0x00000000   Code   RO         4773    .ARM.Collect$$libinit$$0000000C  c_w.l(libinit2.o)
    0x080001b8   0x00000000   Code   RO         4775    .ARM.Collect$$libinit$$0000000E  c_w.l(libinit2.o)
    0x080001b8   0x00000006   Code   RO         4776    .ARM.Collect$$libinit$$0000000F  c_w.l(libinit2.o)
    0x080001be   0x00000000   Code   RO         4778    .ARM.Collect$$libinit$$00000011  c_w.l(libinit2.o)
    0x080001be   0x00000000   Code   RO         4780    .ARM.Collect$$libinit$$00000013  c_w.l(libinit2.o)
    0x080001be   0x00000000   Code   RO         4782    .ARM.Collect$$libinit$$00000015  c_w.l(libinit2.o)
    0x080001be   0x0000000a   Code   RO         4783    .ARM.Collect$$libinit$$00000016  c_w.l(libinit2.o)
    0x080001c8   0x00000000   Code   RO         4784    .ARM.Collect$$libinit$$00000017  c_w.l(libinit2.o)
    0x080001c8   0x00000000   Code   RO         4786    .ARM.Collect$$libinit$$00000019  c_w.l(libinit2.o)
    0x080001c8   0x00000000   Code   RO         4788    .ARM.Collect$$libinit$$0000001B  c_w.l(libinit2.o)
    0x080001c8   0x00000000   Code   RO         4790    .ARM.Collect$$libinit$$0000001D  c_w.l(libinit2.o)
    0x080001c8   0x00000000   Code   RO         4792    .ARM.Collect$$libinit$$0000001F  c_w.l(libinit2.o)
    0x080001c8   0x00000000   Code   RO         4794    .ARM.Collect$$libinit$$00000021  c_w.l(libinit2.o)
    0x080001c8   0x00000000   Code   RO         4796    .ARM.Collect$$libinit$$00000023  c_w.l(libinit2.o)
    0x080001c8   0x00000000   Code   RO         4798    .ARM.Collect$$libinit$$00000025  c_w.l(libinit2.o)
    0x080001c8   0x00000000   Code   RO         4802    .ARM.Collect$$libinit$$0000002C  c_w.l(libinit2.o)
    0x080001c8   0x00000000   Code   RO         4804    .ARM.Collect$$libinit$$0000002E  c_w.l(libinit2.o)
    0x080001c8   0x00000000   Code   RO         4806    .ARM.Collect$$libinit$$00000030  c_w.l(libinit2.o)
    0x080001c8   0x00000000   Code   RO         4808    .ARM.Collect$$libinit$$00000032  c_w.l(libinit2.o)
    0x080001c8   0x00000002   Code   RO         4809    .ARM.Collect$$libinit$$00000033  c_w.l(libinit2.o)
    0x080001ca   0x00000002   Code   RO         4858    .ARM.Collect$$libshutdown$$00000000  c_w.l(libshutdown.o)
    0x080001cc   0x00000000   Code   RO         4867    .ARM.Collect$$libshutdown$$00000002  c_w.l(libshutdown2.o)
    0x080001cc   0x00000000   Code   RO         4869    .ARM.Collect$$libshutdown$$00000004  c_w.l(libshutdown2.o)
    0x080001cc   0x00000000   Code   RO         4872    .ARM.Collect$$libshutdown$$00000007  c_w.l(libshutdown2.o)
    0x080001cc   0x00000000   Code   RO         4875    .ARM.Collect$$libshutdown$$0000000A  c_w.l(libshutdown2.o)
    0x080001cc   0x00000000   Code   RO         4877    .ARM.Collect$$libshutdown$$0000000C  c_w.l(libshutdown2.o)
    0x080001cc   0x00000000   Code   RO         4880    .ARM.Collect$$libshutdown$$0000000F  c_w.l(libshutdown2.o)
    0x080001cc   0x00000002   Code   RO         4881    .ARM.Collect$$libshutdown$$00000010  c_w.l(libshutdown2.o)
    0x080001ce   0x00000000   Code   RO         4560    .ARM.Collect$$rtentry$$00000000  c_w.l(__rtentry.o)
    0x080001ce   0x00000000   Code   RO         4668    .ARM.Collect$$rtentry$$00000002  c_w.l(__rtentry2.o)
    0x080001ce   0x00000006   Code   RO         4680    .ARM.Collect$$rtentry$$00000004  c_w.l(__rtentry4.o)
    0x080001d4   0x00000000   Code   RO         4670    .ARM.Collect$$rtentry$$00000009  c_w.l(__rtentry2.o)
    0x080001d4   0x00000004   Code   RO         4671    .ARM.Collect$$rtentry$$0000000A  c_w.l(__rtentry2.o)
    0x080001d8   0x00000000   Code   RO         4673    .ARM.Collect$$rtentry$$0000000C  c_w.l(__rtentry2.o)
    0x080001d8   0x00000008   Code   RO         4674    .ARM.Collect$$rtentry$$0000000D  c_w.l(__rtentry2.o)
    0x080001e0   0x00000002   Code   RO         4812    .ARM.Collect$$rtexit$$00000000  c_w.l(rtexit.o)
    0x080001e2   0x00000000   Code   RO         4828    .ARM.Collect$$rtexit$$00000002  c_w.l(rtexit2.o)
    0x080001e2   0x00000004   Code   RO         4829    .ARM.Collect$$rtexit$$00000003  c_w.l(rtexit2.o)
    0x080001e6   0x00000006   Code   RO         4830    .ARM.Collect$$rtexit$$00000004  c_w.l(rtexit2.o)
    0x080001ec   0x00000096   Code   RO         4315    .emb_text           port.o
    0x08000282   0x00000002   PAD
    0x08000284   0x00000040   Code   RO          588    .text               startup_stm32f10x_md.o
    0x080002c4   0x00000002   Code   RO         4394    .text               c_w.l(use_no_semi_2.o)
    0x080002c6   0x00000048   Code   RO         4396    .text               c_w.l(llsdiv.o)
    0x0800030e   0x00000002   PAD
    0x08000310   0x00000018   Code   RO         4400    .text               c_w.l(__2printf.o)
    0x08000328   0x00000052   Code   RO         4412    .text               c_w.l(_printf_str.o)
    0x0800037a   0x00000002   PAD
    0x0800037c   0x00000078   Code   RO         4414    .text               c_w.l(_printf_dec.o)
    0x080003f4   0x00000188   Code   RO         4454    .text               c_w.l(__printf_flags_ss_wp.o)
    0x0800057c   0x00000058   Code   RO         4464    .text               c_w.l(memcmp.o)
    0x080005d4   0x0000008a   Code   RO         4470    .text               c_w.l(rt_memcpy_v6.o)
    0x0800065e   0x00000010   Code   RO         4472    .text               c_w.l(aeabi_memset.o)
    0x0800066e   0x00000006   Code   RO         4474    .text               c_w.l(heapauxi.o)
    0x08000674   0x00000002   Code   RO         4558    .text               c_w.l(use_no_semi.o)
    0x08000676   0x000000ee   Code   RO         4561    .text               c_w.l(lludivv7m.o)
    0x08000764   0x00000016   Code   RO         4563    .text               c_w.l(_rserrno.o)
    0x0800077a   0x000000b2   Code   RO         4567    .text               c_w.l(_printf_intcommon.o)
    0x0800082c   0x0000041a   Code   RO         4571    .text               c_w.l(_printf_fp_dec.o)
    0x08000c46   0x00000002   PAD
    0x08000c48   0x00000030   Code   RO         4573    .text               c_w.l(_printf_char_common.o)
    0x08000c78   0x0000002c   Code   RO         4579    .text               c_w.l(_printf_char.o)
    0x08000ca4   0x00000024   Code   RO         4581    .text               c_w.l(_printf_char_file.o)
    0x08000cc8   0x00000064   Code   RO         4611    .text               c_w.l(rt_memcpy_w.o)
    0x08000d2c   0x00000044   Code   RO         4613    .text               c_w.l(rt_memclr.o)
    0x08000d70   0x00000008   Code   RO         4689    .text               c_w.l(rt_locale_intlibspace.o)
    0x08000d78   0x00000008   Code   RO         4694    .text               c_w.l(rt_errno_addr_intlibspace.o)
    0x08000d80   0x0000008a   Code   RO         4696    .text               c_w.l(lludiv10.o)
    0x08000e0a   0x00000002   PAD
    0x08000e0c   0x00000080   Code   RO         4698    .text               c_w.l(_printf_fp_infnan.o)
    0x08000e8c   0x000000dc   Code   RO         4704    .text               c_w.l(bigflt0.o)
    0x08000f68   0x00000008   Code   RO         4729    .text               c_w.l(ferror.o)
    0x08000f70   0x0000004e   Code   RO         4738    .text               c_w.l(rt_memclr_w.o)
    0x08000fbe   0x00000002   PAD
    0x08000fc0   0x00000008   Code   RO         4746    .text               c_w.l(libspace.o)
    0x08000fc8   0x0000004a   Code   RO         4749    .text               c_w.l(sys_stackheap_outer.o)
    0x08001012   0x00000012   Code   RO         4755    .text               c_w.l(exit.o)
    0x08001024   0x00000080   Code   RO         4757    .text               c_w.l(strcmpv7m.o)
    0x080010a4   0x0000003e   Code   RO         4707    CL$$btod_d2e        c_w.l(btod.o)
    0x080010e2   0x00000046   Code   RO         4709    CL$$btod_d2e_denorm_low  c_w.l(btod.o)
    0x08001128   0x00000060   Code   RO         4708    CL$$btod_d2e_norm_op1  c_w.l(btod.o)
    0x08001188   0x00000338   Code   RO         4717    CL$$btod_div_common  c_w.l(btod.o)
    0x080014c0   0x000000c6   Code   RO         4714    CL$$btod_e2e        c_w.l(btod.o)
    0x08001586   0x00000028   Code   RO         4711    CL$$btod_ediv       c_w.l(btod.o)
    0x080015ae   0x00000028   Code   RO         4710    CL$$btod_emul       c_w.l(btod.o)
    0x080015d6   0x00000244   Code   RO         4716    CL$$btod_mult_common  c_w.l(btod.o)
    0x0800181a   0x00000004   Code   RO         2496    i.BusFault_Handler  stm32f10x_it.o
    0x0800181e   0x00000002   PAD
    0x08001820   0x00000078   Code   RO         3298    i.BuzzerLEDFire_Init  buzzer.o
    0x08001898   0x00000020   Code   RO         3299    i.Buzzer_beep_long1  buzzer.o
    0x080018b8   0x00000020   Code   RO         3300    i.Buzzer_beep_short1  buzzer.o
    0x080018d8   0x00000040   Code   RO         3301    i.Buzzer_beep_short2  buzzer.o
    0x08001918   0x0000001c   Code   RO         2384    i.DMA_ClearFlag     stm32f10x_dma.o
    0x08001934   0x00000018   Code   RO         2386    i.DMA_Cmd           stm32f10x_dma.o
    0x0800194c   0x0000003c   Code   RO         2392    i.DMA_Init          stm32f10x_dma.o
    0x08001988   0x00000002   Code   RO         2497    i.DebugMon_Handler  stm32f10x_it.o
    0x0800198a   0x00000002   PAD
    0x0800198c   0x00000028   Code   RO          427    i.EXTI0_IRQHandler  nvic.o
    0x080019b4   0x0000000c   Code   RO          851    i.EXTI_ClearITPendingBit  stm32f10x_exti.o
    0x080019c0   0x00000028   Code   RO          855    i.EXTI_GetITStatus  stm32f10x_exti.o
    0x080019e8   0x00000094   Code   RO          856    i.EXTI_Init         stm32f10x_exti.o
    0x08001a7c   0x00000020   Code   RO         2594    i.Erorr_MPU         erorr.o
    0x08001a9c   0x00000020   Code   RO         2595    i.Erorr_RTOS        erorr.o
    0x08001abc   0x0000000c   Code   RO         1662    i.FLASH_ClearFlag   stm32f10x_flash.o
    0x08001ac8   0x0000004c   Code   RO         1667    i.FLASH_ErasePage   stm32f10x_flash.o
    0x08001b14   0x00000034   Code   RO         1668    i.FLASH_GetBank1Status  stm32f10x_flash.o
    0x08001b48   0x00000014   Code   RO         1677    i.FLASH_Lock        stm32f10x_flash.o
    0x08001b5c   0x0000006c   Code   RO         1682    i.FLASH_ProgramWord  stm32f10x_flash.o
    0x08001bc8   0x00000068   Code   RO          501    i.FLASH_Read_FloatBuffer  internal_flash.o
    0x08001c30   0x00000018   Code   RO         1685    i.FLASH_Unlock      stm32f10x_flash.o
    0x08001c48   0x00000026   Code   RO         1689    i.FLASH_WaitForLastOperation  stm32f10x_flash.o
    0x08001c6e   0x00000002   PAD
    0x08001c70   0x00000078   Code   RO          502    i.Flash_Write_FloatBuffer  internal_flash.o
    0x08001ce8   0x00000040   Code   RO          907    i.GPIO_EXTILineConfig  stm32f10x_gpio.o
    0x08001d28   0x00000116   Code   RO          910    i.GPIO_Init         stm32f10x_gpio.o
    0x08001e3e   0x00000004   Code   RO          917    i.GPIO_ResetBits    stm32f10x_gpio.o
    0x08001e42   0x00000004   Code   RO          918    i.GPIO_SetBits      stm32f10x_gpio.o
    0x08001e46   0x00000002   PAD
    0x08001e48   0x0000007c   Code   RO         3208    i.GYRO_Init         mpu6050.o
    0x08001ec4   0x00000004   Code   RO         2498    i.HardFault_Handler  stm32f10x_it.o
    0x08001ec8   0x00000034   Code   RO         2596    i.LED_beep          erorr.o
    0x08001efc   0x0000004c   Code   RO         2618    i.MPU_IIC_Ack       mpuiic.o
    0x08001f48   0x0000000a   Code   RO         2619    i.MPU_IIC_Delay     mpuiic.o
    0x08001f52   0x00000002   PAD
    0x08001f54   0x00000034   Code   RO         2620    i.MPU_IIC_Init      mpuiic.o
    0x08001f88   0x0000004c   Code   RO         2621    i.MPU_IIC_NAck      mpuiic.o
    0x08001fd4   0x0000006c   Code   RO         2622    i.MPU_IIC_Read_Byte  mpuiic.o
    0x08002040   0x0000005c   Code   RO         2623    i.MPU_IIC_Send_Byte  mpuiic.o
    0x0800209c   0x00000048   Code   RO         2624    i.MPU_IIC_Start     mpuiic.o
    0x080020e4   0x00000048   Code   RO         2625    i.MPU_IIC_Stop      mpuiic.o
    0x0800212c   0x00000064   Code   RO         2626    i.MPU_IIC_Wait_Ack  mpuiic.o
    0x08002190   0x0000007a   Code   RO         3212    i.MPU_Init          mpu6050.o
    0x0800220a   0x0000003a   Code   RO         3213    i.MPU_Read_Byte     mpu6050.o
    0x08002244   0x00000074   Code   RO         3214    i.MPU_Read_Len      mpu6050.o
    0x080022b8   0x00000010   Code   RO         3215    i.MPU_Set_Accel_Fsr  mpu6050.o
    0x080022c8   0x00000010   Code   RO         3216    i.MPU_Set_Gyro_Fsr  mpu6050.o
    0x080022d8   0x0000003a   Code   RO         3217    i.MPU_Set_LPF       mpu6050.o
    0x08002312   0x0000003a   Code   RO         3218    i.MPU_Set_Rate      mpu6050.o
    0x0800234c   0x00000044   Code   RO         3219    i.MPU_Write_Byte    mpu6050.o
    0x08002390   0x00000060   Code   RO         3220    i.MPU_Write_Len     mpu6050.o
    0x080023f0   0x00000004   Code   RO         2499    i.MemManage_Handler  stm32f10x_it.o
    0x080023f4   0x00000002   Code   RO         2500    i.NMI_Handler       stm32f10x_it.o
    0x080023f6   0x00000052   Code   RO          428    i.NVIC_INIT         nvic.o
    0x08002448   0x00000070   Code   RO          592    i.NVIC_Init         misc.o
    0x080024b8   0x00000014   Code   RO          593    i.NVIC_PriorityGroupConfig  misc.o
    0x080024cc   0x00000154   Code   RO         3332    i.PID_Pitch         pid.o
    0x08002620   0x00000154   Code   RO         3333    i.PID_Roll          pid.o
    0x08002774   0x0000001c   Code   RO         3334    i.PID_Set_Goal      pid.o
    0x08002790   0x00000020   Code   RO         1283    i.RCC_AHBPeriphClockCmd  stm32f10x_rcc.o
    0x080027b0   0x00000020   Code   RO         1284    i.RCC_APB1PeriphClockCmd  stm32f10x_rcc.o
    0x080027d0   0x00000020   Code   RO         1286    i.RCC_APB2PeriphClockCmd  stm32f10x_rcc.o
    0x080027f0   0x000000d4   Code   RO         1294    i.RCC_GetClocksFreq  stm32f10x_rcc.o
    0x080028c4   0x00000150   Code   RO         3373    i.ServoSet          servo.o
    0x08002a14   0x00000008   Code   RO          532    i.SetSysClock       system_stm32f10x.o
    0x08002a1c   0x000000e0   Code   RO          533    i.SetSysClockTo72   system_stm32f10x.o
    0x08002afc   0x00000030   Code   RO         2541    i.StartRTOS         usertask.o
    0x08002b2c   0x00000028   Code   RO          596    i.SysTick_CLKSourceConfig  misc.o
    0x08002b54   0x00000010   Code   RO            4    i.SysTick_Handler   delay.o
    0x08002b64   0x00000060   Code   RO          535    i.SystemInit        system_stm32f10x.o
    0x08002bc4   0x00000016   Code   RO          459    i.TIM2_IRQHandler   tim.o
    0x08002bda   0x00000006   Code   RO         1847    i.TIM_ClearITPendingBit  stm32f10x_tim.o
    0x08002be0   0x00000018   Code   RO         1852    i.TIM_Cmd           stm32f10x_tim.o
    0x08002bf8   0x00000022   Code   RO         1873    i.TIM_GetITStatus   stm32f10x_tim.o
    0x08002c1a   0x00000012   Code   RO         1877    i.TIM_ITConfig      stm32f10x_tim.o
    0x08002c2c   0x00000098   Code   RO         1881    i.TIM_OC1Init       stm32f10x_tim.o
    0x08002cc4   0x00000012   Code   RO         1884    i.TIM_OC1PreloadConfig  stm32f10x_tim.o
    0x08002cd6   0x00000002   PAD
    0x08002cd8   0x000000a4   Code   RO         1886    i.TIM_OC2Init       stm32f10x_tim.o
    0x08002d7c   0x0000001a   Code   RO         1889    i.TIM_OC2PreloadConfig  stm32f10x_tim.o
    0x08002d96   0x00000002   PAD
    0x08002d98   0x000000a0   Code   RO         1891    i.TIM_OC3Init       stm32f10x_tim.o
    0x08002e38   0x00000012   Code   RO         1894    i.TIM_OC3PreloadConfig  stm32f10x_tim.o
    0x08002e4a   0x00000002   PAD
    0x08002e4c   0x0000007c   Code   RO         1896    i.TIM_OC4Init       stm32f10x_tim.o
    0x08002ec8   0x0000001a   Code   RO         1898    i.TIM_OC4PreloadConfig  stm32f10x_tim.o
    0x08002ee2   0x00000002   PAD
    0x08002ee4   0x00000144   Code   RO          412    i.TIM_PWM_Init      pwm.o
    0x08003028   0x00000004   Code   RO         1913    i.TIM_SetCompare1   stm32f10x_tim.o
    0x0800302c   0x00000004   Code   RO         1914    i.TIM_SetCompare2   stm32f10x_tim.o
    0x08003030   0x00000004   Code   RO         1915    i.TIM_SetCompare3   stm32f10x_tim.o
    0x08003034   0x00000006   Code   RO         1916    i.TIM_SetCompare4   stm32f10x_tim.o
    0x0800303a   0x00000002   PAD
    0x0800303c   0x000000a4   Code   RO         1923    i.TIM_TimeBaseInit  stm32f10x_tim.o
    0x080030e0   0x0000004a   Code   RO          460    i.TIMx_Init         tim.o
    0x0800312a   0x00000022   Code   RO          461    i.TIMx_NVIC_Init    tim.o
    0x0800314c   0x00000050   Code   RO          236    i.USART1_IRQHandler  usart.o
    0x0800319c   0x000000a4   Code   RO          237    i.USART1_Init       usart.o
    0x08003240   0x00000002   Code   RO          239    i.USART2_IRQHandler  usart.o
    0x08003242   0x00000002   PAD
    0x08003244   0x00000038   Code   RO          242    i.USART3_IRQHandler  usart.o
    0x0800327c   0x0000001e   Code   RO         1483    i.USART_ClearITPendingBit  stm32f10x_usart.o
    0x0800329a   0x00000018   Code   RO         1486    i.USART_Cmd         stm32f10x_usart.o
    0x080032b2   0x00000002   PAD
    0x080032b4   0x00000080   Code   RO          344    i.USART_Config      bsp_usart_dma.o
    0x08003334   0x00000012   Code   RO         1487    i.USART_DMACmd      stm32f10x_usart.o
    0x08003346   0x0000001a   Code   RO         1489    i.USART_GetFlagStatus  stm32f10x_usart.o
    0x08003360   0x00000054   Code   RO         1490    i.USART_GetITStatus  stm32f10x_usart.o
    0x080033b4   0x0000004a   Code   RO         1492    i.USART_ITConfig    stm32f10x_usart.o
    0x080033fe   0x00000002   PAD
    0x08003400   0x000000d8   Code   RO         1493    i.USART_Init        stm32f10x_usart.o
    0x080034d8   0x0000000a   Code   RO         1500    i.USART_ReceiveData  stm32f10x_usart.o
    0x080034e2   0x00000008   Code   RO         1503    i.USART_SendData    stm32f10x_usart.o
    0x080034ea   0x00000002   PAD
    0x080034ec   0x00000058   Code   RO          345    i.USARTx_DMA_Config  bsp_usart_dma.o
    0x08003544   0x00000014   Code   RO          346    i.USARTx_DMA_NOAMAL_RESTART  bsp_usart_dma.o
    0x08003558   0x00000004   Code   RO         2501    i.UsageFault_Handler  stm32f10x_it.o
    0x0800355c   0x00000028   Code   RO         4654    i.__ARM_fpclassify  m_ws.l(fpclassify.o)
    0x08003584   0x000000aa   Code   RO         4656    i.__kernel_poly     m_ws.l(poly.o)
    0x0800362e   0x00000006   Code   RO         4641    i.__mathlib_dbl_infnan  m_ws.l(dunder.o)
    0x08003634   0x00000004   Code   RO         4642    i.__mathlib_dbl_infnan2  m_ws.l(dunder.o)
    0x08003638   0x0000000c   Code   RO         4643    i.__mathlib_dbl_invalid  m_ws.l(dunder.o)
    0x08003644   0x00000010   Code   RO         4646    i.__mathlib_dbl_underflow  m_ws.l(dunder.o)
    0x08003654   0x0000000e   Code   RO         4447    i._is_digit         c_w.l(__printf_wp.o)
    0x08003662   0x00000006   Code   RO          245    i._sys_exit         usart.o
    0x08003668   0x000000a8   Code   RO         2681    i.accel_self_test   inv_mpu.o
    0x08003710   0x00000270   Code   RO         4541    i.asin              m_ws.l(asin.o)
    0x08003980   0x00000220   Code   RO         4631    i.atan              m_ws.l(atan.o)
    0x08003ba0   0x00000180   Code   RO         4551    i.atan2             m_ws.l(atan2.o)
    0x08003d20   0x00000064   Code   RO         3022    i.decode_gesture    inv_mpu_dmp_motion_driver.o
    0x08003d84   0x0000005c   Code   RO            5    i.delay_init        delay.o
    0x08003de0   0x00000044   Code   RO            6    i.delay_ms          delay.o
    0x08003e24   0x00000048   Code   RO            7    i.delay_us          delay.o
    0x08003e6c   0x00000018   Code   RO            8    i.delay_xms         delay.o
    0x08003e84   0x0000003c   Code   RO         3023    i.dmp_enable_6x_lp_quat  inv_mpu_dmp_motion_driver.o
    0x08003ec0   0x0000021c   Code   RO         3024    i.dmp_enable_feature  inv_mpu_dmp_motion_driver.o
    0x080040dc   0x00000058   Code   RO         3025    i.dmp_enable_gyro_cal  inv_mpu_dmp_motion_driver.o
    0x08004134   0x0000003c   Code   RO         3026    i.dmp_enable_lp_quat  inv_mpu_dmp_motion_driver.o
    0x08004170   0x00000018   Code   RO         3031    i.dmp_load_motion_driver_firmware  inv_mpu_dmp_motion_driver.o
    0x08004188   0x000001cc   Code   RO         3032    i.dmp_read_fifo     inv_mpu_dmp_motion_driver.o
    0x08004354   0x00000130   Code   RO         3035    i.dmp_set_accel_bias  inv_mpu_dmp_motion_driver.o
    0x08004484   0x00000070   Code   RO         3036    i.dmp_set_fifo_rate  inv_mpu_dmp_motion_driver.o
    0x080044f4   0x00000130   Code   RO         3037    i.dmp_set_gyro_bias  inv_mpu_dmp_motion_driver.o
    0x08004624   0x00000138   Code   RO         3039    i.dmp_set_orientation  inv_mpu_dmp_motion_driver.o
    0x0800475c   0x00000038   Code   RO         3042    i.dmp_set_shake_reject_thresh  inv_mpu_dmp_motion_driver.o
    0x08004794   0x00000026   Code   RO         3043    i.dmp_set_shake_reject_time  inv_mpu_dmp_motion_driver.o
    0x080047ba   0x00000026   Code   RO         3044    i.dmp_set_shake_reject_timeout  inv_mpu_dmp_motion_driver.o
    0x080047e0   0x00000046   Code   RO         3045    i.dmp_set_tap_axes  inv_mpu_dmp_motion_driver.o
    0x08004826   0x00000026   Code   RO         3046    i.dmp_set_tap_count  inv_mpu_dmp_motion_driver.o
    0x0800484c   0x000001a0   Code   RO         3047    i.dmp_set_tap_thresh  inv_mpu_dmp_motion_driver.o
    0x080049ec   0x00000026   Code   RO         3048    i.dmp_set_tap_time  inv_mpu_dmp_motion_driver.o
    0x08004a12   0x00000026   Code   RO         3049    i.dmp_set_tap_time_multi  inv_mpu_dmp_motion_driver.o
    0x08004a38   0x00000030   Code   RO         2542    i.float2char        usertask.o
    0x08004a68   0x00000024   Code   RO          352    i.fputc             bsp_usart_dma.o
    0x08004a8c   0x000000b4   Code   RO         2682    i.get_accel_prod_shift  inv_mpu.o
    0x08004b40   0x00000470   Code   RO         2683    i.get_st_biases     inv_mpu.o
    0x08004fb0   0x00000110   Code   RO         2684    i.gyro_self_test    inv_mpu.o
    0x080050c0   0x00000028   Code   RO         2685    i.inv_orientation_matrix_to_scalar  inv_mpu.o
    0x080050e8   0x0000004e   Code   RO         2686    i.inv_row_2_scale   inv_mpu.o
    0x08005136   0x00000050   Code   RO         2456    i.main              main.o
    0x08005186   0x00000002   Code   RO         2687    i.mget_ms           inv_mpu.o
    0x08005188   0x00000070   Code   RO         2688    i.mpu_configure_fifo  inv_mpu.o
    0x080051f8   0x00000234   Code   RO         2689    i.mpu_dmp_get_data  inv_mpu.o
    0x0800542c   0x000000a0   Code   RO         2690    i.mpu_dmp_init      inv_mpu.o
    0x080054cc   0x0000004c   Code   RO         2691    i.mpu_get_accel_fsr  inv_mpu.o
    0x08005518   0x00000054   Code   RO         2693    i.mpu_get_accel_sens  inv_mpu.o
    0x0800556c   0x00000010   Code   RO         2698    i.mpu_get_fifo_config  inv_mpu.o
    0x0800557c   0x00000044   Code   RO         2699    i.mpu_get_gyro_fsr  inv_mpu.o
    0x080055c0   0x00000050   Code   RO         2701    i.mpu_get_gyro_sens  inv_mpu.o
    0x08005610   0x00000050   Code   RO         2703    i.mpu_get_lpf       inv_mpu.o
    0x08005660   0x00000020   Code   RO         2705    i.mpu_get_sample_rate  inv_mpu.o
    0x08005680   0x000001f0   Code   RO         2707    i.mpu_init          inv_mpu.o
    0x08005870   0x000000b8   Code   RO         2708    i.mpu_load_firmware  inv_mpu.o
    0x08005928   0x000000e0   Code   RO         2709    i.mpu_lp_accel_mode  inv_mpu.o
    0x08005a08   0x000000c0   Code   RO         2712    i.mpu_read_fifo_stream  inv_mpu.o
    0x08005ac8   0x00000080   Code   RO         2713    i.mpu_read_mem      inv_mpu.o
    0x08005b48   0x000001c8   Code   RO         2716    i.mpu_reset_fifo    inv_mpu.o
    0x08005d10   0x0000011c   Code   RO         2717    i.mpu_run_self_test  inv_mpu.o
    0x08005e2c   0x00000084   Code   RO         2719    i.mpu_set_accel_fsr  inv_mpu.o
    0x08005eb0   0x0000014c   Code   RO         2720    i.mpu_set_bypass    inv_mpu.o
    0x08005ffc   0x00000090   Code   RO         2722    i.mpu_set_dmp_state  inv_mpu.o
    0x0800608c   0x00000088   Code   RO         2723    i.mpu_set_gyro_fsr  inv_mpu.o
    0x08006114   0x0000006c   Code   RO         2724    i.mpu_set_int_latched  inv_mpu.o
    0x08006180   0x00000084   Code   RO         2726    i.mpu_set_lpf       inv_mpu.o
    0x08006204   0x0000009c   Code   RO         2727    i.mpu_set_sample_rate  inv_mpu.o
    0x080062a0   0x000000d0   Code   RO         2728    i.mpu_set_sensors   inv_mpu.o
    0x08006370   0x00000080   Code   RO         2729    i.mpu_write_mem     inv_mpu.o
    0x080063f0   0x00000098   Code   RO         3776    i.prvAddCurrentTaskToDelayedList  tasks.o
    0x08006488   0x000000b8   Code   RO         3777    i.prvAddNewTaskToReadyList  tasks.o
    0x08006540   0x00000064   Code   RO         4136    i.prvCheckForValidListAndQueue  timers.o
    0x080065a4   0x00000064   Code   RO         3778    i.prvCheckTasksWaitingTermination  tasks.o
    0x08006608   0x0000002a   Code   RO         3543    i.prvCopyDataFromQueue  queue.o
    0x08006632   0x0000007c   Code   RO         3544    i.prvCopyDataToQueue  queue.o
    0x080066ae   0x00000012   Code   RO         3779    i.prvDeleteTCB      tasks.o
    0x080066c0   0x00000028   Code   RO         4137    i.prvGetNextExpireTime  timers.o
    0x080066e8   0x0000007c   Code   RO         4266    i.prvHeapInit       heap_4.o
    0x08006764   0x00000028   Code   RO         3780    i.prvIdleTask       tasks.o
    0x0800678c   0x0000002e   Code   RO         3546    i.prvInitialiseNewQueue  queue.o
    0x080067ba   0x00000002   PAD
    0x080067bc   0x000000d0   Code   RO         3781    i.prvInitialiseNewTask  tasks.o
    0x0800688c   0x00000068   Code   RO         3782    i.prvInitialiseTaskLists  tasks.o
    0x080068f4   0x00000068   Code   RO         4267    i.prvInsertBlockIntoFreeList  heap_4.o
    0x0800695c   0x00000058   Code   RO         4139    i.prvInsertTimerInActiveList  timers.o
    0x080069b4   0x0000001a   Code   RO         3547    i.prvIsQueueEmpty   queue.o
    0x080069ce   0x0000001e   Code   RO         3548    i.prvIsQueueFull    queue.o
    0x080069ec   0x000000a0   Code   RO         3549    i.prvNotifyQueueSetContainer  queue.o
    0x08006a8c   0x0000007c   Code   RO         4140    i.prvProcessExpiredTimer  timers.o
    0x08006b08   0x00000128   Code   RO         4141    i.prvProcessReceivedCommands  timers.o
    0x08006c30   0x00000074   Code   RO         4142    i.prvProcessTimerOrBlockTask  timers.o
    0x08006ca4   0x00000034   Code   RO         3784    i.prvResetNextTaskUnblockTime  tasks.o
    0x08006cd8   0x0000002c   Code   RO         4143    i.prvSampleTimeNow  timers.o
    0x08006d04   0x000000b8   Code   RO         4144    i.prvSwitchTimerLists  timers.o
    0x08006dbc   0x0000006c   Code   RO         4316    i.prvTaskExitError  port.o
    0x08006e28   0x0000001a   Code   RO         4145    i.prvTimerTask      timers.o
    0x08006e42   0x00000092   Code   RO         3550    i.prvUnlockQueue    queue.o
    0x08006ed4   0x00000150   Code   RO         4268    i.pvPortMalloc      heap_4.o
    0x08007024   0x00000020   Code   RO         3788    i.pvTaskIncrementMutexHeldCount  tasks.o
    0x08007044   0x00000024   Code   RO         4317    i.pxPortInitialiseStack  port.o
    0x08007068   0x00000094   Code   RO         2730    i.run_self_test     inv_mpu.o
    0x080070fc   0x00000090   Code   RO         2731    i.set_int_enable    inv_mpu.o
    0x0800718c   0x0000004c   Code   RO         4660    i.sqrt              m_ws.l(sqrt.o)
    0x080071d8   0x000000b0   Code   RO         2543    i.start_task        usertask.o
    0x08007288   0x0000028c   Code   RO         2544    i.task1_task        usertask.o
    0x08007514   0x00000078   Code   RO         2545    i.task2_task        usertask.o
    0x0800758c   0x00000024   Code   RO         2546    i.task3_task        usertask.o
    0x080075b0   0x00000028   Code   RO         3506    i.uxListRemove      list.o
    0x080075d8   0x0000001a   Code   RO         3507    i.vListInitialise   list.o
    0x080075f2   0x00000006   Code   RO         3508    i.vListInitialiseItem  list.o
    0x080075f8   0x00000034   Code   RO         3509    i.vListInsert       list.o
    0x0800762c   0x00000018   Code   RO         3510    i.vListInsertEnd    list.o
    0x08007644   0x00000084   Code   RO         4319    i.vPortEnterCritical  port.o
    0x080076c8   0x0000006c   Code   RO         4320    i.vPortExitCritical  port.o
    0x08007734   0x000000b4   Code   RO         4269    i.vPortFree         heap_4.o
    0x080077e8   0x00000020   Code   RO         4321    i.vPortSetupTimerInterrupt  port.o
    0x08007808   0x0000009c   Code   RO         4322    i.vPortValidateInterruptPriority  port.o
    0x080078a4   0x0000002c   Code   RO         3556    i.vQueueAddToRegistry  queue.o
    0x080078d0   0x0000004a   Code   RO         3560    i.vQueueWaitForMessageRestricted  queue.o
    0x0800791a   0x00000002   PAD
    0x0800791c   0x00000074   Code   RO         3796    i.vTaskDelay        tasks.o
    0x08007990   0x0000010c   Code   RO         3798    i.vTaskDelete       tasks.o
    0x08007a9c   0x0000000c   Code   RO         3802    i.vTaskMissedYield  tasks.o
    0x08007aa8   0x00000054   Code   RO         3804    i.vTaskPlaceOnEventList  tasks.o
    0x08007afc   0x0000005c   Code   RO         3805    i.vTaskPlaceOnEventListRestricted  tasks.o
    0x08007b58   0x000000b0   Code   RO         3807    i.vTaskPriorityInherit  tasks.o
    0x08007c08   0x0000004c   Code   RO         3811    i.vTaskSetTimeOutState  tasks.o
    0x08007c54   0x000000ac   Code   RO         3812    i.vTaskStartScheduler  tasks.o
    0x08007d00   0x00000010   Code   RO         3814    i.vTaskSuspendAll   tasks.o
    0x08007d10   0x000000a8   Code   RO         3815    i.vTaskSwitchContext  tasks.o
    0x08007db8   0x000000a0   Code   RO         4323    i.xPortStartScheduler  port.o
    0x08007e58   0x00000034   Code   RO         4324    i.xPortSysTickHandler  port.o
    0x08007e8c   0x00000074   Code   RO         3565    i.xQueueGenericCreate  queue.o
    0x08007f00   0x000001c8   Code   RO         3566    i.xQueueGenericReceive  queue.o
    0x080080c8   0x000000b0   Code   RO         3567    i.xQueueGenericReset  queue.o
    0x08008178   0x000001c4   Code   RO         3568    i.xQueueGenericSend  queue.o
    0x0800833c   0x00000110   Code   RO         3569    i.xQueueGenericSendFromISR  queue.o
    0x0800844c   0x000000a0   Code   RO         3816    i.xTaskCheckForTimeOut  tasks.o
    0x080084ec   0x00000060   Code   RO         3817    i.xTaskCreate       tasks.o
    0x0800854c   0x00000020   Code   RO         3821    i.xTaskGetSchedulerState  tasks.o
    0x0800856c   0x0000000c   Code   RO         3822    i.xTaskGetTickCount  tasks.o
    0x08008578   0x00000160   Code   RO         3824    i.xTaskIncrementTick  tasks.o
    0x080086d8   0x000000d8   Code   RO         3827    i.xTaskPriorityDisinherit  tasks.o
    0x080087b0   0x000000b4   Code   RO         3828    i.xTaskRemoveFromEventList  tasks.o
    0x08008864   0x00000120   Code   RO         3830    i.xTaskResumeAll    tasks.o
    0x08008984   0x00000070   Code   RO         4149    i.xTimerCreateTimerTask  timers.o
    0x080089f4   0x000000a0   Code   RO         4150    i.xTimerGenericCommand  timers.o
    0x08008a94   0x0000002c   Code   RO         4736    locale$$code        c_w.l(lc_numeric_c.o)
    0x08008ac0   0x00000062   Code   RO         4478    x$fpl$d2f           fz_ws.l(d2f.o)
    0x08008b22   0x00000002   PAD
    0x08008b24   0x00000150   Code   RO         4480    x$fpl$dadd          fz_ws.l(daddsub_clz.o)
    0x08008c74   0x00000010   Code   RO         4740    x$fpl$dcheck1       fz_ws.l(dcheck1.o)
    0x08008c84   0x00000018   Code   RO         4615    x$fpl$dcmpinf       fz_ws.l(dcmpi.o)
    0x08008c9c   0x000002b0   Code   RO         4487    x$fpl$ddiv          fz_ws.l(ddiv.o)
    0x08008f4c   0x0000005e   Code   RO         4490    x$fpl$dfix          fz_ws.l(dfix.o)
    0x08008faa   0x00000002   PAD
    0x08008fac   0x00000078   Code   RO         4500    x$fpl$dleqf         fz_ws.l(dleqf.o)
    0x08009024   0x00000154   Code   RO         4502    x$fpl$dmul          fz_ws.l(dmul.o)
    0x08009178   0x0000009c   Code   RO         4617    x$fpl$dnaninf       fz_ws.l(dnaninf.o)
    0x08009214   0x0000000c   Code   RO         4619    x$fpl$dretinf       fz_ws.l(dretinf.o)
    0x08009220   0x00000016   Code   RO         4481    x$fpl$drsb          fz_ws.l(daddsub_clz.o)
    0x08009236   0x00000002   PAD
    0x08009238   0x000001cc   Code   RO         4742    x$fpl$dsqrt         fz_ws.l(dsqrt_noumaal.o)
    0x08009404   0x000001d4   Code   RO         4482    x$fpl$dsub          fz_ws.l(daddsub_clz.o)
    0x080095d8   0x00000056   Code   RO         4504    x$fpl$f2d           fz_ws.l(f2d.o)
    0x0800962e   0x00000002   PAD
    0x08009630   0x000000c4   Code   RO         4506    x$fpl$fadd          fz_ws.l(faddsub_clz.o)
    0x080096f4   0x00000018   Code   RO         4621    x$fpl$fcmpinf       fz_ws.l(fcmpi.o)
    0x0800970c   0x00000184   Code   RO         4513    x$fpl$fdiv          fz_ws.l(fdiv.o)
    0x08009890   0x00000068   Code   RO         4516    x$fpl$feqf          fz_ws.l(feqf.o)
    0x080098f8   0x00000036   Code   RO         4518    x$fpl$ffix          fz_ws.l(ffix.o)
    0x0800992e   0x00000002   PAD
    0x08009930   0x0000003e   Code   RO         4522    x$fpl$ffixu         fz_ws.l(ffixu.o)
    0x0800996e   0x00000002   PAD
    0x08009970   0x00000030   Code   RO         4527    x$fpl$fflt          fz_ws.l(fflt_clz.o)
    0x080099a0   0x00000026   Code   RO         4526    x$fpl$ffltu         fz_ws.l(fflt_clz.o)
    0x080099c6   0x00000002   PAD
    0x080099c8   0x00000068   Code   RO         4532    x$fpl$fleqf         fz_ws.l(fleqf.o)
    0x08009a30   0x00000102   Code   RO         4534    x$fpl$fmul          fz_ws.l(fmul.o)
    0x08009b32   0x0000008c   Code   RO         4623    x$fpl$fnaninf       fz_ws.l(fnaninf.o)
    0x08009bbe   0x0000000a   Code   RO         4625    x$fpl$fretinf       fz_ws.l(fretinf.o)
    0x08009bc8   0x00000062   Code   RO         4536    x$fpl$frleqf        fz_ws.l(frleqf.o)
    0x08009c2a   0x00000014   Code   RO         4507    x$fpl$frsb          fz_ws.l(faddsub_clz.o)
    0x08009c3e   0x00000002   PAD
    0x08009c40   0x000000ea   Code   RO         4508    x$fpl$fsub          fz_ws.l(faddsub_clz.o)
    0x08009d2a   0x00000004   Code   RO         4538    x$fpl$printf1       fz_ws.l(printf1.o)
    0x08009d2e   0x00000064   Code   RO         4810    x$fpl$retnan        fz_ws.l(retnan.o)
    0x08009d92   0x0000005c   Code   RO         4627    x$fpl$scalbn        fz_ws.l(scalbn.o)
    0x08009dee   0x00000030   Code   RO         4825    x$fpl$trapveneer    fz_ws.l(trapv.o)
    0x08009e1e   0x00000000   Code   RO         4629    x$fpl$usenofp       fz_ws.l(usenofp.o)
    0x08009e1e   0x00000002   PAD
    0x08009e20   0x00000050   Data   RO         2733    .constdata          inv_mpu.o
    0x08009e70   0x00000bf6   Data   RO         3051    .constdata          inv_mpu_dmp_motion_driver.o
    0x0800aa66   0x00000011   Data   RO         4455    .constdata          c_w.l(__printf_flags_ss_wp.o)
    0x0800aa77   0x00000001   PAD
    0x0800aa78   0x00000050   Data   RO         4542    .constdata          m_ws.l(asin.o)
    0x0800aac8   0x00000098   Data   RO         4632    .constdata          m_ws.l(atan.o)
    0x0800ab60   0x00000008   Data   RO         4658    .constdata          m_ws.l(qnan.o)
    0x0800ab68   0x00000094   Data   RO         4705    .constdata          c_w.l(bigflt0.o)
    0x0800abfc   0x0000004d   Data   RO         2734    .conststring        inv_mpu.o
    0x0800ac49   0x00000003   PAD
    0x0800ac4c   0x00000020   Data   RO         4896    Region$$Table       anon$$obj.o
    0x0800ac6c   0x0000001c   Data   RO         4735    locale$$data        c_w.l(lc_numeric_c.o)


    Execution Region RW_IRAM1 (Base: 0x20000000, Size: 0x00004f68, Max: 0x00005000, ABSOLUTE, COMPRESSED[0x00000030])

    Base Addr    Size         Type   Attr      Idx    E Section Name        Object

    0x20000000   0x00000004   Data   RW            9    .data               delay.o
    0x20000004   0x0000000a   Data   RW          247    .data               usart.o
    0x2000000e   0x00000002   PAD
    0x20000010   0x00000014   Data   RW          536    .data               system_stm32f10x.o
    0x20000024   0x00000014   Data   RW         1314    .data               stm32f10x_rcc.o
    0x20000038   0x0000001c   Data   RW         2547    .data               usertask.o
    0x20000054   0x00000035   Data   RW         2735    .data               inv_mpu.o
    0x20000089   0x00000003   PAD
    0x2000008c   0x00000040   Data   RW         3336    .data               pid.o
    0x200000cc   0x0000000c   Data   RW         3374    .data               servo.o
    0x200000d8   0x0000003c   Data   RW         3833    .data               tasks.o
    0x20000114   0x00000014   Data   RW         4158    .data               timers.o
    0x20000128   0x00000018   Data   RW         4274    .data               heap_4.o
    0x20000140   0x0000000c   Data   RW         4325    .data               port.o
    0x2000014c   0x00001c5c   Zero   RW         2457    .bss                main.o
    0x20001da8   0x00000010   Zero   RW         3050    .bss                inv_mpu_dmp_motion_driver.o
    0x20001db8   0x00000040   Zero   RW         3580    .bss                queue.o
    0x20001df8   0x000002e4   Zero   RW         3832    .bss                tasks.o
    0x200020dc   0x00000028   Zero   RW         4157    .bss                timers.o
    0x20002104   0x00002800   Zero   RW         4273    .bss                heap_4.o
    0x20004904   0x00000060   Zero   RW         4747    .bss                c_w.l(libspace.o)
    0x20004964   0x00000004   PAD
    0x20004968   0x00000200   Zero   RW          586    HEAP                startup_stm32f10x_md.o
    0x20004b68   0x00000400   Zero   RW          585    STACK               startup_stm32f10x_md.o


==============================================================================

Image component sizes


      Code (inc. data)   RO Data    RW Data    ZI Data      Debug   Object Name

       272         28          0          0          0       3347   bsp_usart_dma.o
       248         24          0          0          0       1811   buzzer.o
       272         28          0          4          0     281837   delay.o
       116         18          0          0          0       1268   erorr.o
         0          0          0          0          0      10212   event_groups.o
       744        168          0         24      10240       3631   heap_4.o
       224         20          0          0          0       1435   internal_flash.o
      6880        292        157         53          0      29948   inv_mpu.o
      3096        122       3062          0         16      20034   inv_mpu_dmp_motion_driver.o
       148          0          0          0          0       2822   list.o
        80          0          0          0       7260       1126   main.o
       172         22          0          0          0       1797   misc.o
       732         78          0          0          0       6387   mpu6050.o
       658        100          0          0          0       4514   mpuiic.o
       122         10          0          0          0        935   nvic.o
       708        134          0         64          0       2347   pid.o
       934        304          0         12          0       9853   port.o
       324         12          0          0          0        731   pwm.o
      2164        238          0          0         64      14725   queue.o
       336         20          0         12          0        854   servo.o
        64         26        236          0       1536        776   startup_stm32f10x_md.o
       112         10          0          0          0       3029   stm32f10x_dma.o
       200         18          0          0          0       1856   stm32f10x_exti.o
       330         38          0          0          0       4884   stm32f10x_flash.o
       350          4          0          0          0       3338   stm32f10x_gpio.o
        20          0          0          0          0       2369   stm32f10x_it.o
       308         38          0         20          0       4642   stm32f10x_rcc.o
       952         92          0          0          0       9846   stm32f10x_tim.o
       490          6          0          0          0       6794   stm32f10x_usart.o
         0          0          0          0          0         32   sys.o
       328         28          0         20          0       1993   system_stm32f10x.o
      3406        878          0         60        740      27423   tasks.o
       130          0          0          0          0       1427   tim.o
      1290        292          0         20         40       7979   timers.o
       308         36          0         10          0       6712   usart.o
      1080        274          0         28          0       3755   usertask.o

    ----------------------------------------------------------------------
     27632       3358       3490        332      19896     486469   Object Totals
         0          0         32          0          0          0   (incl. Generated)
        34          0          3          5          0          0   (incl. Padding)

    ----------------------------------------------------------------------

      Code (inc. data)   RO Data    RW Data    ZI Data      Debug   Library Member Name

        24          4          0          0          0         84   __2printf.o
        90          0          0          0          0          0   __dczerorl2.o
         8          0          0          0          0         68   __main.o
       392          4         17          0          0         92   __printf_flags_ss_wp.o
        14          0          0          0          0         68   __printf_wp.o
         0          0          0          0          0          0   __rtentry.o
        12          0          0          0          0          0   __rtentry2.o
         6          0          0          0          0          0   __rtentry4.o
        52          8          0          0          0          0   __scatter.o
        28          0          0          0          0          0   __scatter_zi.o
        44          0          0          0          0        108   _printf_char.o
        48          6          0          0          0         96   _printf_char_common.o
        36          4          0          0          0         80   _printf_char_file.o
         6          0          0          0          0          0   _printf_d.o
       120         16          0          0          0         92   _printf_dec.o
         6          0          0          0          0          0   _printf_f.o
      1050          0          0          0          0        216   _printf_fp_dec.o
       128         16          0          0          0         84   _printf_fp_infnan.o
       178          0          0          0          0         88   _printf_intcommon.o
         0          0          0          0          0          0   _printf_percent.o
         4          0          0          0          0          0   _printf_percent_end.o
         6          0          0          0          0          0   _printf_s.o
        82          0          0          0          0         80   _printf_str.o
        22          0          0          0          0        100   _rserrno.o
        16          0          0          0          0         68   aeabi_memset.o
       220          4        148          0          0         96   bigflt0.o
      1910        128          0          0          0        672   btod.o
        18          0          0          0          0         80   exit.o
         8          0          0          0          0         68   ferror.o
         6          0          0          0          0        152   heapauxi.o
        44         10         28          0          0         76   lc_numeric_c.o
         2          0          0          0          0          0   libinit.o
        18          0          0          0          0          0   libinit2.o
         2          0          0          0          0          0   libshutdown.o
         2          0          0          0          0          0   libshutdown2.o
         8          4          0          0         96         68   libspace.o
        72          0          0          0          0         76   llsdiv.o
       138          0          0          0          0         80   lludiv10.o
       238          0          0          0          0        100   lludivv7m.o
        88          0          0          0          0         76   memcmp.o
         8          4          0          0          0         68   rt_errno_addr_intlibspace.o
         8          4          0          0          0         68   rt_locale_intlibspace.o
        68          0          0          0          0         68   rt_memclr.o
        78          0          0          0          0         80   rt_memclr_w.o
       138          0          0          0          0         68   rt_memcpy_v6.o
       100          0          0          0          0         80   rt_memcpy_w.o
         2          0          0          0          0          0   rtexit.o
        10          0          0          0          0          0   rtexit2.o
       128          0          0          0          0         68   strcmpv7m.o
        74          0          0          0          0         80   sys_stackheap_outer.o
         2          0          0          0          0         68   use_no_semi.o
         2          0          0          0          0         68   use_no_semi_2.o
        98          4          0          0          0         92   d2f.o
       826         16          0          0          0        348   daddsub_clz.o
        16          4          0          0          0         68   dcheck1.o
        24          0          0          0          0         68   dcmpi.o
       688        140          0          0          0        208   ddiv.o
        94          4          0          0          0         92   dfix.o
       120          4          0          0          0         92   dleqf.o
       340         12          0          0          0        104   dmul.o
       156          4          0          0          0         92   dnaninf.o
        12          0          0          0          0         68   dretinf.o
       460         56          0          0          0        120   dsqrt_noumaal.o
        86          4          0          0          0         84   f2d.o
       450          8          0          0          0        236   faddsub_clz.o
        24          0          0          0          0         68   fcmpi.o
       388         76          0          0          0         96   fdiv.o
       104          4          0          0          0         84   feqf.o
        54          4          0          0          0         84   ffix.o
        62          4          0          0          0         84   ffixu.o
        86          0          0          0          0        136   fflt_clz.o
       104          4          0          0          0         84   fleqf.o
       258          4          0          0          0         84   fmul.o
       140          4          0          0          0         84   fnaninf.o
        10          0          0          0          0         68   fretinf.o
        98          0          0          0          0         68   frleqf.o
         4          0          0          0          0         68   printf1.o
       100          0          0          0          0         68   retnan.o
        92          0          0          0          0         68   scalbn.o
        48          0          0          0          0         68   trapv.o
         0          0          0          0          0          0   usenofp.o
       624         52         80          0          0        168   asin.o
       544         70        152          0          0        124   atan.o
       384         38          0          0          0        144   atan2.o
        38          6          0          0          0        272   dunder.o
        40          0          0          0          0         68   fpclassify.o
       170          0          0          0          0         96   poly.o
         0          0          8          0          0          0   qnan.o
        76          0          0          0          0         84   sqrt.o

    ----------------------------------------------------------------------
     12612        734        434          0        100       7424   Library Totals
        30          0          1          0          4          0   (incl. Padding)

    ----------------------------------------------------------------------

      Code (inc. data)   RO Data    RW Data    ZI Data      Debug   Library Name

      5764        212        193          0         96       3584   c_w.l
      4942        356          0          0          0       2884   fz_ws.l
      1876        166        240          0          0        956   m_ws.l

    ----------------------------------------------------------------------
     12612        734        434          0        100       7424   Library Totals

    ----------------------------------------------------------------------

==============================================================================


      Code (inc. data)   RO Data    RW Data    ZI Data      Debug   

     40244       4092       3924        332      19996     477301   Grand Totals
     40244       4092       3924         48      19996     477301   ELF Image Totals (compressed)
     40244       4092       3924         48          0          0   ROM Totals

==============================================================================

    Total RO  Size (Code + RO Data)                44168 (  43.13kB)
    Total RW  Size (RW Data + ZI Data)             20328 (  19.85kB)
    Total ROM Size (Code + RO Data + RW Data)      44216 (  43.18kB)

==============================================================================

