Component: ARM Compiler 5.06 update 1 (build 61) Tool: armlink [4d35a8]

==============================================================================

Section Cross References

    delay.o(i.Delay_ms) refers to delay.o(i.delay_us) for delay_us
    delay.o(i.Delay_s) refers to delay.o(i.delay_ms) for delay_ms
    delay.o(i.SysTick_Handler) refers to tasks.o(i.xTaskGetSchedulerState) for xTaskGetSchedulerState
    delay.o(i.SysTick_Handler) refers to port.o(i.xPortSysTickHandler) for xPortSysTickHandler
    delay.o(i.delay_init) refers to misc.o(i.SysTick_CLKSourceConfig) for SysTick_CLKSourceConfig
    delay.o(i.delay_init) refers to system_stm32f10x.o(.data) for SystemCoreClock
    delay.o(i.delay_init) refers to delay.o(.data) for fac_us
    delay.o(i.delay_ms) refers to tasks.o(i.xTaskGetSchedulerState) for xTaskGetSchedulerState
    delay.o(i.delay_ms) refers to tasks.o(i.vTaskDelay) for vTaskDelay
    delay.o(i.delay_ms) refers to delay.o(i.delay_us) for delay_us
    delay.o(i.delay_ms) refers to delay.o(.data) for fac_ms
    delay.o(i.delay_us) refers to delay.o(.data) for fac_us
    delay.o(i.delay_xms) refers to delay.o(i.delay_us) for delay_us
    sys.o(i.RCC_Configuration) refers to stm32f10x_rcc.o(i.RCC_DeInit) for RCC_DeInit
    sys.o(i.RCC_Configuration) refers to stm32f10x_rcc.o(i.RCC_HSEConfig) for RCC_HSEConfig
    sys.o(i.RCC_Configuration) refers to stm32f10x_rcc.o(i.RCC_WaitForHSEStartUp) for RCC_WaitForHSEStartUp
    sys.o(i.RCC_Configuration) refers to stm32f10x_rcc.o(i.RCC_PLLConfig) for RCC_PLLConfig
    sys.o(i.RCC_Configuration) refers to stm32f10x_rcc.o(i.RCC_HCLKConfig) for RCC_HCLKConfig
    sys.o(i.RCC_Configuration) refers to stm32f10x_rcc.o(i.RCC_PCLK1Config) for RCC_PCLK1Config
    sys.o(i.RCC_Configuration) refers to stm32f10x_rcc.o(i.RCC_PCLK2Config) for RCC_PCLK2Config
    sys.o(i.RCC_Configuration) refers to stm32f10x_flash.o(i.FLASH_SetLatency) for FLASH_SetLatency
    sys.o(i.RCC_Configuration) refers to stm32f10x_flash.o(i.FLASH_PrefetchBufferCmd) for FLASH_PrefetchBufferCmd
    sys.o(i.RCC_Configuration) refers to stm32f10x_rcc.o(i.RCC_PLLCmd) for RCC_PLLCmd
    sys.o(i.RCC_Configuration) refers to stm32f10x_rcc.o(i.RCC_GetFlagStatus) for RCC_GetFlagStatus
    sys.o(i.RCC_Configuration) refers to stm32f10x_rcc.o(i.RCC_SYSCLKConfig) for RCC_SYSCLKConfig
    sys.o(i.RCC_Configuration) refers to stm32f10x_rcc.o(i.RCC_GetSYSCLKSource) for RCC_GetSYSCLKSource
    sys.o(i.RCC_Configuration) refers to stm32f10x_rcc.o(i.RCC_APB2PeriphClockCmd) for RCC_APB2PeriphClockCmd
    sys.o(i.RCC_Configuration) refers to stm32f10x_rcc.o(i.RCC_APB1PeriphClockCmd) for RCC_APB1PeriphClockCmd
    usart.o(i.USART1_IRQHandler) refers (Special) to use_no_semi_2.o(.text) for __use_no_semihosting
    usart.o(i.USART1_IRQHandler) refers to stm32f10x_usart.o(i.USART_GetITStatus) for USART_GetITStatus
    usart.o(i.USART1_IRQHandler) refers to stm32f10x_usart.o(i.USART_ReceiveData) for USART_ReceiveData
    usart.o(i.USART1_IRQHandler) refers to stm32f10x_usart.o(i.USART_ClearITPendingBit) for USART_ClearITPendingBit
    usart.o(i.USART1_IRQHandler) refers to usertask.o(.data) for Is_Launch
    usart.o(i.USART1_Init) refers (Special) to use_no_semi_2.o(.text) for __use_no_semihosting
    usart.o(i.USART1_Init) refers to stm32f10x_rcc.o(i.RCC_APB2PeriphClockCmd) for RCC_APB2PeriphClockCmd
    usart.o(i.USART1_Init) refers to stm32f10x_gpio.o(i.GPIO_Init) for GPIO_Init
    usart.o(i.USART1_Init) refers to misc.o(i.NVIC_Init) for NVIC_Init
    usart.o(i.USART1_Init) refers to stm32f10x_usart.o(i.USART_Init) for USART_Init
    usart.o(i.USART1_Init) refers to stm32f10x_usart.o(i.USART_ITConfig) for USART_ITConfig
    usart.o(i.USART1_Init) refers to stm32f10x_usart.o(i.USART_Cmd) for USART_Cmd
    usart.o(i.USART1_printf) refers (Special) to use_no_semi_2.o(.text) for __use_no_semihosting
    usart.o(i.USART1_printf) refers to c89vsnprintf.o(.text) for __c89vsnprintf
    usart.o(i.USART1_printf) refers to stm32f10x_usart.o(i.USART_SendData) for USART_SendData
    usart.o(i.USART1_printf) refers to stm32f10x_usart.o(i.USART_GetFlagStatus) for USART_GetFlagStatus
    usart.o(i.USART1_printf) refers to strlen.o(.text) for strlen
    usart.o(i.USART2_IRQHandler) refers (Special) to use_no_semi_2.o(.text) for __use_no_semihosting
    usart.o(i.USART2_Init) refers (Special) to use_no_semi_2.o(.text) for __use_no_semihosting
    usart.o(i.USART2_Init) refers to stm32f10x_rcc.o(i.RCC_APB2PeriphClockCmd) for RCC_APB2PeriphClockCmd
    usart.o(i.USART2_Init) refers to stm32f10x_rcc.o(i.RCC_APB1PeriphClockCmd) for RCC_APB1PeriphClockCmd
    usart.o(i.USART2_Init) refers to stm32f10x_gpio.o(i.GPIO_Init) for GPIO_Init
    usart.o(i.USART2_Init) refers to stm32f10x_usart.o(i.USART_Init) for USART_Init
    usart.o(i.USART2_Init) refers to stm32f10x_usart.o(i.USART_ITConfig) for USART_ITConfig
[...]
    _ll_udiv                                 0x08000677   Thumb Code   238  lludivv7m.o(.text)
    __read_errno                             0x08000765   Thumb Code    10  _rserrno.o(.text)
    __set_errno                              0x0800076f   Thumb Code    12  _rserrno.o(.text)
    _printf_int_common                       0x0800077b   Thumb Code   178  _printf_intcommon.o(.text)
    __lib_sel_fp_printf                      0x0800082d   Thumb Code     2  _printf_fp_dec.o(.text)
    _printf_fp_dec_real                      0x080009db   Thumb Code   620  _printf_fp_dec.o(.text)
    _printf_char_common                      0x08000c53   Thumb Code    32  _printf_char_common.o(.text)
    _printf_cs_common                        0x08000c79   Thumb Code    20  _printf_char.o(.text)
    _printf_char                             0x08000c8d   Thumb Code    16  _printf_char.o(.text)
    _printf_string                           0x08000c9d   Thumb Code     8  _printf_char.o(.text)
    _printf_char_file                        0x08000ca5   Thumb Code    32  _printf_char_file.o(.text)
    __aeabi_memcpy4                          0x08000cc9   Thumb Code     0  rt_memcpy_w.o(.text)
    __aeabi_memcpy8                          0x08000cc9   Thumb Code     0  rt_memcpy_w.o(.text)
    __rt_memcpy_w                            0x08000cc9   Thumb Code   100  rt_memcpy_w.o(.text)
    _memcpy_lastbytes_aligned                0x08000d11   Thumb Code     0  rt_memcpy_w.o(.text)
    __aeabi_memclr                           0x08000d2d   Thumb Code     0  rt_memclr.o(.text)
    __rt_memclr                              0x08000d2d   Thumb Code    68  rt_memclr.o(.text)
    _memset                                  0x08000d31   Thumb Code     0  rt_memclr.o(.text)
    __rt_locale                              0x08000d71   Thumb Code     8  rt_locale_intlibspace.o(.text)
    __aeabi_errno_addr                       0x08000d79   Thumb Code     8  rt_errno_addr_intlibspace.o(.text)
    __errno$intlibspace                      0x08000d79   Thumb Code     0  rt_errno_addr_intlibspace.o(.text)
    __rt_errno_addr$intlibspace              0x08000d79   Thumb Code     0  rt_errno_addr_intlibspace.o(.text)
    _ll_udiv10                               0x08000d81   Thumb Code   138  lludiv10.o(.text)
    _printf_fp_infnan                        0x08000e0d   Thumb Code   112  _printf_fp_infnan.o(.text)
    _btod_etento                             0x08000e8d   Thumb Code   216  bigflt0.o(.text)
    ferror                                   0x08000f69   Thumb Code     8  ferror.o(.text)
    __aeabi_memclr4                          0x08000f71   Thumb Code     0  rt_memclr_w.o(.text)
    __aeabi_memclr8                          0x08000f71   Thumb Code     0  rt_memclr_w.o(.text)
    __rt_memclr_w                            0x08000f71   Thumb Code    78  rt_memclr_w.o(.text)
    _memset_w                                0x08000f75   Thumb Code     0  rt_memclr_w.o(.text)
    __user_libspace                          0x08000fc1   Thumb Code     8  libspace.o(.text)
    __user_perproc_libspace                  0x08000fc1   Thumb Code     0  libspace.o(.text)
    __user_perthread_libspace                0x08000fc1   Thumb Code     0  libspace.o(.text)
    __user_setup_stackheap                   0x08000fc9   Thumb Code    74  sys_stackheap_outer.o(.text)
    exit                                     0x08001013   Thumb Code    18  exit.o(.text)
    strcmp                                   0x08001025   Thumb Code   128  strcmpv7m.o(.text)
    _btod_d2e                                0x080010a5   Thumb Code    62  btod.o(CL$$btod_d2e)
    _d2e_denorm_low                          0x080010e3   Thumb Code    70  btod.o(CL$$btod_d2e_denorm_low)
    _d2e_norm_op1                            0x08001129   Thumb Code    96  btod.o(CL$$btod_d2e_norm_op1)
    __btod_div_common                        0x08001189   Thumb Code   696  btod.o(CL$$btod_div_common)
    _e2e                                     0x080014c1   Thumb Code   198  btod.o(CL$$btod_e2e)
    _btod_ediv                               0x08001587   Thumb Code    40  btod.o(CL$$btod_ediv)
    _btod_emul                               0x080015af   Thumb Code    40  btod.o(CL$$btod_emul)
    __btod_mult_common                       0x080015d7   Thumb Code   580  btod.o(CL$$btod_mult_common)
    BusFault_Handler                         0x0800181b   Thumb Code     4  stm32f10x_it.o(i.BusFault_Handler)
    BuzzerLED_Init                           0x08001821   Thumb Code    72  buzzer.o(i.BuzzerLED_Init)
    BuzzerTask                               0x08001871   Thumb Code    54  buzzer.o(i.BuzzerTask)
    Buzzer_beep_long1                        0x080018b1   Thumb Code    20  buzzer.o(i.Buzzer_beep_long1)
    Buzzer_beep_short1                       0x080018c9   Thumb Code    18  buzzer.o(i.Buzzer_beep_short1)
    Buzzer_beep_short2                       0x080018e1   Thumb Code    38  buzzer.o(i.Buzzer_beep_short2)
    DMA_ClearFlag                            0x0800190d   Thumb Code    18  stm32f10x_dma.o(i.DMA_ClearFlag)
    DMA_Cmd                                  0x08001929   Thumb Code    24  stm32f10x_dma.o(i.DMA_Cmd)
    DMA_Init                                 0x08001941   Thumb Code    60  stm32f10x_dma.o(i.DMA_Init)
    DebugMon_Handler                         0x0800197d   Thumb Code     2  stm32f10x_it.o(i.DebugMon_Handler)
    EXTI0_IRQHandler                         0x08001981   Thumb Code    30  nvic.o(i.EXTI0_IRQHandler)
    EXTI_ClearITPendingBit                   0x080019a9   Thumb Code     6  stm32f10x_exti.o(i.EXTI_ClearITPendingBit)
    EXTI_GetITStatus                         0x080019b5   Thumb Code    34  stm32f10x_exti.o(i.EXTI_GetITStatus)
    EXTI_Init                                0x080019dd   Thumb Code   142  stm32f10x_exti.o(i.EXTI_Init)
    Erorr_MPU                                0x08001a71   Thumb Code    24  erorr.o(i.Erorr_MPU)
    Erorr_RTOS                               0x08001a8d   Thumb Code    22  erorr.o(i.Erorr_RTOS)
    FLASH_ClearFlag                          0x08001aa9   Thumb Code     6  stm32f10x_flash.o(i.FLASH_ClearFlag)
    FLASH_ErasePage                          0x08001ab5   Thumb Code    72  stm32f10x_flash.o(i.FLASH_ErasePage)
    FLASH_GetBank1Status                     0x08001b01   Thumb Code    48  stm32f10x_flash.o(i.FLASH_GetBank1Status)
    FLASH_Lock                               0x08001b35   Thumb Code    14  stm32f10x_flash.o(i.FLASH_Lock)
    FLASH_ProgramWord                        0x08001b49   Thumb Code   102  stm32f10x_flash.o(i.FLASH_ProgramWord)
    FLASH_Read_FloatBuffer                   0x08001bb5   Thumb Code    88  internal_flash.o(i.FLASH_Read_FloatBuffer)
    FLASH_Unlock                             0x08001c1d   Thumb Code    12  stm32f10x_flash.o(i.FLASH_Unlock)
    FLASH_WaitForLastOperation               0x08001c35   Thumb Code    38  stm32f10x_flash.o(i.FLASH_WaitForLastOperation)
    FireTask                                 0x08001c5d   Thumb Code   152  fire.o(i.FireTask)
    Fire_Init                                0x08001d01   Thumb Code    50  fire.o(i.Fire_Init)
    Flash_Write_FloatBuffer                  0x08001d39   Thumb Code   116  internal_flash.o(i.Flash_Write_FloatBuffer)
    GPIO_EXTILineConfig                      0x08001db1   Thumb Code    60  stm32f10x_gpio.o(i.GPIO_EXTILineConfig)
    GPIO_Init                                0x08001df1   Thumb Code   278  stm32f10x_gpio.o(i.GPIO_Init)
    GPIO_ResetBits                           0x08001f07   Thumb Code     4  stm32f10x_gpio.o(i.GPIO_ResetBits)
    GPIO_SetBits                             0x08001f0b   Thumb Code     4  stm32f10x_gpio.o(i.GPIO_SetBits)
    GYRO_Init                                0x08001f11   Thumb Code    46  mpu6050.o(i.GYRO_Init)
    HardFault_Handler                        0x08001f7d   Thumb Code     4  stm32f10x_it.o(i.HardFault_Handler)
    LEDTask                                  0x08001f81   Thumb Code    48  buzzer.o(i.LEDTask)
    LED_beep                                 0x08001fb9   Thumb Code    42  erorr.o(i.LED_beep)
    LED_blink                                0x08001fe9   Thumb Code    36  buzzer.o(i.LED_blink)
    MPU_IIC_Ack                              0x08002011   Thumb Code    62  mpuiic.o(i.MPU_IIC_Ack)
    MPU_IIC_Delay                            0x0800205d   Thumb Code    10  mpuiic.o(i.MPU_IIC_Delay)
    MPU_IIC_Init                             0x08002069   Thumb Code    46  mpuiic.o(i.MPU_IIC_Init)
    MPU_IIC_NAck                             0x0800209d   Thumb Code    62  mpuiic.o(i.MPU_IIC_NAck)
    MPU_IIC_Read_Byte                        0x080020e9   Thumb Code    94  mpuiic.o(i.MPU_IIC_Read_Byte)
    MPU_IIC_Send_Byte                        0x08002155   Thumb Code    80  mpuiic.o(i.MPU_IIC_Send_Byte)
    MPU_IIC_Start                            0x080021b1   Thumb Code    60  mpuiic.o(i.MPU_IIC_Start)
    MPU_IIC_Stop                             0x080021f9   Thumb Code    58  mpuiic.o(i.MPU_IIC_Stop)
    MPU_IIC_Wait_Ack                         0x08002241   Thumb Code    86  mpuiic.o(i.MPU_IIC_Wait_Ack)
    MPU_Init                                 0x080022a5   Thumb Code   122  mpu6050.o(i.MPU_Init)
    MPU_Read_Byte                            0x0800231f   Thumb Code    58  mpu6050.o(i.MPU_Read_Byte)
    MPU_Read_Len                             0x08002359   Thumb Code   116  mpu6050.o(i.MPU_Read_Len)
    MPU_Set_Accel_Fsr                        0x080023cd   Thumb Code    16  mpu6050.o(i.MPU_Set_Accel_Fsr)
    MPU_Set_Gyro_Fsr                         0x080023dd   Thumb Code    16  mpu6050.o(i.MPU_Set_Gyro_Fsr)
    MPU_Set_LPF                              0x080023ed   Thumb Code    58  mpu6050.o(i.MPU_Set_LPF)
    MPU_Set_Rate                             0x08002427   Thumb Code    58  mpu6050.o(i.MPU_Set_Rate)
    MPU_Write_Byte                           0x08002461   Thumb Code    68  mpu6050.o(i.MPU_Write_Byte)
    MPU_Write_Len                            0x080024a5   Thumb Code    96  mpu6050.o(i.MPU_Write_Len)
    MemManage_Handler                        0x08002505   Thumb Code     4  stm32f10x_it.o(i.MemManage_Handler)
    NMI_Handler                              0x08002509   Thumb Code     2  stm32f10x_it.o(i.NMI_Handler)
    NVIC_INIT                                0x0800250b   Thumb Code    82  nvic.o(i.NVIC_INIT)
    NVIC_Init                                0x0800255d   Thumb Code   100  misc.o(i.NVIC_Init)
    NVIC_PriorityGroupConfig                 0x080025cd   Thumb Code    10  misc.o(i.NVIC_PriorityGroupConfig)
    PID_Pitch                                0x080025e1   Thumb Code   280  pid_1.o(i.PID_Pitch)
    PID_Roll                                 0x08002735   Thumb Code   280  pid_1.o(i.PID_Roll)
    PID_Set_Goal                             0x08002889   Thumb Code    14  pid_1.o(i.PID_Set_Goal)
    RCC_AHBPeriphClockCmd                    0x080028a5   Thumb Code    26  stm32f10x_rcc.o(i.RCC_AHBPeriphClockCmd)
    RCC_APB1PeriphClockCmd                   0x080028c5   Thumb Code    26  stm32f10x_rcc.o(i.RCC_APB1PeriphClockCmd)
    RCC_APB2PeriphClockCmd                   0x080028e5   Thumb Code    26  stm32f10x_rcc.o(i.RCC_APB2PeriphClockCmd)
    RCC_GetClocksFreq                        0x08002905   Thumb Code   192  stm32f10x_rcc.o(i.RCC_GetClocksFreq)
    Rocket_ContactCheck                      0x080029d9   Thumb Code    22  rocket.o(i.Rocket_ContactCheck)
    Rocket_Launch                            0x08002a0d   Thumb Code   416  rocket.o(i.Rocket_Launch)
    Rocket_PID                               0x08002c6d   Thumb Code    84  rocket.o(i.Rocket_PID)
    Rocket_Readflash                         0x08002cd5   Thumb Code    20  rocket.o(i.Rocket_Readflash)
    Rocket_Senddata                          0x08002cf1   Thumb Code    60  rocket.o(i.Rocket_Senddata)
    Rocket_Servo                             0x08002d3d   Thumb Code    44  rocket.o(i.Rocket_Servo)
    ServoSet                                 0x08002d6d   Thumb Code   316  servo.o(i.ServoSet)
    StartRTOS                                0x08002fa5   Thumb Code    28  usertask.o(i.StartRTOS)
    SysTick_CLKSourceConfig                  0x08002fd5   Thumb Code    40  misc.o(i.SysTick_CLKSourceConfig)
    SysTick_Handler                          0x08002ffd   Thumb Code    16  delay.o(i.SysTick_Handler)
    SystemInit                               0x0800300d   Thumb Code    78  system_stm32f10x.o(i.SystemInit)
    TIM2_IRQHandler                          0x0800306d   Thumb Code    22  tim.o(i.TIM2_IRQHandler)
    TIM_ClearITPendingBit                    0x08003083   Thumb Code     6  stm32f10x_tim.o(i.TIM_ClearITPendingBit)
    TIM_Cmd                                  0x08003089   Thumb Code    24  stm32f10x_tim.o(i.TIM_Cmd)
    TIM_GetITStatus                          0x080030a1   Thumb Code    34  stm32f10x_tim.o(i.TIM_GetITStatus)
    TIM_OC1Init                              0x080030c5   Thumb Code   132  stm32f10x_tim.o(i.TIM_OC1Init)
    TIM_OC1PreloadConfig                     0x0800315d   Thumb Code    18  stm32f10x_tim.o(i.TIM_OC1PreloadConfig)
    TIM_OC2Init                              0x08003171   Thumb Code   154  stm32f10x_tim.o(i.TIM_OC2Init)
    TIM_OC2PreloadConfig                     0x08003215   Thumb Code    26  stm32f10x_tim.o(i.TIM_OC2PreloadConfig)
    TIM_OC3Init                              0x08003231   Thumb Code   150  stm32f10x_tim.o(i.TIM_OC3Init)
    TIM_OC3PreloadConfig                     0x080032d1   Thumb Code    18  stm32f10x_tim.o(i.TIM_OC3PreloadConfig)
    TIM_OC4Init                              0x080032e5   Thumb Code   114  stm32f10x_tim.o(i.TIM_OC4Init)
    TIM_OC4PreloadConfig                     0x08003361   Thumb Code    26  stm32f10x_tim.o(i.TIM_OC4PreloadConfig)
    TIM_PWM_Init                             0x0800337d   Thumb Code   312  pwm.o(i.TIM_PWM_Init)
    TIM_SetCompare1                          0x080034c1   Thumb Code     4  stm32f10x_tim.o(i.TIM_SetCompare1)
    TIM_SetCompare2                          0x080034c5   Thumb Code     4  stm32f10x_tim.o(i.TIM_SetCompare2)
    TIM_SetCompare3                          0x080034c9   Thumb Code     4  stm32f10x_tim.o(i.TIM_SetCompare3)
    TIM_SetCompare4                          0x080034cd   Thumb Code     6  stm32f10x_tim.o(i.TIM_SetCompare4)
    TIM_TimeBaseInit                         0x080034d5   Thumb Code   122  stm32f10x_tim.o(i.TIM_TimeBaseInit)
    USART1_IRQHandler                        0x08003579   Thumb Code    74  usart.o(i.USART1_IRQHandler)
    USART1_Init                              0x080035d9   Thumb Code   154  usart.o(i.USART1_Init)
    USART2_IRQHandler                        0x0800367d   Thumb Code     2  usart.o(i.USART2_IRQHandler)
    USART3_IRQHandler                        0x08003681   Thumb Code    46  usart.o(i.USART3_IRQHandler)
    USART_ClearITPendingBit                  0x080036b9   Thumb Code    30  stm32f10x_usart.o(i.USART_ClearITPendingBit)
    USART_Cmd                                0x080036d7   Thumb Code    24  stm32f10x_usart.o(i.USART_Cmd)
    USART_Config                             0x080036f1   Thumb Code   120  bsp_usart_dma.o(i.USART_Config)
    USART_DMACmd                             0x08003771   Thumb Code    18  stm32f10x_usart.o(i.USART_DMACmd)
    USART_GetFlagStatus                      0x08003783   Thumb Code    26  stm32f10x_usart.o(i.USART_GetFlagStatus)
    USART_GetITStatus                        0x0800379d   Thumb Code    84  stm32f10x_usart.o(i.USART_GetITStatus)
    USART_ITConfig                           0x080037f1   Thumb Code    74  stm32f10x_usart.o(i.USART_ITConfig)
    USART_Init                               0x0800383d   Thumb Code   210  stm32f10x_usart.o(i.USART_Init)
    USART_ReceiveData                        0x08003915   Thumb Code    10  stm32f10x_usart.o(i.USART_ReceiveData)
    USART_SendData                           0x0800391f   Thumb Code     8  stm32f10x_usart.o(i.USART_SendData)
    USARTx_DMA_Config                        0x08003929   Thumb Code    76  bsp_usart_dma.o(i.USARTx_DMA_Config)
    USARTx_DMA_NOAMAL_RESTART                0x08003981   Thumb Code    16  bsp_usart_dma.o(i.USARTx_DMA_NOAMAL_RESTART)
    UsageFault_Handler                       0x08003995   Thumb Code     4  stm32f10x_it.o(i.UsageFault_Handler)
    __ARM_fpclassify                         0x08003999   Thumb Code    40  fpclassify.o(i.__ARM_fpclassify)
    __kernel_poly                            0x080039c1   Thumb Code   170  poly.o(i.__kernel_poly)
    __mathlib_dbl_infnan                     0x08003a6b   Thumb Code     6  dunder.o(i.__mathlib_dbl_infnan)
    __mathlib_dbl_infnan2                    0x08003a71   Thumb Code     4  dunder.o(i.__mathlib_dbl_infnan2)
    __mathlib_dbl_invalid                    0x08003a75   Thumb Code    12  dunder.o(i.__mathlib_dbl_invalid)
    __mathlib_dbl_underflow                  0x08003a81   Thumb Code    10  dunder.o(i.__mathlib_dbl_underflow)
    _is_digit                                0x08003a91   Thumb Code    14  __printf_wp.o(i._is_digit)
    _sys_exit                                0x08003a9f   Thumb Code     6  usart.o(i._sys_exit)
    asin                                     0x08003b4d   Thumb Code   572  asin.o(i.asin)
    atan                                     0x08003dbd   Thumb Code   474  atan.o(i.atan)
    atan2                                    0x08003fdd   Thumb Code   346  atan2.o(i.atan2)
    delay_init                               0x080041c1   Thumb Code    74  delay.o(i.delay_init)
    delay_ms                                 0x0800421d   Thumb Code    62  delay.o(i.delay_ms)
    delay_us                                 0x08004261   Thumb Code    68  delay.o(i.delay_us)
    delay_xms                                0x080042a9   Thumb Code    24  delay.o(i.delay_xms)
    dmp_enable_6x_lp_quat                    0x080042c1   Thumb Code    60  inv_mpu_dmp_motion_driver.o(i.dmp_enable_6x_lp_quat)
    dmp_enable_feature                       0x080042fd   Thumb Code   530  inv_mpu_dmp_motion_driver.o(i.dmp_enable_feature)
    dmp_enable_gyro_cal                      0x08004519   Thumb Code    62  inv_mpu_dmp_motion_driver.o(i.dmp_enable_gyro_cal)
    dmp_enable_lp_quat                       0x08004571   Thumb Code    60  inv_mpu_dmp_motion_driver.o(i.dmp_enable_lp_quat)
    dmp_load_motion_driver_firmware          0x080045ad   Thumb Code    20  inv_mpu_dmp_motion_driver.o(i.dmp_load_motion_driver_firmware)
    dmp_read_fifo                            0x080045c5   Thumb Code   456  inv_mpu_dmp_motion_driver.o(i.dmp_read_fifo)
    dmp_set_accel_bias                       0x08004791   Thumb Code   300  inv_mpu_dmp_motion_driver.o(i.dmp_set_accel_bias)
    dmp_set_fifo_rate                        0x080048c1   Thumb Code    96  inv_mpu_dmp_motion_driver.o(i.dmp_set_fifo_rate)
    dmp_set_gyro_bias                        0x08004931   Thumb Code   294  inv_mpu_dmp_motion_driver.o(i.dmp_set_gyro_bias)
    dmp_set_orientation                      0x08004a61   Thumb Code   290  inv_mpu_dmp_motion_driver.o(i.dmp_set_orientation)
    dmp_set_shake_reject_thresh              0x08004b99   Thumb Code    56  inv_mpu_dmp_motion_driver.o(i.dmp_set_shake_reject_thresh)
    dmp_set_shake_reject_time                0x08004bd1   Thumb Code    38  inv_mpu_dmp_motion_driver.o(i.dmp_set_shake_reject_time)
    dmp_set_shake_reject_timeout             0x08004bf7   Thumb Code    38  inv_mpu_dmp_motion_driver.o(i.dmp_set_shake_reject_timeout)
    dmp_set_tap_axes                         0x08004c1d   Thumb Code    70  inv_mpu_dmp_motion_driver.o(i.dmp_set_tap_axes)
    dmp_set_tap_count                        0x08004c63   Thumb Code    38  inv_mpu_dmp_motion_driver.o(i.dmp_set_tap_count)
    dmp_set_tap_thresh                       0x08004c89   Thumb Code   396  inv_mpu_dmp_motion_driver.o(i.dmp_set_tap_thresh)
    dmp_set_tap_time                         0x08004e29   Thumb Code    38  inv_mpu_dmp_motion_driver.o(i.dmp_set_tap_time)
    dmp_set_tap_time_multi                   0x08004e4f   Thumb Code    38  inv_mpu_dmp_motion_driver.o(i.dmp_set_tap_time_multi)
    float2char                               0x08004e75   Thumb Code    48  rocket.o(i.float2char)
    fputc                                    0x08004ea5   Thumb Code    32  bsp_usart_dma.o(i.fputc)
    inv_orientation_matrix_to_scalar         0x080054fd   Thumb Code    40  inv_mpu.o(i.inv_orientation_matrix_to_scalar)
    inv_row_2_scale                          0x08005525   Thumb Code    78  inv_mpu.o(i.inv_row_2_scale)
    main                                     0x08005575   Thumb Code    86  main.o(i.main)
    mget_ms                                  0x080055d1   Thumb Code     2  inv_mpu.o(i.mget_ms)
    mpu_configure_fifo                       0x080055d5   Thumb Code   106  inv_mpu.o(i.mpu_configure_fifo)
    mpu_dmp_get_data                         0x08005645   Thumb Code   558  inv_mpu.o(i.mpu_dmp_get_data)
    mpu_dmp_init                             0x08005879   Thumb Code   154  inv_mpu.o(i.mpu_dmp_init)
    mpu_get_accel_fsr                        0x08005919   Thumb Code    72  inv_mpu.o(i.mpu_get_accel_fsr)
    mpu_get_accel_sens                       0x08005965   Thumb Code    78  inv_mpu.o(i.mpu_get_accel_sens)
    mpu_get_fifo_config                      0x080059b9   Thumb Code    12  inv_mpu.o(i.mpu_get_fifo_config)
    mpu_get_gyro_fsr                         0x080059c9   Thumb Code    64  inv_mpu.o(i.mpu_get_gyro_fsr)
    mpu_get_gyro_sens                        0x08005a0d   Thumb Code    58  inv_mpu.o(i.mpu_get_gyro_sens)
    mpu_get_lpf                              0x08005a5d   Thumb Code    74  inv_mpu.o(i.mpu_get_lpf)
    mpu_get_sample_rate                      0x08005aad   Thumb Code    26  inv_mpu.o(i.mpu_get_sample_rate)
    mpu_init                                 0x08005acd   Thumb Code   416  inv_mpu.o(i.mpu_init)
    mpu_load_firmware                        0x08005cbd   Thumb Code   180  inv_mpu.o(i.mpu_load_firmware)
    mpu_lp_accel_mode                        0x08005d75   Thumb Code   218  inv_mpu.o(i.mpu_lp_accel_mode)
    mpu_read_fifo_stream                     0x08005e55   Thumb Code   186  inv_mpu.o(i.mpu_read_fifo_stream)
    mpu_read_mem                             0x08005f15   Thumb Code   122  inv_mpu.o(i.mpu_read_mem)
    mpu_reset_fifo                           0x08005f95   Thumb Code   450  inv_mpu.o(i.mpu_reset_fifo)
    mpu_run_self_test                        0x0800615d   Thumb Code   278  inv_mpu.o(i.mpu_run_self_test)
    mpu_set_accel_fsr                        0x08006279   Thumb Code   126  inv_mpu.o(i.mpu_set_accel_fsr)
    mpu_set_bypass                           0x080062fd   Thumb Code   328  inv_mpu.o(i.mpu_set_bypass)
    mpu_set_dmp_state                        0x08006449   Thumb Code   138  inv_mpu.o(i.mpu_set_dmp_state)
    mpu_set_gyro_fsr                         0x080064d9   Thumb Code   132  inv_mpu.o(i.mpu_set_gyro_fsr)
    mpu_set_int_latched                      0x08006561   Thumb Code   102  inv_mpu.o(i.mpu_set_int_latched)
    mpu_set_lpf                              0x080065cd   Thumb Code   126  inv_mpu.o(i.mpu_set_lpf)
    mpu_set_sample_rate                      0x08006651   Thumb Code   152  inv_mpu.o(i.mpu_set_sample_rate)
    mpu_set_sensors                          0x080066ed   Thumb Code   202  inv_mpu.o(i.mpu_set_sensors)
    mpu_write_mem                            0x080067bd   Thumb Code   122  inv_mpu.o(i.mpu_write_mem)
    pvPortMalloc                             0x08007321   Thumb Code   262  heap_4.o(i.pvPortMalloc)
    pvTaskIncrementMutexHeldCount            0x08007471   Thumb Code    26  tasks.o(i.pvTaskIncrementMutexHeldCount)
    pxPortInitialiseStack                    0x08007491   Thumb Code    30  port.o(i.pxPortInitialiseStack)
    run_self_test                            0x080074b5   Thumb Code   148  inv_mpu.o(i.run_self_test)
    sqrt                                     0x080075d9   Thumb Code    76  sqrt.o(i.sqrt)
    start_task                               0x08007625   Thumb Code   112  usertask.o(i.start_task)
    task1_task                               0x080076d5   Thumb Code    72  usertask.o(i.task1_task)
    task2_task                               0x08007745   Thumb Code    18  usertask.o(i.task2_task)
    task3_task                               0x08007757   Thumb Code    22  usertask.o(i.task3_task)
    uxListRemove                             0x0800776d   Thumb Code    40  list.o(i.uxListRemove)
    vListInitialise                          0x08007795   Thumb Code    26  list.o(i.vListInitialise)
    vListInitialiseItem                      0x080077af   Thumb Code     6  list.o(i.vListInitialiseItem)
    vListInsert                              0x080077b5   Thumb Code    52  list.o(i.vListInsert)
    vListInsertEnd                           0x080077e9   Thumb Code    24  list.o(i.vListInsertEnd)
    vPortEnterCritical                       0x08007801   Thumb Code    68  port.o(i.vPortEnterCritical)
    vPortExitCritical                        0x08007885   Thumb Code    48  port.o(i.vPortExitCritical)
    vPortFree                                0x080078f1   Thumb Code   120  heap_4.o(i.vPortFree)
    vPortSetupTimerInterrupt                 0x080079a5   Thumb Code    26  port.o(i.vPortSetupTimerInterrupt)
    vPortValidateInterruptPriority           0x080079c5   Thumb Code    86  port.o(i.vPortValidateInterruptPriority)
    vQueueAddToRegistry                      0x08007a61   Thumb Code    38  queue.o(i.vQueueAddToRegistry)
    vQueueWaitForMessageRestricted           0x08007a8d   Thumb Code    74  queue.o(i.vQueueWaitForMessageRestricted)
    vTaskDelay                               0x08007ad9   Thumb Code    72  tasks.o(i.vTaskDelay)
    vTaskDelete                              0x08007b4d   Thumb Code   192  tasks.o(i.vTaskDelete)
    vTaskMissedYield                         0x08007c59   Thumb Code     8  tasks.o(i.vTaskMissedYield)
    vTaskPlaceOnEventList                    0x08007c65   Thumb Code    42  tasks.o(i.vTaskPlaceOnEventList)
    vTaskPlaceOnEventListRestricted          0x08007cb9   Thumb Code    50  tasks.o(i.vTaskPlaceOnEventListRestricted)
    vTaskPriorityInherit                     0x08007d15   Thumb Code   164  tasks.o(i.vTaskPriorityInherit)
    vTaskSetTimeOutState                     0x08007dc5   Thumb Code    32  tasks.o(i.vTaskSetTimeOutState)
    vTaskStartScheduler                      0x08007e11   Thumb Code   108  tasks.o(i.vTaskStartScheduler)
    vTaskSuspendAll                          0x08007ebd   Thumb Code    12  tasks.o(i.vTaskSuspendAll)
    vTaskSwitchContext                       0x08007ecd   Thumb Code   110  tasks.o(i.vTaskSwitchContext)
    xPortStartScheduler                      0x08007f75   Thumb Code   140  port.o(i.xPortStartScheduler)
    xPortSysTickHandler                      0x08008015   Thumb Code    46  port.o(i.xPortSysTickHandler)
    xQueueGenericCreate                      0x08008049   Thumb Code    78  queue.o(i.xQueueGenericCreate)
    xQueueGenericReceive                     0x080080bd   Thumb Code   416  queue.o(i.xQueueGenericReceive)
    xQueueGenericReset                       0x08008285   Thumb Code   136  queue.o(i.xQueueGenericReset)
    xQueueGenericSend                        0x08008335   Thumb Code   412  queue.o(i.xQueueGenericSend)
    xQueueGenericSendFromISR                 0x080084f9   Thumb Code   234  queue.o(i.xQueueGenericSendFromISR)
    xTaskCheckForTimeOut                     0x08008609   Thumb Code   116  tasks.o(i.xTaskCheckForTimeOut)
    xTaskCreate                              0x080086a9   Thumb Code    96  tasks.o(i.xTaskCreate)
    xTaskGetSchedulerState                   0x08008709   Thumb Code    24  tasks.o(i.xTaskGetSchedulerState)
    xTaskGetTickCount                        0x08008729   Thumb Code     6  tasks.o(i.xTaskGetTickCount)
    xTaskIncrementTick                       0x08008735   Thumb Code   272  tasks.o(i.xTaskIncrementTick)
    xTaskPriorityDisinherit                  0x08008895   Thumb Code   168  tasks.o(i.xTaskPriorityDisinherit)
    xTaskRemoveFromEventList                 0x0800896d   Thumb Code   118  tasks.o(i.xTaskRemoveFromEventList)
    xTaskResumeAll                           0x08008a21   Thumb Code   214  tasks.o(i.xTaskResumeAll)
    xTimerCreateTimerTask                    0x08008b41   Thumb Code    56  timers.o(i.xTimerCreateTimerTask)
    xTimerGenericCommand                     0x08008bb1   Thumb Code   118  timers.o(i.xTimerGenericCommand)
    _get_lc_numeric                          0x08008c51   Thumb Code    44  lc_numeric_c.o(locale$$code)
    __aeabi_d2f                              0x08008c7d   Thumb Code     0  d2f.o(x$fpl$d2f)
    _d2f                                     0x08008c7d   Thumb Code    98  d2f.o(x$fpl$d2f)
    __aeabi_dadd                             0x08008ce1   Thumb Code     0  daddsub_clz.o(x$fpl$dadd)
    _dadd                                    0x08008ce1   Thumb Code   332  daddsub_clz.o(x$fpl$dadd)
    __fpl_dcheck_NaN1                        0x08008e31   Thumb Code    10  dcheck1.o(x$fpl$dcheck1)
    __fpl_dcmp_Inf                           0x08008e41   Thumb Code    24  dcmpi.o(x$fpl$dcmpinf)
    __aeabi_ddiv                             0x08008e59   Thumb Code     0  ddiv.o(x$fpl$ddiv)
    _ddiv                                    0x08008e59   Thumb Code   552  ddiv.o(x$fpl$ddiv)
    __aeabi_d2iz                             0x08009109   Thumb Code     0  dfix.o(x$fpl$dfix)
    _dfix                                    0x08009109   Thumb Code    94  dfix.o(x$fpl$dfix)
    __aeabi_cdcmple                          0x08009169   Thumb Code     0  dleqf.o(x$fpl$dleqf)
    _dcmple                                  0x08009169   Thumb Code   120  dleqf.o(x$fpl$dleqf)
    __fpl_dcmple_InfNaN                      0x080091cb   Thumb Code     0  dleqf.o(x$fpl$dleqf)
    __aeabi_dmul                             0x080091e1   Thumb Code     0  dmul.o(x$fpl$dmul)
    _dmul                                    0x080091e1   Thumb Code   332  dmul.o(x$fpl$dmul)
    __fpl_dnaninf                            0x08009335   Thumb Code   156  dnaninf.o(x$fpl$dnaninf)
    __fpl_dretinf                            0x080093d1   Thumb Code    12  dretinf.o(x$fpl$dretinf)
    __aeabi_drsub                            0x080093dd   Thumb Code     0  daddsub_clz.o(x$fpl$drsb)
    _drsb                                    0x080093dd   Thumb Code    22  daddsub_clz.o(x$fpl$drsb)
    _dsqrt                                   0x080093f5   Thumb Code   456  dsqrt_noumaal.o(x$fpl$dsqrt)
    __aeabi_dsub                             0x080095c1   Thumb Code     0  daddsub_clz.o(x$fpl$dsub)
    _dsub                                    0x080095c1   Thumb Code   464  daddsub_clz.o(x$fpl$dsub)
    __aeabi_f2d                              0x08009795   Thumb Code     0  f2d.o(x$fpl$f2d)
    _f2d                                     0x08009795   Thumb Code    86  f2d.o(x$fpl$f2d)
    __aeabi_fadd                             0x080097ed   Thumb Code     0  faddsub_clz.o(x$fpl$fadd)
    _fadd                                    0x080097ed   Thumb Code   196  faddsub_clz.o(x$fpl$fadd)
    __fpl_fcmp_Inf                           0x080098b1   Thumb Code    24  fcmpi.o(x$fpl$fcmpinf)
    __aeabi_fdiv                             0x080098c9   Thumb Code     0  fdiv.o(x$fpl$fdiv)
    _fdiv                                    0x080098c9   Thumb Code   384  fdiv.o(x$fpl$fdiv)
    __aeabi_cfcmpeq                          0x08009a4d   Thumb Code     0  feqf.o(x$fpl$feqf)
    _fcmpeq                                  0x08009a4d   Thumb Code   104  feqf.o(x$fpl$feqf)
    __aeabi_f2iz                             0x08009ab5   Thumb Code     0  ffix.o(x$fpl$ffix)
    _ffix                                    0x08009ab5   Thumb Code    54  ffix.o(x$fpl$ffix)
    __aeabi_f2uiz                            0x08009aed   Thumb Code     0  ffixu.o(x$fpl$ffixu)
    _ffixu                                   0x08009aed   Thumb Code    62  ffixu.o(x$fpl$ffixu)
    __aeabi_i2f                              0x08009b2d   Thumb Code     0  fflt_clz.o(x$fpl$fflt)
    _fflt                                    0x08009b2d   Thumb Code    48  fflt_clz.o(x$fpl$fflt)
    __aeabi_ui2f                             0x08009b5d   Thumb Code     0  fflt_clz.o(x$fpl$ffltu)
    _ffltu                                   0x08009b5d   Thumb Code    38  fflt_clz.o(x$fpl$ffltu)
    __aeabi_cfcmple                          0x08009b85   Thumb Code     0  fleqf.o(x$fpl$fleqf)
    _fcmple                                  0x08009b85   Thumb Code   104  fleqf.o(x$fpl$fleqf)
    __fpl_fcmple_InfNaN                      0x08009bd7   Thumb Code     0  fleqf.o(x$fpl$fleqf)
    __aeabi_fmul                             0x08009bed   Thumb Code     0  fmul.o(x$fpl$fmul)
    _fmul                                    0x08009bed   Thumb Code   258  fmul.o(x$fpl$fmul)
    __fpl_fnaninf                            0x08009cef   Thumb Code   140  fnaninf.o(x$fpl$fnaninf)
    __fpl_fretinf                            0x08009d7b   Thumb Code    10  fretinf.o(x$fpl$fretinf)
    __aeabi_cfrcmple                         0x08009d85   Thumb Code     0  frleqf.o(x$fpl$frleqf)
    _frcmple                                 0x08009d85   Thumb Code    98  frleqf.o(x$fpl$frleqf)
    __aeabi_frsub                            0x08009de7   Thumb Code     0  faddsub_clz.o(x$fpl$frsb)
    _frsb                                    0x08009de7   Thumb Code    20  faddsub_clz.o(x$fpl$frsb)
    __aeabi_fsub                             0x08009dfd   Thumb Code     0  faddsub_clz.o(x$fpl$fsub)
    _fsub                                    0x08009dfd   Thumb Code   234  faddsub_clz.o(x$fpl$fsub)
    _printf_fp_dec                           0x08009ee7   Thumb Code     4  printf1.o(x$fpl$printf1)
    __fpl_return_NaN                         0x08009eeb   Thumb Code   100  retnan.o(x$fpl$retnan)
    __ARM_scalbn                             0x08009f4f   Thumb Code    92  scalbn.o(x$fpl$scalbn)
    __fpl_cmpreturn                          0x08009fab   Thumb Code    48  trapv.o(x$fpl$trapveneer)
    __I$use$fp                               0x08009fda   Number         0  usenofp.o(x$fpl$usenofp)
    reg                                      0x08009fdc   Data          27  inv_mpu.o(.constdata)
    hw                                       0x08009ff8   Data          12  inv_mpu.o(.constdata)
    test                                     0x0800a004   Data          40  inv_mpu.o(.constdata)
    __mathlib_zero                           0x0800ad20   Data           8  qnan.o(.constdata)
    Region$$Table$$Base                      0x0800ae0c   Number         0  anon$$obj.o(Region$$Table)
    Region$$Table$$Limit                     0x0800ae2c   Number         0  anon$$obj.o(Region$$Table)
    __stdout                                 0x20000004   Data           4  usart.o(.data)
    USART1_RX_STA                            0x20000008   Data           2  usart.o(.data)
    USART2_RX_STA                            0x2000000a   Data           2  usart.o(.data)
    USART3_RX_STA                            0x2000000c   Data           2  usart.o(.data)
    SystemCoreClock                          0x20000010   Data           4  system_stm32f10x.o(.data)
    AHBPrescTable                            0x20000014   Data          16  system_stm32f10x.o(.data)
    pxCurrentTCB                             0x20000038   Data           4  tasks.o(.data)
    LED                                      0x200000ac   Data           1  buzzer.o(.data)
    BUZZER                                   0x200000ad   Data           1  buzzer.o(.data)
    FIRE1                                    0x200000e6   Data           2  fire.o(.data)
    FIRE2                                    0x200000e8   Data           2  fire.o(.data)
    StartTask_Handle                         0x200000ec   Data           4  usertask.o(.data)
    Task1Task_Handle                         0x200000f0   Data           4  usertask.o(.data)
    Task2Task_Handle                         0x200000f4   Data           4  usertask.o(.data)
    Task3Task_Handle                         0x200000f8   Data           4  usertask.o(.data)
    Is_Launch                                0x200000fc   Data           1  usertask.o(.data)
    Is_SendData                              0x200000fd   Data           1  usertask.o(.data)
    Is_Senddata_Again                        0x200000fe   Data           1  usertask.o(.data)
    Is_FlashWrite                            0x200000ff   Data           1  usertask.o(.data)
    Is_FlashRead                             0x20000100   Data           1  usertask.o(.data)
    Is_ContactCheck                          0x20000101   Data           1  usertask.o(.data)
    Launch_Time                              0x20000104   Data           4  rocket.o(.data)
    Pitch_angle                              0x20000108   Data           4  rocket.o(.data)
    Roll_angle                               0x2000010c   Data           4  rocket.o(.data)
    Yaw_angle                                0x20000110   Data           4  rocket.o(.data)
    Queue_Pos                                0x20000114   Data           2  rocket.o(.data)
    Is_Parachute                             0x20000116   Data           1  rocket.o(.data)
    GPitch                                   0x20000118   Data           4  pid_1.o(.data)
    GRoll                                    0x2000011c   Data           4  pid_1.o(.data)
    GYaw                                     0x20000120   Data           4  pid_1.o(.data)
    EPitch                                   0x20000124   Data           4  pid_1.o(.data)
    ERoll                                    0x20000128   Data           4  pid_1.o(.data)
    EYaw                                     0x2000012c   Data           4  pid_1.o(.data)
    IPitch                                   0x20000130   Data           4  pid_1.o(.data)
    IRoll                                    0x20000134   Data           4  pid_1.o(.data)
    IYaw                                     0x20000138   Data           4  pid_1.o(.data)
    LPitch                                   0x2000013c   Data           4  pid_1.o(.data)
    LRoll                                    0x20000140   Data           4  pid_1.o(.data)
    LYaw                                     0x20000144   Data           4  pid_1.o(.data)
    DPitch                                   0x20000148   Data           4  pid_1.o(.data)
    DRoll                                    0x2000014c   Data           4  pid_1.o(.data)
    DYaw                                     0x20000150   Data           4  pid_1.o(.data)
    temp                                     0x20000154   Data           4  pid_1.o(.data)
    xQueueRegistry                           0x20000158   Data          64  queue.o(.bss)
    MPU_Acceleration                         0x20002cb4   Data          12  rocket.o(.bss)
    MPU_AngularVelocity                      0x20002cc0   Data          12  rocket.o(.bss)
    MPU_Angle                                0x20002ccc   Data          12  rocket.o(.bss)
    MPU_Quat                                 0x20002cd8   Data          16  rocket.o(.bss)
    Servo_Angle                              0x20002ce8   Data          16  rocket.o(.bss)
    USART1_Queue                             0x20002cf8   Data        1441  rocket.o(.bss)
    FLASH_Queue                              0x2000329c   Data        5764  rocket.o(.bss)
    __libspace_start                         0x20004920   Data          96  libspace.o(.bss)
    __temporary_stack_top$libspace           0x20004980   Data           0  libspace.o(.bss)



==============================================================================

Memory Map of the image

  Image Entry point : 0x080000ed

  Load Region LR_IROM1 (Base: 0x08000000, Size: 0x0000afa0, Max: 0x00010000, ABSOLUTE, COMPRESSED[0x0000ae7c])

    Execution Region ER_IROM1 (Base: 0x08000000, Size: 0x0000ae48, Max: 0x00010000, ABSOLUTE)

    Base Addr    Size         Type   Attr      Idx    E Section Name        Object

    0x08000000   0x000000ec   Data   RO          588    RESET               startup_stm32f10x_md.o
    0x080000ec   0x00000008   Code   RO         4288  * !!!main             c_w.l(__main.o)
    0x080000f4   0x00000034   Code   RO         4712    !!!scatter          c_w.l(__scatter.o)
    0x08000128   0x0000005a   Code   RO         4710    !!dczerorl2         c_w.l(__dczerorl2.o)
    0x08000182   0x00000002   PAD
    0x08000184   0x0000001c   Code   RO         4714    !!handler_zi        c_w.l(__scatter_zi.o)
    0x080001a0   0x00000000   Code   RO         4275    .ARM.Collect$$_printf_percent$$00000000  c_w.l(_printf_percent.o)
    0x080001a0   0x00000006   Code   RO         4274    .ARM.Collect$$_printf_percent$$00000003  c_w.l(_printf_f.o)
    0x080001a6   0x00000006   Code   RO         4272    .ARM.Collect$$_printf_percent$$00000009  c_w.l(_printf_d.o)
    0x080001ac   0x00000006   Code   RO         4270    .ARM.Collect$$_printf_percent$$00000014  c_w.l(_printf_s.o)
    0x080001b2   0x00000004   Code   RO         4413    .ARM.Collect$$_printf_percent$$00000017  c_w.l(_printf_percent_end.o)
    0x080001b6   0x00000002   Code   RO         4576    .ARM.Collect$$libinit$$00000000  c_w.l(libinit.o)
    0x080001b8   0x00000000   Code   RO         4578    .ARM.Collect$$libinit$$00000002  c_w.l(libinit2.o)
    0x080001b8   0x00000000   Code   RO         4580    .ARM.Collect$$libinit$$00000004  c_w.l(libinit2.o)
    0x080001b8   0x00000000   Code   RO         4583    .ARM.Collect$$libinit$$0000000A  c_w.l(libinit2.o)
    0x080001b8   0x00000000   Code   RO         4585    .ARM.Collect$$libinit$$0000000C  c_w.l(libinit2.o)
    0x080001b8   0x00000000   Code   RO         4587    .ARM.Collect$$libinit$$0000000E  c_w.l(libinit2.o)
    0x080001b8   0x00000006   Code   RO         4588    .ARM.Collect$$libinit$$0000000F  c_w.l(libinit2.o)
    0x080001be   0x00000000   Code   RO         4590    .ARM.Collect$$libinit$$00000011  c_w.l(libinit2.o)
    0x080001be   0x00000000   Code   RO         4592    .ARM.Collect$$libinit$$00000013  c_w.l(libinit2.o)
    0x080001be   0x00000000   Code   RO         4594    .ARM.Collect$$libinit$$00000015  c_w.l(libinit2.o)
    0x080001be   0x0000000a   Code   RO         4595    .ARM.Collect$$libinit$$00000016  c_w.l(libinit2.o)
    0x080001c8   0x00000000   Code   RO         4596    .ARM.Collect$$libinit$$00000017  c_w.l(libinit2.o)
    0x080001c8   0x00000000   Code   RO         4598    .ARM.Collect$$libinit$$00000019  c_w.l(libinit2.o)
    0x080001c8   0x00000000   Code   RO         4600    .ARM.Collect$$libinit$$0000001B  c_w.l(libinit2.o)
    0x080001c8   0x00000000   Code   RO         4602    .ARM.Collect$$libinit$$0000001D  c_w.l(libinit2.o)
    0x080001c8   0x00000000   Code   RO         4604    .ARM.Collect$$libinit$$0000001F  c_w.l(libinit2.o)
    0x080001c8   0x00000000   Code   RO         4606    .ARM.Collect$$libinit$$00000021  c_w.l(libinit2.o)
    0x080001c8   0x00000000   Code   RO         4608    .ARM.Collect$$libinit$$00000023  c_w.l(libinit2.o)
    0x080001c8   0x00000000   Code   RO         4610    .ARM.Collect$$libinit$$00000025  c_w.l(libinit2.o)
    0x080001c8   0x00000000   Code   RO         4614    .ARM.Collect$$libinit$$0000002C  c_w.l(libinit2.o)
    0x080001c8   0x00000000   Code   RO         4616    .ARM.Collect$$libinit$$0000002E  c_w.l(libinit2.o)
    0x080001c8   0x00000000   Code   RO         4618    .ARM.Collect$$libinit$$00000030  c_w.l(libinit2.o)
    0x080001c8   0x00000000   Code   RO         4620    .ARM.Collect$$libinit$$00000032  c_w.l(libinit2.o)
    0x080001c8   0x00000002   Code   RO         4621    .ARM.Collect$$libinit$$00000033  c_w.l(libinit2.o)
    0x080001ca   0x00000002   Code   RO         4670    .ARM.Collect$$libshutdown$$00000000  c_w.l(libshutdown.o)
    0x080001cc   0x00000000   Code   RO         4679    .ARM.Collect$$libshutdown$$00000002  c_w.l(libshutdown2.o)
    0x080001cc   0x00000000   Code   RO         4681    .ARM.Collect$$libshutdown$$00000004  c_w.l(libshutdown2.o)
    0x080001cc   0x00000000   Code   RO         4684    .ARM.Collect$$libshutdown$$00000007  c_w.l(libshutdown2.o)
    0x080001cc   0x00000000   Code   RO         4687    .ARM.Collect$$libshutdown$$0000000A  c_w.l(libshutdown2.o)
    0x080001cc   0x00000000   Code   RO         4689    .ARM.Collect$$libshutdown$$0000000C  c_w.l(libshutdown2.o)
    0x080001cc   0x00000000   Code   RO         4692    .ARM.Collect$$libshutdown$$0000000F  c_w.l(libshutdown2.o)
    0x080001cc   0x00000002   Code   RO         4693    .ARM.Collect$$libshutdown$$00000010  c_w.l(libshutdown2.o)
    0x080001ce   0x00000000   Code   RO         4372    .ARM.Collect$$rtentry$$00000000  c_w.l(__rtentry.o)
    0x080001ce   0x00000000   Code   RO         4480    .ARM.Collect$$rtentry$$00000002  c_w.l(__rtentry2.o)
    0x080001ce   0x00000006   Code   RO         4492    .ARM.Collect$$rtentry$$00000004  c_w.l(__rtentry4.o)
    0x080001d4   0x00000000   Code   RO         4482    .ARM.Collect$$rtentry$$00000009  c_w.l(__rtentry2.o)
    0x080001d4   0x00000004   Code   RO         4483    .ARM.Collect$$rtentry$$0000000A  c_w.l(__rtentry2.o)
    0x080001d8   0x00000000   Code   RO         4485    .ARM.Collect$$rtentry$$0000000C  c_w.l(__rtentry2.o)
    0x080001d8   0x00000008   Code   RO         4486    .ARM.Collect$$rtentry$$0000000D  c_w.l(__rtentry2.o)
    0x080001e0   0x00000002   Code   RO         4624    .ARM.Collect$$rtexit$$00000000  c_w.l(rtexit.o)
    0x080001e2   0x00000000   Code   RO         4640    .ARM.Collect$$rtexit$$00000002  c_w.l(rtexit2.o)
    0x080001e2   0x00000004   Code   RO         4641    .ARM.Collect$$rtexit$$00000003  c_w.l(rtexit2.o)
    0x080001e6   0x00000006   Code   RO         4642    .ARM.Collect$$rtexit$$00000004  c_w.l(rtexit2.o)
    0x080001ec   0x00000096   Code   RO         3094    .emb_text           port.o
    0x08000282   0x00000002   PAD
    0x08000284   0x00000040   Code   RO          589    .text               startup_stm32f10x_md.o
    0x080002c4   0x00000002   Code   RO         4206    .text               c_w.l(use_no_semi_2.o)
    0x080002c6   0x00000048   Code   RO         4208    .text               c_w.l(llsdiv.o)
    0x0800030e   0x00000002   PAD
    0x08000310   0x00000018   Code   RO         4212    .text               c_w.l(__2printf.o)
    0x08000328   0x00000052   Code   RO         4224    .text               c_w.l(_printf_str.o)
    0x0800037a   0x00000002   PAD
    0x0800037c   0x00000078   Code   RO         4226    .text               c_w.l(_printf_dec.o)
    0x080003f4   0x00000188   Code   RO         4266    .text               c_w.l(__printf_flags_ss_wp.o)
    0x0800057c   0x00000058   Code   RO         4276    .text               c_w.l(memcmp.o)
    0x080005d4   0x0000008a   Code   RO         4282    .text               c_w.l(rt_memcpy_v6.o)
    0x0800065e   0x00000010   Code   RO         4284    .text               c_w.l(aeabi_memset.o)
    0x0800066e   0x00000006   Code   RO         4286    .text               c_w.l(heapauxi.o)
    0x08000674   0x00000002   Code   RO         4370    .text               c_w.l(use_no_semi.o)
    0x08000676   0x000000ee   Code   RO         4373    .text               c_w.l(lludivv7m.o)
    0x08000764   0x00000016   Code   RO         4375    .text               c_w.l(_rserrno.o)
    0x0800077a   0x000000b2   Code   RO         4379    .text               c_w.l(_printf_intcommon.o)
    0x0800082c   0x0000041a   Code   RO         4383    .text               c_w.l(_printf_fp_dec.o)
    0x08000c46   0x00000002   PAD
    0x08000c48   0x00000030   Code   RO         4385    .text               c_w.l(_printf_char_common.o)
    0x08000c78   0x0000002c   Code   RO         4391    .text               c_w.l(_printf_char.o)
    0x08000ca4   0x00000024   Code   RO         4393    .text               c_w.l(_printf_char_file.o)
    0x08000cc8   0x00000064   Code   RO         4423    .text               c_w.l(rt_memcpy_w.o)
    0x08000d2c   0x00000044   Code   RO         4425    .text               c_w.l(rt_memclr.o)
    0x08000d70   0x00000008   Code   RO         4501    .text               c_w.l(rt_locale_intlibspace.o)
    0x08000d78   0x00000008   Code   RO         4506    .text               c_w.l(rt_errno_addr_intlibspace.o)
    0x08000d80   0x0000008a   Code   RO         4508    .text               c_w.l(lludiv10.o)
    0x08000e0a   0x00000002   PAD
    0x08000e0c   0x00000080   Code   RO         4510    .text               c_w.l(_printf_fp_infnan.o)
    0x08000e8c   0x000000dc   Code   RO         4516    .text               c_w.l(bigflt0.o)
    0x08000f68   0x00000008   Code   RO         4541    .text               c_w.l(ferror.o)
    0x08000f70   0x0000004e   Code   RO         4550    .text               c_w.l(rt_memclr_w.o)
    0x08000fbe   0x00000002   PAD
    0x08000fc0   0x00000008   Code   RO         4558    .text               c_w.l(libspace.o)
    0x08000fc8   0x0000004a   Code   RO         4561    .text               c_w.l(sys_stackheap_outer.o)
    0x08001012   0x00000012   Code   RO         4567    .text               c_w.l(exit.o)
    0x08001024   0x00000080   Code   RO         4569    .text               c_w.l(strcmpv7m.o)
    0x080010a4   0x0000003e   Code   RO         4519    CL$$btod_d2e        c_w.l(btod.o)
    0x080010e2   0x00000046   Code   RO         4521    CL$$btod_d2e_denorm_low  c_w.l(btod.o)
    0x08001128   0x00000060   Code   RO         4520    CL$$btod_d2e_norm_op1  c_w.l(btod.o)
    0x08001188   0x00000338   Code   RO         4529    CL$$btod_div_common  c_w.l(btod.o)
    0x080014c0   0x000000c6   Code   RO         4526    CL$$btod_e2e        c_w.l(btod.o)
    0x08001586   0x00000028   Code   RO         4523    CL$$btod_ediv       c_w.l(btod.o)
    0x080015ae   0x00000028   Code   RO         4522    CL$$btod_emul       c_w.l(btod.o)
    0x080015d6   0x00000244   Code   RO         4528    CL$$btod_mult_common  c_w.l(btod.o)
    0x0800181a   0x00000004   Code   RO         3989    i.BusFault_Handler  stm32f10x_it.o
    0x0800181e   0x00000002   PAD
    0x08001820   0x00000050   Code   RO         3171    i.BuzzerLED_Init    buzzer.o
    0x08001870   0x00000040   Code   RO         3172    i.BuzzerTask        buzzer.o
    0x080018b0   0x00000018   Code   RO         3174    i.Buzzer_beep_long1  buzzer.o
    0x080018c8   0x00000018   Code   RO         3175    i.Buzzer_beep_short1  buzzer.o
    0x080018e0   0x0000002c   Code   RO         3176    i.Buzzer_beep_short2  buzzer.o
    0x0800190c   0x0000001c   Code   RO         2103    i.DMA_ClearFlag     stm32f10x_dma.o
    0x08001928   0x00000018   Code   RO         2105    i.DMA_Cmd           stm32f10x_dma.o
    0x08001940   0x0000003c   Code   RO         2111    i.DMA_Init          stm32f10x_dma.o
    0x0800197c   0x00000002   Code   RO         3990    i.DebugMon_Handler  stm32f10x_it.o
    0x0800197e   0x00000002   PAD
    0x08001980   0x00000028   Code   RO          428    i.EXTI0_IRQHandler  nvic.o
    0x080019a8   0x0000000c   Code   RO          630    i.EXTI_ClearITPendingBit  stm32f10x_exti.o
    0x080019b4   0x00000028   Code   RO          634    i.EXTI_GetITStatus  stm32f10x_exti.o
    0x080019dc   0x00000094   Code   RO          635    i.EXTI_Init         stm32f10x_exti.o
    0x08001a70   0x0000001c   Code   RO         4076    i.Erorr_MPU         erorr.o
    0x08001a8c   0x0000001c   Code   RO         4077    i.Erorr_RTOS        erorr.o
    0x08001aa8   0x0000000c   Code   RO         1381    i.FLASH_ClearFlag   stm32f10x_flash.o
    0x08001ab4   0x0000004c   Code   RO         1386    i.FLASH_ErasePage   stm32f10x_flash.o
    0x08001b00   0x00000034   Code   RO         1387    i.FLASH_GetBank1Status  stm32f10x_flash.o
    0x08001b34   0x00000014   Code   RO         1396    i.FLASH_Lock        stm32f10x_flash.o
    0x08001b48   0x0000006c   Code   RO         1401    i.FLASH_ProgramWord  stm32f10x_flash.o
    0x08001bb4   0x00000068   Code   RO          502    i.FLASH_Read_FloatBuffer  internal_flash.o
    0x08001c1c   0x00000018   Code   RO         1404    i.FLASH_Unlock      stm32f10x_flash.o
    0x08001c34   0x00000026   Code   RO         1408    i.FLASH_WaitForLastOperation  stm32f10x_flash.o
    0x08001c5a   0x00000002   PAD
    0x08001c5c   0x000000a4   Code   RO         3936    i.FireTask          fire.o
    0x08001d00   0x00000038   Code   RO         3937    i.Fire_Init         fire.o
    0x08001d38   0x00000078   Code   RO          503    i.Flash_Write_FloatBuffer  internal_flash.o
    0x08001db0   0x00000040   Code   RO          686    i.GPIO_EXTILineConfig  stm32f10x_gpio.o
    0x08001df0   0x00000116   Code   RO          689    i.GPIO_Init         stm32f10x_gpio.o
    0x08001f06   0x00000004   Code   RO          696    i.GPIO_ResetBits    stm32f10x_gpio.o
    0x08001f0a   0x00000004   Code   RO          697    i.GPIO_SetBits      stm32f10x_gpio.o
    0x08001f0e   0x00000002   PAD
    0x08001f10   0x0000006c   Code   RO         3247    i.GYRO_Init         mpu6050.o
    0x08001f7c   0x00000004   Code   RO         3991    i.HardFault_Handler  stm32f10x_it.o
    0x08001f80   0x00000038   Code   RO         3177    i.LEDTask           buzzer.o
    0x08001fb8   0x00000030   Code   RO         4078    i.LED_beep          erorr.o
    0x08001fe8   0x00000028   Code   RO         3178    i.LED_blink         buzzer.o
    0x08002010   0x0000004c   Code   RO         3353    i.MPU_IIC_Ack       mpuiic.o
    0x0800205c   0x0000000a   Code   RO         3354    i.MPU_IIC_Delay     mpuiic.o
    0x08002066   0x00000002   PAD
    0x08002068   0x00000034   Code   RO         3355    i.MPU_IIC_Init      mpuiic.o
    0x0800209c   0x0000004c   Code   RO         3356    i.MPU_IIC_NAck      mpuiic.o
    0x080020e8   0x0000006c   Code   RO         3357    i.MPU_IIC_Read_Byte  mpuiic.o
    0x08002154   0x0000005c   Code   RO         3358    i.MPU_IIC_Send_Byte  mpuiic.o
    0x080021b0   0x00000048   Code   RO         3359    i.MPU_IIC_Start     mpuiic.o
    0x080021f8   0x00000048   Code   RO         3360    i.MPU_IIC_Stop      mpuiic.o
    0x08002240   0x00000064   Code   RO         3361    i.MPU_IIC_Wait_Ack  mpuiic.o
    0x080022a4   0x0000007a   Code   RO         3251    i.MPU_Init          mpu6050.o
    0x0800231e   0x0000003a   Code   RO         3252    i.MPU_Read_Byte     mpu6050.o
    0x08002358   0x00000074   Code   RO         3253    i.MPU_Read_Len      mpu6050.o
    0x080023cc   0x00000010   Code   RO         3254    i.MPU_Set_Accel_Fsr  mpu6050.o
    0x080023dc   0x00000010   Code   RO         3255    i.MPU_Set_Gyro_Fsr  mpu6050.o
    0x080023ec   0x0000003a   Code   RO         3256    i.MPU_Set_LPF       mpu6050.o
    0x08002426   0x0000003a   Code   RO         3257    i.MPU_Set_Rate      mpu6050.o
    0x08002460   0x00000044   Code   RO         3258    i.MPU_Write_Byte    mpu6050.o
    0x080024a4   0x00000060   Code   RO         3259    i.MPU_Write_Len     mpu6050.o
    0x08002504   0x00000004   Code   RO         3992    i.MemManage_Handler  stm32f10x_it.o
    0x08002508   0x00000002   Code   RO         3993    i.NMI_Handler       stm32f10x_it.o
    0x0800250a   0x00000052   Code   RO          429    i.NVIC_INIT         nvic.o
    0x0800255c   0x00000070   Code   RO          593    i.NVIC_Init         misc.o
    0x080025cc   0x00000014   Code   RO          594    i.NVIC_PriorityGroupConfig  misc.o
    0x080025e0   0x00000154   Code   RO         4160    i.PID_Pitch         pid_1.o
    0x08002734   0x00000154   Code   RO         4161    i.PID_Roll          pid_1.o
    0x08002888   0x0000001c   Code   RO         4162    i.PID_Set_Goal      pid_1.o
    0x080028a4   0x00000020   Code   RO         1002    i.RCC_AHBPeriphClockCmd  stm32f10x_rcc.o
    0x080028c4   0x00000020   Code   RO         1003    i.RCC_APB1PeriphClockCmd  stm32f10x_rcc.o
    0x080028e4   0x00000020   Code   RO         1005    i.RCC_APB2PeriphClockCmd  stm32f10x_rcc.o
    0x08002904   0x000000d4   Code   RO         1013    i.RCC_GetClocksFreq  stm32f10x_rcc.o
    0x080029d8   0x00000034   Code   RO         4100    i.Rocket_ContactCheck  rocket.o
    0x08002a0c   0x00000260   Code   RO         4101    i.Rocket_Launch     rocket.o
    0x08002c6c   0x00000068   Code   RO         4102    i.Rocket_PID        rocket.o
    0x08002cd4   0x0000001c   Code   RO         4103    i.Rocket_Readflash  rocket.o
    0x08002cf0   0x0000004c   Code   RO         4104    i.Rocket_Senddata   rocket.o
    0x08002d3c   0x00000030   Code   RO         4105    i.Rocket_Servo      rocket.o
    0x08002d6c   0x00000150   Code   RO         3231    i.ServoSet          servo.o
    0x08002ebc   0x00000008   Code   RO          533    i.SetSysClock       system_stm32f10x.o
    0x08002ec4   0x000000e0   Code   RO          534    i.SetSysClockTo72   system_stm32f10x.o
    0x08002fa4   0x00000030   Code   RO         4034    i.StartRTOS         usertask.o
    0x08002fd4   0x00000028   Code   RO          597    i.SysTick_CLKSourceConfig  misc.o
    0x08002ffc   0x00000010   Code   RO            4    i.SysTick_Handler   delay.o
    0x0800300c   0x00000060   Code   RO          536    i.SystemInit        system_stm32f10x.o
    0x0800306c   0x00000016   Code   RO          460    i.TIM2_IRQHandler   tim.o
    0x08003082   0x00000006   Code   RO         1566    i.TIM_ClearITPendingBit  stm32f10x_tim.o
    0x08003088   0x00000018   Code   RO         1571    i.TIM_Cmd           stm32f10x_tim.o
    0x080030a0   0x00000022   Code   RO         1592    i.TIM_GetITStatus   stm32f10x_tim.o
    0x080030c2   0x00000002   PAD
    0x080030c4   0x00000098   Code   RO         1600    i.TIM_OC1Init       stm32f10x_tim.o
    0x0800315c   0x00000012   Code   RO         1603    i.TIM_OC1PreloadConfig  stm32f10x_tim.o
    0x0800316e   0x00000002   PAD
    0x08003170   0x000000a4   Code   RO         1605    i.TIM_OC2Init       stm32f10x_tim.o
    0x08003214   0x0000001a   Code   RO         1608    i.TIM_OC2PreloadConfig  stm32f10x_tim.o
    0x0800322e   0x00000002   PAD
    0x08003230   0x000000a0   Code   RO         1610    i.TIM_OC3Init       stm32f10x_tim.o
    0x080032d0   0x00000012   Code   RO         1613    i.TIM_OC3PreloadConfig  stm32f10x_tim.o
    0x080032e2   0x00000002   PAD
    0x080032e4   0x0000007c   Code   RO         1615    i.TIM_OC4Init       stm32f10x_tim.o
    0x08003360   0x0000001a   Code   RO         1617    i.TIM_OC4PreloadConfig  stm32f10x_tim.o
    0x0800337a   0x00000002   PAD
    0x0800337c   0x00000144   Code   RO          413    i.TIM_PWM_Init      pwm.o
    0x080034c0   0x00000004   Code   RO         1632    i.TIM_SetCompare1   stm32f10x_tim.o
    0x080034c4   0x00000004   Code   RO         1633    i.TIM_SetCompare2   stm32f10x_tim.o
    0x080034c8   0x00000004   Code   RO         1634    i.TIM_SetCompare3   stm32f10x_tim.o
    0x080034cc   0x00000006   Code   RO         1635    i.TIM_SetCompare4   stm32f10x_tim.o
    0x080034d2   0x00000002   PAD
    0x080034d4   0x000000a4   Code   RO         1642    i.TIM_TimeBaseInit  stm32f10x_tim.o
    0x08003578   0x00000060   Code   RO          236    i.USART1_IRQHandler  usart.o
    0x080035d8   0x000000a4   Code   RO          237    i.USART1_Init       usart.o
    0x0800367c   0x00000002   Code   RO          239    i.USART2_IRQHandler  usart.o
    0x0800367e   0x00000002   PAD
    0x08003680   0x00000038   Code   RO          242    i.USART3_IRQHandler  usart.o
    0x080036b8   0x0000001e   Code   RO         1202    i.USART_ClearITPendingBit  stm32f10x_usart.o
    0x080036d6   0x00000018   Code   RO         1205    i.USART_Cmd         stm32f10x_usart.o
    0x080036ee   0x00000002   PAD
    0x080036f0   0x00000080   Code   RO          345    i.USART_Config      bsp_usart_dma.o
    0x08003770   0x00000012   Code   RO         1206    i.USART_DMACmd      stm32f10x_usart.o
    0x08003782   0x0000001a   Code   RO         1208    i.USART_GetFlagStatus  stm32f10x_usart.o
    0x0800379c   0x00000054   Code   RO         1209    i.USART_GetITStatus  stm32f10x_usart.o
    0x080037f0   0x0000004a   Code   RO         1211    i.USART_ITConfig    stm32f10x_usart.o
    0x0800383a   0x00000002   PAD
    0x0800383c   0x000000d8   Code   RO         1212    i.USART_Init        stm32f10x_usart.o
    0x08003914   0x0000000a   Code   RO         1219    i.USART_ReceiveData  stm32f10x_usart.o
    0x0800391e   0x00000008   Code   RO         1222    i.USART_SendData    stm32f10x_usart.o
    0x08003926   0x00000002   PAD
    0x08003928   0x00000058   Code   RO          346    i.USARTx_DMA_Config  bsp_usart_dma.o
    0x08003980   0x00000014   Code   RO          347    i.USARTx_DMA_NOAMAL_RESTART  bsp_usart_dma.o
    0x08003994   0x00000004   Code   RO         3994    i.UsageFault_Handler  stm32f10x_it.o
    0x08003998   0x00000028   Code   RO         4466    i.__ARM_fpclassify  m_ws.l(fpclassify.o)
    0x080039c0   0x000000aa   Code   RO         4468    i.__kernel_poly     m_ws.l(poly.o)
    0x08003a6a   0x00000006   Code   RO         4453    i.__mathlib_dbl_infnan  m_ws.l(dunder.o)
    0x08003a70   0x00000004   Code   RO         4454    i.__mathlib_dbl_infnan2  m_ws.l(dunder.o)
    0x08003a74   0x0000000c   Code   RO         4455    i.__mathlib_dbl_invalid  m_ws.l(dunder.o)
    0x08003a80   0x00000010   Code   RO         4458    i.__mathlib_dbl_underflow  m_ws.l(dunder.o)
    0x08003a90   0x0000000e   Code   RO         4259    i._is_digit         c_w.l(__printf_wp.o)
    0x08003a9e   0x00000006   Code   RO          245    i._sys_exit         usart.o
    0x08003aa4   0x000000a8   Code   RO         3413    i.accel_self_test   inv_mpu.o
    0x08003b4c   0x00000270   Code   RO         4353    i.asin              m_ws.l(asin.o)
    0x08003dbc   0x00000220   Code   RO         4443    i.atan              m_ws.l(atan.o)
    0x08003fdc   0x00000180   Code   RO         4363    i.atan2             m_ws.l(atan2.o)
    0x0800415c   0x00000064   Code   RO         3750    i.decode_gesture    inv_mpu_dmp_motion_driver.o
    0x080041c0   0x0000005c   Code   RO            5    i.delay_init        delay.o
    0x0800421c   0x00000044   Code   RO            6    i.delay_ms          delay.o
    0x08004260   0x00000048   Code   RO            7    i.delay_us          delay.o
    0x080042a8   0x00000018   Code   RO            8    i.delay_xms         delay.o
    0x080042c0   0x0000003c   Code   RO         3751    i.dmp_enable_6x_lp_quat  inv_mpu_dmp_motion_driver.o
    0x080042fc   0x0000021c   Code   RO         3752    i.dmp_enable_feature  inv_mpu_dmp_motion_driver.o
    0x08004518   0x00000058   Code   RO         3753    i.dmp_enable_gyro_cal  inv_mpu_dmp_motion_driver.o
    0x08004570   0x0000003c   Code   RO         3754    i.dmp_enable_lp_quat  inv_mpu_dmp_motion_driver.o
    0x080045ac   0x00000018   Code   RO         3759    i.dmp_load_motion_driver_firmware  inv_mpu_dmp_motion_driver.o
    0x080045c4   0x000001cc   Code   RO         3760    i.dmp_read_fifo     inv_mpu_dmp_motion_driver.o
    0x08004790   0x00000130   Code   RO         3763    i.dmp_set_accel_bias  inv_mpu_dmp_motion_driver.o
    0x080048c0   0x00000070   Code   RO         3764    i.dmp_set_fifo_rate  inv_mpu_dmp_motion_driver.o
    0x08004930   0x00000130   Code   RO         3765    i.dmp_set_gyro_bias  inv_mpu_dmp_motion_driver.o
    0x08004a60   0x00000138   Code   RO         3767    i.dmp_set_orientation  inv_mpu_dmp_motion_driver.o
    0x08004b98   0x00000038   Code   RO         3770    i.dmp_set_shake_reject_thresh  inv_mpu_dmp_motion_driver.o
    0x08004bd0   0x00000026   Code   RO         3771    i.dmp_set_shake_reject_time  inv_mpu_dmp_motion_driver.o
    0x08004bf6   0x00000026   Code   RO         3772    i.dmp_set_shake_reject_timeout  inv_mpu_dmp_motion_driver.o
    0x08004c1c   0x00000046   Code   RO         3773    i.dmp_set_tap_axes  inv_mpu_dmp_motion_driver.o
    0x08004c62   0x00000026   Code   RO         3774    i.dmp_set_tap_count  inv_mpu_dmp_motion_driver.o
    0x08004c88   0x000001a0   Code   RO         3775    i.dmp_set_tap_thresh  inv_mpu_dmp_motion_driver.o
    0x08004e28   0x00000026   Code   RO         3776    i.dmp_set_tap_time  inv_mpu_dmp_motion_driver.o
    0x08004e4e   0x00000026   Code   RO         3777    i.dmp_set_tap_time_multi  inv_mpu_dmp_motion_driver.o
    0x08004e74   0x00000030   Code   RO         4106    i.float2char        rocket.o
    0x08004ea4   0x00000024   Code   RO          353    i.fputc             bsp_usart_dma.o
    0x08004ec8   0x000000b4   Code   RO         3414    i.get_accel_prod_shift  inv_mpu.o
    0x08004f7c   0x00000470   Code   RO         3415    i.get_st_biases     inv_mpu.o
    0x080053ec   0x00000110   Code   RO         3416    i.gyro_self_test    inv_mpu.o
    0x080054fc   0x00000028   Code   RO         3417    i.inv_orientation_matrix_to_scalar  inv_mpu.o
    0x08005524   0x0000004e   Code   RO         3418    i.inv_row_2_scale   inv_mpu.o
    0x08005572   0x00000002   PAD
    0x08005574   0x0000005c   Code   RO         3960    i.main              main.o
    0x080055d0   0x00000002   Code   RO         3419    i.mget_ms           inv_mpu.o
    0x080055d2   0x00000002   PAD
    0x080055d4   0x00000070   Code   RO         3420    i.mpu_configure_fifo  inv_mpu.o
    0x08005644   0x00000234   Code   RO         3421    i.mpu_dmp_get_data  inv_mpu.o
    0x08005878   0x000000a0   Code   RO         3422    i.mpu_dmp_init      inv_mpu.o
    0x08005918   0x0000004c   Code   RO         3423    i.mpu_get_accel_fsr  inv_mpu.o
    0x08005964   0x00000054   Code   RO         3425    i.mpu_get_accel_sens  inv_mpu.o
    0x080059b8   0x00000010   Code   RO         3430    i.mpu_get_fifo_config  inv_mpu.o
    0x080059c8   0x00000044   Code   RO         3431    i.mpu_get_gyro_fsr  inv_mpu.o
    0x08005a0c   0x00000050   Code   RO         3433    i.mpu_get_gyro_sens  inv_mpu.o
    0x08005a5c   0x00000050   Code   RO         3435    i.mpu_get_lpf       inv_mpu.o
    0x08005aac   0x00000020   Code   RO         3437    i.mpu_get_sample_rate  inv_mpu.o
    0x08005acc   0x000001f0   Code   RO         3439    i.mpu_init          inv_mpu.o
    0x08005cbc   0x000000b8   Code   RO         3440    i.mpu_load_firmware  inv_mpu.o
    0x08005d74   0x000000e0   Code   RO         3441    i.mpu_lp_accel_mode  inv_mpu.o
    0x08005e54   0x000000c0   Code   RO         3444    i.mpu_read_fifo_stream  inv_mpu.o
    0x08005f14   0x00000080   Code   RO         3445    i.mpu_read_mem      inv_mpu.o
    0x08005f94   0x000001c8   Code   RO         3448    i.mpu_reset_fifo    inv_mpu.o
    0x0800615c   0x0000011c   Code   RO         3449    i.mpu_run_self_test  inv_mpu.o
    0x08006278   0x00000084   Code   RO         3451    i.mpu_set_accel_fsr  inv_mpu.o
    0x080062fc   0x0000014c   Code   RO         3452    i.mpu_set_bypass    inv_mpu.o
    0x08006448   0x00000090   Code   RO         3454    i.mpu_set_dmp_state  inv_mpu.o
    0x080064d8   0x00000088   Code   RO         3455    i.mpu_set_gyro_fsr  inv_mpu.o
    0x08006560   0x0000006c   Code   RO         3456    i.mpu_set_int_latched  inv_mpu.o
    0x080065cc   0x00000084   Code   RO         3458    i.mpu_set_lpf       inv_mpu.o
    0x08006650   0x0000009c   Code   RO         3459    i.mpu_set_sample_rate  inv_mpu.o
    0x080066ec   0x000000d0   Code   RO         3460    i.mpu_set_sensors   inv_mpu.o
    0x080067bc   0x00000080   Code   RO         3461    i.mpu_write_mem     inv_mpu.o
    0x0800683c   0x00000098   Code   RO         2555    i.prvAddCurrentTaskToDelayedList  tasks.o
    0x080068d4   0x000000b8   Code   RO         2556    i.prvAddNewTaskToReadyList  tasks.o
    0x0800698c   0x00000064   Code   RO         2915    i.prvCheckForValidListAndQueue  timers.o
    0x080069f0   0x00000064   Code   RO         2557    i.prvCheckTasksWaitingTermination  tasks.o
    0x08006a54   0x0000002a   Code   RO         2322    i.prvCopyDataFromQueue  queue.o
    0x08006a7e   0x0000007c   Code   RO         2323    i.prvCopyDataToQueue  queue.o
    0x08006afa   0x00000012   Code   RO         2558    i.prvDeleteTCB      tasks.o
    0x08006b0c   0x00000028   Code   RO         2916    i.prvGetNextExpireTime  timers.o
    0x08006b34   0x0000007c   Code   RO         3045    i.prvHeapInit       heap_4.o
    0x08006bb0   0x00000028   Code   RO         2559    i.prvIdleTask       tasks.o
    0x08006bd8   0x0000002e   Code   RO         2325    i.prvInitialiseNewQueue  queue.o
    0x08006c06   0x00000002   PAD
    0x08006c08   0x000000d0   Code   RO         2560    i.prvInitialiseNewTask  tasks.o
    0x08006cd8   0x00000068   Code   RO         2561    i.prvInitialiseTaskLists  tasks.o
    0x08006d40   0x00000068   Code   RO         3046    i.prvInsertBlockIntoFreeList  heap_4.o
    0x08006da8   0x00000058   Code   RO         2918    i.prvInsertTimerInActiveList  timers.o
    0x08006e00   0x0000001a   Code   RO         2326    i.prvIsQueueEmpty   queue.o
    0x08006e1a   0x0000001e   Code   RO         2327    i.prvIsQueueFull    queue.o
    0x08006e38   0x000000a0   Code   RO         2328    i.prvNotifyQueueSetContainer  queue.o
    0x08006ed8   0x0000007c   Code   RO         2919    i.prvProcessExpiredTimer  timers.o
    0x08006f54   0x00000128   Code   RO         2920    i.prvProcessReceivedCommands  timers.o
    0x0800707c   0x00000074   Code   RO         2921    i.prvProcessTimerOrBlockTask  timers.o
    0x080070f0   0x00000034   Code   RO         2563    i.prvResetNextTaskUnblockTime  tasks.o
    0x08007124   0x0000002c   Code   RO         2922    i.prvSampleTimeNow  timers.o
    0x08007150   0x000000b8   Code   RO         2923    i.prvSwitchTimerLists  timers.o
    0x08007208   0x0000006c   Code   RO         3095    i.prvTaskExitError  port.o
    0x08007274   0x0000001a   Code   RO         2924    i.prvTimerTask      timers.o
    0x0800728e   0x00000092   Code   RO         2329    i.prvUnlockQueue    queue.o
    0x08007320   0x00000150   Code   RO         3047    i.pvPortMalloc      heap_4.o
    0x08007470   0x00000020   Code   RO         2567    i.pvTaskIncrementMutexHeldCount  tasks.o
    0x08007490   0x00000024   Code   RO         3096    i.pxPortInitialiseStack  port.o
    0x080074b4   0x00000094   Code   RO         3462    i.run_self_test     inv_mpu.o
    0x08007548   0x00000090   Code   RO         3463    i.set_int_enable    inv_mpu.o
    0x080075d8   0x0000004c   Code   RO         4472    i.sqrt              m_ws.l(sqrt.o)
    0x08007624   0x000000b0   Code   RO         4035    i.start_task        usertask.o
    0x080076d4   0x00000070   Code   RO         4036    i.task1_task        usertask.o
    0x08007744   0x00000012   Code   RO         4037    i.task2_task        usertask.o
    0x08007756   0x00000016   Code   RO         4038    i.task3_task        usertask.o
    0x0800776c   0x00000028   Code   RO         2285    i.uxListRemove      list.o
    0x08007794   0x0000001a   Code   RO         2286    i.vListInitialise   list.o
    0x080077ae   0x00000006   Code   RO         2287    i.vListInitialiseItem  list.o
    0x080077b4   0x00000034   Code   RO         2288    i.vListInsert       list.o
    0x080077e8   0x00000018   Code   RO         2289    i.vListInsertEnd    list.o
    0x08007800   0x00000084   Code   RO         3098    i.vPortEnterCritical  port.o
    0x08007884   0x0000006c   Code   RO         3099    i.vPortExitCritical  port.o
    0x080078f0   0x000000b4   Code   RO         3048    i.vPortFree         heap_4.o
    0x080079a4   0x00000020   Code   RO         3100    i.vPortSetupTimerInterrupt  port.o
    0x080079c4   0x0000009c   Code   RO         3101    i.vPortValidateInterruptPriority  port.o
    0x08007a60   0x0000002c   Code   RO         2335    i.vQueueAddToRegistry  queue.o
    0x08007a8c   0x0000004a   Code   RO         2339    i.vQueueWaitForMessageRestricted  queue.o
    0x08007ad6   0x00000002   PAD
    0x08007ad8   0x00000074   Code   RO         2575    i.vTaskDelay        tasks.o
    0x08007b4c   0x0000010c   Code   RO         2577    i.vTaskDelete       tasks.o
    0x08007c58   0x0000000c   Code   RO         2581    i.vTaskMissedYield  tasks.o
    0x08007c64   0x00000054   Code   RO         2583    i.vTaskPlaceOnEventList  tasks.o
    0x08007cb8   0x0000005c   Code   RO         2584    i.vTaskPlaceOnEventListRestricted  tasks.o
    0x08007d14   0x000000b0   Code   RO         2586    i.vTaskPriorityInherit  tasks.o
    0x08007dc4   0x0000004c   Code   RO         2590    i.vTaskSetTimeOutState  tasks.o
    0x08007e10   0x000000ac   Code   RO         2591    i.vTaskStartScheduler  tasks.o
    0x08007ebc   0x00000010   Code   RO         2593    i.vTaskSuspendAll   tasks.o
    0x08007ecc   0x000000a8   Code   RO         2594    i.vTaskSwitchContext  tasks.o
    0x08007f74   0x000000a0   Code   RO         3102    i.xPortStartScheduler  port.o
    0x08008014   0x00000034   Code   RO         3103    i.xPortSysTickHandler  port.o
    0x08008048   0x00000074   Code   RO         2344    i.xQueueGenericCreate  queue.o
    0x080080bc   0x000001c8   Code   RO         2345    i.xQueueGenericReceive  queue.o
    0x08008284   0x000000b0   Code   RO         2346    i.xQueueGenericReset  queue.o
    0x08008334   0x000001c4   Code   RO         2347    i.xQueueGenericSend  queue.o
    0x080084f8   0x00000110   Code   RO         2348    i.xQueueGenericSendFromISR  queue.o
    0x08008608   0x000000a0   Code   RO         2595    i.xTaskCheckForTimeOut  tasks.o
    0x080086a8   0x00000060   Code   RO         2596    i.xTaskCreate       tasks.o
    0x08008708   0x00000020   Code   RO         2600    i.xTaskGetSchedulerState  tasks.o
    0x08008728   0x0000000c   Code   RO         2601    i.xTaskGetTickCount  tasks.o
    0x08008734   0x00000160   Code   RO         2603    i.xTaskIncrementTick  tasks.o
    0x08008894   0x000000d8   Code   RO         2606    i.xTaskPriorityDisinherit  tasks.o
    0x0800896c   0x000000b4   Code   RO         2607    i.xTaskRemoveFromEventList  tasks.o
    0x08008a20   0x00000120   Code   RO         2609    i.xTaskResumeAll    tasks.o
    0x08008b40   0x00000070   Code   RO         2928    i.xTimerCreateTimerTask  timers.o
    0x08008bb0   0x000000a0   Code   RO         2929    i.xTimerGenericCommand  timers.o
    0x08008c50   0x0000002c   Code   RO         4548    locale$$code        c_w.l(lc_numeric_c.o)
    0x08008c7c   0x00000062   Code   RO         4290    x$fpl$d2f           fz_ws.l(d2f.o)
    0x08008cde   0x00000002   PAD
    0x08008ce0   0x00000150   Code   RO         4292    x$fpl$dadd          fz_ws.l(daddsub_clz.o)
    0x08008e30   0x00000010   Code   RO         4552    x$fpl$dcheck1       fz_ws.l(dcheck1.o)
    0x08008e40   0x00000018   Code   RO         4427    x$fpl$dcmpinf       fz_ws.l(dcmpi.o)
    0x08008e58   0x000002b0   Code   RO         4299    x$fpl$ddiv          fz_ws.l(ddiv.o)
    0x08009108   0x0000005e   Code   RO         4302    x$fpl$dfix          fz_ws.l(dfix.o)
    0x08009166   0x00000002   PAD
    0x08009168   0x00000078   Code   RO         4312    x$fpl$dleqf         fz_ws.l(dleqf.o)
    0x080091e0   0x00000154   Code   RO         4314    x$fpl$dmul          fz_ws.l(dmul.o)
    0x08009334   0x0000009c   Code   RO         4429    x$fpl$dnaninf       fz_ws.l(dnaninf.o)
    0x080093d0   0x0000000c   Code   RO         4431    x$fpl$dretinf       fz_ws.l(dretinf.o)
    0x080093dc   0x00000016   Code   RO         4293    x$fpl$drsb          fz_ws.l(daddsub_clz.o)
    0x080093f2   0x00000002   PAD
    0x080093f4   0x000001cc   Code   RO         4554    x$fpl$dsqrt         fz_ws.l(dsqrt_noumaal.o)
    0x080095c0   0x000001d4   Code   RO         4294    x$fpl$dsub          fz_ws.l(daddsub_clz.o)
    0x08009794   0x00000056   Code   RO         4316    x$fpl$f2d           fz_ws.l(f2d.o)
    0x080097ea   0x00000002   PAD
    0x080097ec   0x000000c4   Code   RO         4318    x$fpl$fadd          fz_ws.l(faddsub_clz.o)
    0x080098b0   0x00000018   Code   RO         4433    x$fpl$fcmpinf       fz_ws.l(fcmpi.o)
    0x080098c8   0x00000184   Code   RO         4325    x$fpl$fdiv          fz_ws.l(fdiv.o)
    0x08009a4c   0x00000068   Code   RO         4328    x$fpl$feqf          fz_ws.l(feqf.o)
    0x08009ab4   0x00000036   Code   RO         4330    x$fpl$ffix          fz_ws.l(ffix.o)
    0x08009aea   0x00000002   PAD
    0x08009aec   0x0000003e   Code   RO         4334    x$fpl$ffixu         fz_ws.l(ffixu.o)
    0x08009b2a   0x00000002   PAD
    0x08009b2c   0x00000030   Code   RO         4339    x$fpl$fflt          fz_ws.l(fflt_clz.o)
    0x08009b5c   0x00000026   Code   RO         4338    x$fpl$ffltu         fz_ws.l(fflt_clz.o)
    0x08009b82   0x00000002   PAD
    0x08009b84   0x00000068   Code   RO         4344    x$fpl$fleqf         fz_ws.l(fleqf.o)
    0x08009bec   0x00000102   Code   RO         4346    x$fpl$fmul          fz_ws.l(fmul.o)
    0x08009cee   0x0000008c   Code   RO         4435    x$fpl$fnaninf       fz_ws.l(fnaninf.o)
    0x08009d7a   0x0000000a   Code   RO         4437    x$fpl$fretinf       fz_ws.l(fretinf.o)
    0x08009d84   0x00000062   Code   RO         4348    x$fpl$frleqf        fz_ws.l(frleqf.o)
    0x08009de6   0x00000014   Code   RO         4319    x$fpl$frsb          fz_ws.l(faddsub_clz.o)
    0x08009dfa   0x00000002   PAD
    0x08009dfc   0x000000ea   Code   RO         4320    x$fpl$fsub          fz_ws.l(faddsub_clz.o)
    0x08009ee6   0x00000004   Code   RO         4350    x$fpl$printf1       fz_ws.l(printf1.o)
    0x08009eea   0x00000064   Code   RO         4622    x$fpl$retnan        fz_ws.l(retnan.o)
    0x08009f4e   0x0000005c   Code   RO         4439    x$fpl$scalbn        fz_ws.l(scalbn.o)
    0x08009faa   0x00000030   Code   RO         4637    x$fpl$trapveneer    fz_ws.l(trapv.o)
    0x08009fda   0x00000000   Code   RO         4441    x$fpl$usenofp       fz_ws.l(usenofp.o)
    0x08009fda   0x00000002   PAD
    0x08009fdc   0x00000050   Data   RO         3465    .constdata          inv_mpu.o
    0x0800a02c   0x00000bf6   Data   RO         3779    .constdata          inv_mpu_dmp_motion_driver.o
    0x0800ac22   0x00000011   Data   RO         4267    .constdata          c_w.l(__printf_flags_ss_wp.o)
    0x0800ac33   0x00000005   PAD
    0x0800ac38   0x00000050   Data   RO         4354    .constdata          m_ws.l(asin.o)
    0x0800ac88   0x00000098   Data   RO         4444    .constdata          m_ws.l(atan.o)
    0x0800ad20   0x00000008   Data   RO         4470    .constdata          m_ws.l(qnan.o)
    0x0800ad28   0x00000094   Data   RO         4517    .constdata          c_w.l(bigflt0.o)
    0x0800adbc   0x0000004d   Data   RO         3466    .conststring        inv_mpu.o
    0x0800ae09   0x00000003   PAD
    0x0800ae0c   0x00000020   Data   RO         4708    Region$$Table       anon$$obj.o
    0x0800ae2c   0x0000001c   Data   RO         4547    locale$$data        c_w.l(lc_numeric_c.o)


    Execution Region RW_IRAM1 (Base: 0x20000000, Size: 0x00004f80, Max: 0x00005000, ABSOLUTE, COMPRESSED[0x00000034])

    Base Addr    Size         Type   Attr      Idx    E Section Name        Object

    0x20000000   0x00000004   Data   RW            9    .data               delay.o
    0x20000004   0x0000000a   Data   RW          247    .data               usart.o
    0x2000000e   0x00000002   PAD
    0x20000010   0x00000014   Data   RW          537    .data               system_stm32f10x.o
    0x20000024   0x00000014   Data   RW         1033    .data               stm32f10x_rcc.o
    0x20000038   0x0000003c   Data   RW         2612    .data               tasks.o
    0x20000074   0x00000014   Data   RW         2937    .data               timers.o
    0x20000088   0x00000018   Data   RW         3053    .data               heap_4.o
    0x200000a0   0x0000000c   Data   RW         3104    .data               port.o
    0x200000ac   0x00000002   Data   RW         3179    .data               buzzer.o
    0x200000ae   0x00000002   PAD
    0x200000b0   0x00000035   Data   RW         3467    .data               inv_mpu.o
    0x200000e5   0x00000001   PAD
    0x200000e6   0x00000004   Data   RW         3938    .data               fire.o
    0x200000ea   0x00000002   PAD
    0x200000ec   0x00000016   Data   RW         4039    .data               usertask.o
    0x20000102   0x00000002   PAD
    0x20000104   0x00000013   Data   RW         4108    .data               rocket.o
    0x20000117   0x00000001   PAD
    0x20000118   0x00000040   Data   RW         4164    .data               pid_1.o
    0x20000158   0x00000040   Zero   RW         2359    .bss                queue.o
    0x20000198   0x000002e4   Zero   RW         2611    .bss                tasks.o
    0x2000047c   0x00000028   Zero   RW         2936    .bss                timers.o
    0x200004a4   0x00002800   Zero   RW         3052    .bss                heap_4.o
    0x20002ca4   0x00000010   Zero   RW         3778    .bss                inv_mpu_dmp_motion_driver.o
    0x20002cb4   0x00001c6c   Zero   RW         4107    .bss                rocket.o
    0x20004920   0x00000060   Zero   RW         4559    .bss                c_w.l(libspace.o)
    0x20004980   0x00000200   Zero   RW          587    HEAP                startup_stm32f10x_md.o
    0x20004b80   0x00000400   Zero   RW          586    STACK               startup_stm32f10x_md.o


==============================================================================

Image component sizes


      Code (inc. data)   RO Data    RW Data    ZI Data      Debug   Object Name

       272         28          0          0          0       3347   bsp_usart_dma.o
       332         52          0          2          0       3283   buzzer.o
       272         28          0          4          0     281837   delay.o
       104         16          0          0          0       1268   erorr.o
         0          0          0          0          0      10212   event_groups.o
       220         18          0          4          0       1161   fire.o
       744        168          0         24      10240       3631   heap_4.o
       224         20          0          0          0       1435   internal_flash.o
      6880        292        157         53          0      29948   inv_mpu.o
      3096        122       3062          0         16      20034   inv_mpu_dmp_motion_driver.o
       148          0          0          0          0       2822   list.o
        92          6          0          0          0        467   main.o
       172         22          0          0          0       1797   misc.o
       716         62          0          0          0       6387   mpu6050.o
       658        100          0          0          0       4514   mpuiic.o
       122         10          0          0          0        935   nvic.o
       708        134          0         64          0       2319   pid_1.o
       934        304          0         12          0       9853   port.o
       324         12          0          0          0        731   pwm.o
      2164        238          0          0         64      14725   queue.o
       964        270          0         19       7276       4299   rocket.o
       336         20          0          0          0        575   servo.o
        64         26        236          0       1536        776   startup_stm32f10x_md.o
       112         10          0          0          0       3029   stm32f10x_dma.o
       200         18          0          0          0       1856   stm32f10x_exti.o
       330         38          0          0          0       4884   stm32f10x_flash.o
       350          4          0          0          0       3338   stm32f10x_gpio.o
        20          0          0          0          0       2369   stm32f10x_it.o
       308         38          0         20          0       4642   stm32f10x_rcc.o
       934         92          0          0          0       9331   stm32f10x_tim.o
       490          6          0          0          0       6794   stm32f10x_usart.o
         0          0          0          0          0         32   sys.o
       328         28          0         20          0       1993   system_stm32f10x.o
      3406        878          0         60        740      27423   tasks.o
        22          0          0          0          0        418   tim.o
      1290        292          0         20         40       7979   timers.o
       324         42          0         10          0       6893   usart.o
       376        124          0         22          0       2993   usertask.o

    ----------------------------------------------------------------------
     28076       3518       3490        344      19912     490330   Object Totals
         0          0         32          0          0          0   (incl. Generated)
        40          0          3         10          0          0   (incl. Padding)

    ----------------------------------------------------------------------

      Code (inc. data)   RO Data    RW Data    ZI Data      Debug   Library Member Name

        24          4          0          0          0         84   __2printf.o
        90          0          0          0          0          0   __dczerorl2.o
         8          0          0          0          0         68   __main.o
       392          4         17          0          0         92   __printf_flags_ss_wp.o
        14          0          0          0          0         68   __printf_wp.o
         0          0          0          0          0          0   __rtentry.o
        12          0          0          0          0          0   __rtentry2.o
         6          0          0          0          0          0   __rtentry4.o
        52          8          0          0          0          0   __scatter.o
        28          0          0          0          0          0   __scatter_zi.o
        44          0          0          0          0        108   _printf_char.o
        48          6          0          0          0         96   _printf_char_common.o
        36          4          0          0          0         80   _printf_char_file.o
         6          0          0          0          0          0   _printf_d.o
       120         16          0          0          0         92   _printf_dec.o
         6          0          0          0          0          0   _printf_f.o
      1050          0          0          0          0        216   _printf_fp_dec.o
       128         16          0          0          0         84   _printf_fp_infnan.o
       178          0          0          0          0         88   _printf_intcommon.o
         0          0          0          0          0          0   _printf_percent.o
         4          0          0          0          0          0   _printf_percent_end.o
         6          0          0          0          0          0   _printf_s.o
        82          0          0          0          0         80   _printf_str.o
        22          0          0          0          0        100   _rserrno.o
        16          0          0          0          0         68   aeabi_memset.o
       220          4        148          0          0         96   bigflt0.o
      1910        128          0          0          0        672   btod.o
        18          0          0          0          0         80   exit.o
         8          0          0          0          0         68   ferror.o
         6          0          0          0          0        152   heapauxi.o
        44         10         28          0          0         76   lc_numeric_c.o
         2          0          0          0          0          0   libinit.o
        18          0          0          0          0          0   libinit2.o
         2          0          0          0          0          0   libshutdown.o
         2          0          0          0          0          0   libshutdown2.o
         8          4          0          0         96         68   libspace.o
        72          0          0          0          0         76   llsdiv.o
       138          0          0          0          0         80   lludiv10.o
       238          0          0          0          0        100   lludivv7m.o
        88          0          0          0          0         76   memcmp.o
         8          4          0          0          0         68   rt_errno_addr_intlibspace.o
         8          4          0          0          0         68   rt_locale_intlibspace.o
        68          0          0          0          0         68   rt_memclr.o
        78          0          0          0          0         80   rt_memclr_w.o
       138          0          0          0          0         68   rt_memcpy_v6.o
       100          0          0          0          0         80   rt_memcpy_w.o
         2          0          0          0          0          0   rtexit.o
        10          0          0          0          0          0   rtexit2.o
       128          0          0          0          0         68   strcmpv7m.o
        74          0          0          0          0         80   sys_stackheap_outer.o
         2          0          0          0          0         68   use_no_semi.o
         2          0          0          0          0         68   use_no_semi_2.o
        98          4          0          0          0         92   d2f.o
       826         16          0          0          0        348   daddsub_clz.o
        16          4          0          0          0         68   dcheck1.o
        24          0          0          0          0         68   dcmpi.o
       688        140          0          0          0        208   ddiv.o
        94          4          0          0          0         92   dfix.o
       120          4          0          0          0         92   dleqf.o
       340         12          0          0          0        104   dmul.o
       156          4          0          0          0         92   dnaninf.o
        12          0          0          0          0         68   dretinf.o
       460         56          0          0          0        120   dsqrt_noumaal.o
        86          4          0          0          0         84   f2d.o
       450          8          0          0          0        236   faddsub_clz.o
        24          0          0          0          0         68   fcmpi.o
       388         76          0          0          0         96   fdiv.o
       104          4          0          0          0         84   feqf.o
        54          4          0          0          0         84   ffix.o
        62          4          0          0          0         84   ffixu.o
        86          0          0          0          0        136   fflt_clz.o
       104          4          0          0          0         84   fleqf.o
       258          4          0          0          0         84   fmul.o
       140          4          0          0          0         84   fnaninf.o
        10          0          0          0          0         68   fretinf.o
        98          0          0          0          0         68   frleqf.o
         4          0          0          0          0         68   printf1.o
       100          0          0          0          0         68   retnan.o
        92          0          0          0          0         68   scalbn.o
        48          0          0          0          0         68   trapv.o
         0          0          0          0          0          0   usenofp.o
       624         52         80          0          0        168   asin.o
       544         70        152          0          0        124   atan.o
       384         38          0          0          0        144   atan2.o
        38          6          0          0          0        272   dunder.o
        40          0          0          0          0         68   fpclassify.o
       170          0          0          0          0         96   poly.o
         0          0          8          0          0          0   qnan.o
        76          0          0          0          0         84   sqrt.o

    ----------------------------------------------------------------------
     12612        734        438          0         96       7424   Library Totals
        30          0          5          0          0          0   (incl. Padding)

    ----------------------------------------------------------------------

      Code (inc. data)   RO Data    RW Data    ZI Data      Debug   Library Name

      5764        212        193          0         96       3584   c_w.l
      4942        356          0          0          0       2884   fz_ws.l
      1876        166        240          0          0        956   m_ws.l

    ----------------------------------------------------------------------
     12612        734        438          0         96       7424   Library Totals

    ----------------------------------------------------------------------

==============================================================================


      Code (inc. data)   RO Data    RW Data    ZI Data      Debug   

     40688       4252       3928        344      20008     480746   Grand Totals
     40688       4252       3928         52      20008     480746   ELF Image Totals (compressed)
     40688       4252       3928         52          0          0   ROM Totals

==============================================================================

    Total RO  Size (Code + RO Data)                44616 (  43.57kB)
    Total RW  Size (RW Data + ZI Data)             20352 (  19.88kB)
    Total ROM Size (Code + RO Data + RW Data)      44668 (  43.62kB)

==============================================================================

